2025-06-02 22:16:38,439 - INFO - Yuxi - Loading config from saves\config\base.yaml
2025-06-02 22:16:38,974 - INFO - Yuxi - Database tables created/checked
2025-06-02 22:16:40,772 - DEBUG - Yuxi - 图数据库信息文件不存在：saves\knowledge_graph\neo4j\graph_info.json
2025-06-02 22:16:40,773 - DEBUG - Yuxi - 创建新的图数据库配置
2025-06-02 22:16:45,082 - INFO - Yuxi - WebSearcher initialized with Tavily client
2025-06-02 22:17:20,893 - ERROR - Yuxi - 获取数据库列表失败 知识库未启用, Traceback (most recent call last):
  File "E:\source\PycharmProject\LabClass\server\routers\data_router.py", line 17, in get_databases
    database = knowledge_base.get_databases()
               ^^^^^^^^^^^^^^^^^^^^^^^^^^^^^^
  File "E:\source\PycharmProject\LabClass\src\core\knowledgebase.py", line 295, in get_databases
    assert config.enable_knowledge_base, "知识库未启用"
           ^^^^^^^^^^^^^^^^^^^^^^^^^^^^
AssertionError: 知识库未启用

2025-06-02 22:17:22,721 - ERROR - Yuxi - 获取数据库列表失败 知识库未启用, Traceback (most recent call last):
  File "E:\source\PycharmProject\LabClass\server\routers\data_router.py", line 17, in get_databases
    database = knowledge_base.get_databases()
               ^^^^^^^^^^^^^^^^^^^^^^^^^^^^^^
  File "E:\source\PycharmProject\LabClass\src\core\knowledgebase.py", line 295, in get_databases
    assert config.enable_knowledge_base, "知识库未启用"
           ^^^^^^^^^^^^^^^^^^^^^^^^^^^^
AssertionError: 知识库未启用

2025-06-02 22:17:26,357 - DEBUG - Yuxi - 进入 get_experiment_record_details，整体实验ID: 1, 用户ID: 1
2025-06-02 22:17:26,362 - DEBUG - Yuxi - 实验 1 共有 3 个步骤。
2025-06-02 22:17:26,364 - DEBUG - Yuxi - 步骤 1: 未找到对应记录，默认为 'pending', 分数 0.0
2025-06-02 22:17:26,364 - DEBUG - Yuxi - 步骤 2: 未找到对应记录，默认为 'pending', 分数 0.0
2025-06-02 22:17:26,364 - DEBUG - Yuxi - 步骤 3: 找到记录 10，状态 'completed', 分数 90.0
2025-06-02 22:18:05,825 - DEBUG - Yuxi - 进入 get_experiment_record_details，整体实验ID: 1, 用户ID: 2
2025-06-02 22:18:05,830 - DEBUG - Yuxi - 实验 1 共有 3 个步骤。
2025-06-02 22:18:05,831 - DEBUG - Yuxi - 步骤 1: 未找到对应记录，默认为 'pending', 分数 0.0
2025-06-02 22:18:05,831 - DEBUG - Yuxi - 步骤 2: 未找到对应记录，默认为 'pending', 分数 0.0
2025-06-02 22:18:05,831 - DEBUG - Yuxi - 步骤 3: 未找到对应记录，默认为 'pending', 分数 0.0
2025-06-02 22:18:11,056 - INFO - Yuxi - 用户 小明 首次开始实验 基于agent的视觉推理实验，创建新记录: 11，当前步骤ID为: 3
2025-06-02 22:18:11,959 - DEBUG - Yuxi - 进入 get_experiment_record_details，整体实验ID: 1, 用户ID: 2
2025-06-02 22:18:11,960 - DEBUG - Yuxi - 实验 1 共有 3 个步骤。
2025-06-02 22:18:11,961 - DEBUG - Yuxi - 步骤 1: 未找到对应记录，默认为 'pending', 分数 0.0
2025-06-02 22:18:11,961 - DEBUG - Yuxi - 步骤 2: 未找到对应记录，默认为 'pending', 分数 0.0
2025-06-02 22:18:11,962 - DEBUG - Yuxi - 步骤 3: 找到记录 11，状态 'in_progress', 分数 0.0
2025-06-02 22:20:35,190 - INFO - Yuxi - 用户 小明 请求完成实验记录，数据: {'user_id': 2, 'experiment_id': 1, 'current_step_id': 3, 'score': 20.0}
2025-06-02 22:20:35,198 - INFO - Yuxi - 用户 小明 成功完成实验记录 11，得分: 20.0
2025-06-02 22:20:36,719 - DEBUG - Yuxi - 进入 get_experiment_record_details，整体实验ID: 1, 用户ID: 2
2025-06-02 22:20:36,720 - DEBUG - Yuxi - 实验 1 共有 3 个步骤。
2025-06-02 22:20:36,721 - DEBUG - Yuxi - 步骤 1: 未找到对应记录，默认为 'pending', 分数 0.0
2025-06-02 22:20:36,721 - DEBUG - Yuxi - 步骤 2: 未找到对应记录，默认为 'pending', 分数 0.0
2025-06-02 22:20:36,721 - DEBUG - Yuxi - 步骤 3: 找到记录 11，状态 'completed', 分数 20.0
2025-06-02 22:20:58,496 - DEBUG - Yuxi - 进入 get_experiment_record_details，整体实验ID: 1, 用户ID: 3
2025-06-02 22:20:58,498 - DEBUG - Yuxi - 实验 1 共有 3 个步骤。
2025-06-02 22:20:58,498 - DEBUG - Yuxi - 步骤 1: 未找到对应记录，默认为 'pending', 分数 0.0
2025-06-02 22:20:58,498 - DEBUG - Yuxi - 步骤 2: 未找到对应记录，默认为 'pending', 分数 0.0
2025-06-02 22:20:58,498 - DEBUG - Yuxi - 步骤 3: 未找到对应记录，默认为 'pending', 分数 0.0
2025-06-02 22:21:05,425 - DEBUG - Yuxi - 进入 get_experiment_record_details，整体实验ID: 1, 用户ID: 3
2025-06-02 22:21:05,427 - DEBUG - Yuxi - 实验 1 共有 3 个步骤。
2025-06-02 22:21:05,427 - DEBUG - Yuxi - 步骤 1: 未找到对应记录，默认为 'pending', 分数 0.0
2025-06-02 22:21:05,428 - DEBUG - Yuxi - 步骤 2: 未找到对应记录，默认为 'pending', 分数 0.0
2025-06-02 22:21:05,428 - DEBUG - Yuxi - 步骤 3: 未找到对应记录，默认为 'pending', 分数 0.0
2025-06-02 22:21:09,779 - INFO - Yuxi - 用户 小谢 首次开始实验 基于agent的视觉推理实验，创建新记录: 12，当前步骤ID为: 2
2025-06-02 22:21:11,902 - DEBUG - Yuxi - 进入 get_experiment_record_details，整体实验ID: 1, 用户ID: 3
2025-06-02 22:21:11,902 - DEBUG - Yuxi - 实验 1 共有 3 个步骤。
2025-06-02 22:21:11,902 - DEBUG - Yuxi - 步骤 1: 未找到对应记录，默认为 'pending', 分数 0.0
2025-06-02 22:21:11,906 - DEBUG - Yuxi - 步骤 2: 找到记录 12，状态 'in_progress', 分数 0.0
2025-06-02 22:21:11,906 - DEBUG - Yuxi - 步骤 3: 未找到对应记录，默认为 'pending', 分数 0.0
2025-06-02 22:23:59,320 - INFO - Yuxi - 用户 小谢 请求完成实验记录，数据: {'user_id': 3, 'experiment_id': 1, 'current_step_id': 2, 'score': 20.0}
2025-06-02 22:23:59,328 - INFO - Yuxi - 用户 小谢 成功完成实验记录 12，得分: 20.0
2025-06-02 22:24:00,828 - DEBUG - Yuxi - 进入 get_experiment_record_details，整体实验ID: 1, 用户ID: 3
2025-06-02 22:24:00,832 - DEBUG - Yuxi - 实验 1 共有 3 个步骤。
2025-06-02 22:24:00,832 - DEBUG - Yuxi - 步骤 1: 未找到对应记录，默认为 'pending', 分数 0.0
2025-06-02 22:24:00,832 - DEBUG - Yuxi - 步骤 2: 找到记录 12，状态 'completed', 分数 20.0
2025-06-02 22:24:00,832 - DEBUG - Yuxi - 步骤 3: 未找到对应记录，默认为 'pending', 分数 0.0
2025-06-02 22:24:20,645 - DEBUG - Yuxi - 进入 get_experiment_record_details，整体实验ID: 1, 用户ID: 4
2025-06-02 22:24:20,646 - DEBUG - Yuxi - 实验 1 共有 3 个步骤。
2025-06-02 22:24:20,647 - DEBUG - Yuxi - 步骤 1: 未找到对应记录，默认为 'pending', 分数 0.0
2025-06-02 22:24:20,648 - DEBUG - Yuxi - 步骤 2: 找到记录 9，状态 'in_progress', 分数 0.0
2025-06-02 22:24:20,648 - DEBUG - Yuxi - 步骤 3: 未找到对应记录，默认为 'pending', 分数 0.0
2025-06-02 22:24:36,257 - DEBUG - Yuxi - 进入 get_experiment_record_details，整体实验ID: 1, 用户ID: 2
2025-06-02 22:24:36,257 - DEBUG - Yuxi - 实验 1 共有 3 个步骤。
2025-06-02 22:24:36,257 - DEBUG - Yuxi - 步骤 1: 未找到对应记录，默认为 'pending', 分数 0.0
2025-06-02 22:24:36,257 - DEBUG - Yuxi - 步骤 2: 未找到对应记录，默认为 'pending', 分数 0.0
2025-06-02 22:24:36,257 - DEBUG - Yuxi - 步骤 3: 找到记录 11，状态 'completed', 分数 20.0
2025-06-02 22:24:54,361 - DEBUG - Yuxi - 进入 get_experiment_record_details，整体实验ID: 1, 用户ID: 3
2025-06-02 22:24:54,362 - DEBUG - Yuxi - 实验 1 共有 3 个步骤。
2025-06-02 22:24:54,362 - DEBUG - Yuxi - 步骤 1: 未找到对应记录，默认为 'pending', 分数 0.0
2025-06-02 22:24:54,362 - DEBUG - Yuxi - 步骤 2: 找到记录 12，状态 'completed', 分数 20.0
2025-06-02 22:24:54,362 - DEBUG - Yuxi - 步骤 3: 未找到对应记录，默认为 'pending', 分数 0.0
2025-06-02 22:25:10,057 - ERROR - Yuxi - 获取数据库列表失败 知识库未启用, Traceback (most recent call last):
  File "E:\source\PycharmProject\LabClass\server\routers\data_router.py", line 17, in get_databases
    database = knowledge_base.get_databases()
               ^^^^^^^^^^^^^^^^^^^^^^^^^^^^^^
  File "E:\source\PycharmProject\LabClass\src\core\knowledgebase.py", line 295, in get_databases
    assert config.enable_knowledge_base, "知识库未启用"
           ^^^^^^^^^^^^^^^^^^^^^^^^^^^^
AssertionError: 知识库未启用

2025-06-02 22:25:11,135 - ERROR - Yuxi - 获取数据库列表失败 知识库未启用, Traceback (most recent call last):
  File "E:\source\PycharmProject\LabClass\server\routers\data_router.py", line 17, in get_databases
    database = knowledge_base.get_databases()
               ^^^^^^^^^^^^^^^^^^^^^^^^^^^^^^
  File "E:\source\PycharmProject\LabClass\src\core\knowledgebase.py", line 295, in get_databases
    assert config.enable_knowledge_base, "知识库未启用"
           ^^^^^^^^^^^^^^^^^^^^^^^^^^^^
AssertionError: 知识库未启用

2025-06-02 22:25:15,249 - DEBUG - Yuxi - 进入 get_experiment_record_details，整体实验ID: 1, 用户ID: 1
2025-06-02 22:25:15,251 - DEBUG - Yuxi - 实验 1 共有 3 个步骤。
2025-06-02 22:25:15,251 - DEBUG - Yuxi - 步骤 1: 未找到对应记录，默认为 'pending', 分数 0.0
2025-06-02 22:25:15,251 - DEBUG - Yuxi - 步骤 2: 未找到对应记录，默认为 'pending', 分数 0.0
2025-06-02 22:25:15,251 - DEBUG - Yuxi - 步骤 3: 找到记录 10，状态 'completed', 分数 90.0
