2025-06-03 16:13:10,514 - INFO - Yuxi - Loading config from saves\config\base.yaml
2025-06-03 16:13:11,047 - INFO - Yuxi - Database tables created/checked
2025-06-03 16:13:12,821 - DEBUG - Yuxi - 图数据库信息文件不存在：saves\knowledge_graph\neo4j\graph_info.json
2025-06-03 16:13:12,821 - DEBUG - Yuxi - 创建新的图数据库配置
2025-06-03 16:13:17,463 - INFO - Yuxi - WebSearcher initialized with Tavily client
2025-06-03 16:13:32,537 - DEBUG - Yuxi - 进入 get_experiment_record_details，整体实验ID: 1, 用户ID: 2
2025-06-03 16:13:32,540 - DEBUG - Yuxi - 实验 1 共有 3 个步骤。
2025-06-03 16:13:32,540 - DEBUG - Yuxi - 步骤 1: 未找到对应记录，默认为 'pending', 分数 0.0
2025-06-03 16:13:32,544 - DEBUG - Yuxi - 步骤 2: 未找到对应记录，默认为 'pending', 分数 0.0
2025-06-03 16:13:32,544 - DEBUG - Yuxi - 步骤 3: 未找到对应记录，默认为 'pending', 分数 0.0
2025-06-03 16:13:36,167 - INFO - Yuxi - 用户 小明 首次开始步骤 1，创建新记录。
2025-06-03 16:13:36,173 - DEBUG - Yuxi - 返回给前端的步骤 1 记录数据: {'id': 14, 'status': 'in_progress', 'score': 0.0, 'answers': '核心家庭', 'start_time': '2025-06-03T16:13:36.167212', 'end_time': None, 'user_id': 2, 'experiment_id': 1, 'current_step_id': 1, 'explanation': '正确答案是“核心家庭”。图片描绘了一个由父母和他们的孩子组成的家庭单位，这是核心家庭的定义。选项B，“视角转换”，是一个文学术语，指改变观点。选项C，“新闻节目”，指报道时事的广播。选项D，“大家庭”，包括核心家庭以外的亲属，如祖父母、姑姑、叔叔和堂兄弟姐妹，这些都没有在图片中显示。'}
2025-06-03 16:13:37,182 - DEBUG - Yuxi - 进入 get_experiment_record_details，整体实验ID: 1, 用户ID: 2
2025-06-03 16:13:37,184 - DEBUG - Yuxi - 实验 1 共有 3 个步骤。
2025-06-03 16:13:37,184 - DEBUG - Yuxi - 步骤 1: 找到记录 14，状态 'in_progress', 分数 0.0
2025-06-03 16:13:37,184 - DEBUG - Yuxi - 步骤 2: 未找到对应记录，默认为 'pending', 分数 0.0
2025-06-03 16:13:37,184 - DEBUG - Yuxi - 步骤 3: 未找到对应记录，默认为 'pending', 分数 0.0
2025-06-03 16:18:46,251 - INFO - Yuxi - 用户 小明 请求完成实验记录，数据: {'user_id': 2, 'experiment_id': 1, 'current_step_id': 1, 'score': 90.0}
2025-06-03 16:18:46,251 - INFO - Yuxi - 用户 小明 成功完成实验记录 14，得分: 0.0
2025-06-03 16:18:49,868 - DEBUG - Yuxi - 进入 get_experiment_record_details，整体实验ID: 1, 用户ID: 2
2025-06-03 16:18:49,868 - DEBUG - Yuxi - 实验 1 共有 3 个步骤。
2025-06-03 16:18:49,869 - DEBUG - Yuxi - 步骤 1: 找到记录 14，状态 'in_progress', 分数 0.0
2025-06-03 16:18:49,869 - DEBUG - Yuxi - 步骤 2: 未找到对应记录，默认为 'pending', 分数 0.0
2025-06-03 16:18:49,869 - DEBUG - Yuxi - 步骤 3: 未找到对应记录，默认为 'pending', 分数 0.0
2025-06-03 16:19:00,693 - DEBUG - Yuxi - 进入 get_experiment_record_details，整体实验ID: 1, 用户ID: 2
2025-06-03 16:19:00,693 - DEBUG - Yuxi - 实验 1 共有 3 个步骤。
2025-06-03 16:19:00,693 - DEBUG - Yuxi - 步骤 1: 找到记录 14，状态 'in_progress', 分数 0.0
2025-06-03 16:19:00,693 - DEBUG - Yuxi - 步骤 2: 未找到对应记录，默认为 'pending', 分数 0.0
2025-06-03 16:19:00,693 - DEBUG - Yuxi - 步骤 3: 未找到对应记录，默认为 'pending', 分数 0.0
2025-06-03 16:19:05,443 - DEBUG - Yuxi - 进入 get_experiment_record_details，整体实验ID: 1, 用户ID: 2
2025-06-03 16:19:05,444 - DEBUG - Yuxi - 实验 1 共有 3 个步骤。
2025-06-03 16:19:05,444 - DEBUG - Yuxi - 步骤 1: 找到记录 14，状态 'in_progress', 分数 0.0
2025-06-03 16:19:05,444 - DEBUG - Yuxi - 步骤 2: 未找到对应记录，默认为 'pending', 分数 0.0
2025-06-03 16:19:05,444 - DEBUG - Yuxi - 步骤 3: 未找到对应记录，默认为 'pending', 分数 0.0
2025-06-03 16:19:16,938 - ERROR - Yuxi - 获取数据库列表失败 知识库未启用, Traceback (most recent call last):
  File "E:\source\PycharmProject\LabClass\server\routers\data_router.py", line 17, in get_databases
    database = knowledge_base.get_databases()
               ^^^^^^^^^^^^^^^^^^^^^^^^^^^^^^
  File "E:\source\PycharmProject\LabClass\src\core\knowledgebase.py", line 295, in get_databases
    assert config.enable_knowledge_base, "知识库未启用"
           ^^^^^^^^^^^^^^^^^^^^^^^^^^^^
AssertionError: 知识库未启用

2025-06-03 16:19:20,723 - DEBUG - Yuxi - 进入 get_experiment_record_details，整体实验ID: 1, 用户ID: 1
2025-06-03 16:19:20,725 - DEBUG - Yuxi - 实验 1 共有 3 个步骤。
2025-06-03 16:19:20,725 - DEBUG - Yuxi - 步骤 1: 找到记录 13，状态 'in_progress', 分数 0.0
2025-06-03 16:19:20,725 - DEBUG - Yuxi - 步骤 2: 未找到对应记录，默认为 'pending', 分数 0.0
2025-06-03 16:19:20,725 - DEBUG - Yuxi - 步骤 3: 未找到对应记录，默认为 'pending', 分数 0.0
2025-06-03 16:19:57,518 - INFO - Yuxi - 用户 admin 重新开始步骤 1 (记录ID: 13)。
2025-06-03 16:19:57,521 - DEBUG - Yuxi - 返回给前端的步骤 1 记录数据: {'id': 13, 'status': 'in_progress', 'score': 0.0, 'answers': '核心家庭', 'start_time': '2025-06-03T15:53:10.951244', 'end_time': None, 'user_id': 1, 'experiment_id': 1, 'current_step_id': 1, 'explanation': '正确答案是“核心家庭”。图片描绘了一个由父母和他们的孩子组成的家庭单位，这是核心家庭的定义。选项B，“视角转换”，是一个文学术语，指改变观点。选项C，“新闻节目”，指报道时事的广播。选项D，“大家庭”，包括核心家庭以外的亲属，如祖父母、姑姑、叔叔和堂兄弟姐妹，这些都没有在图片中显示。'}
2025-06-03 16:19:58,900 - DEBUG - Yuxi - 进入 get_experiment_record_details，整体实验ID: 1, 用户ID: 1
2025-06-03 16:19:58,904 - DEBUG - Yuxi - 实验 1 共有 3 个步骤。
2025-06-03 16:19:58,904 - DEBUG - Yuxi - 步骤 1: 找到记录 13，状态 'in_progress', 分数 0.0
2025-06-03 16:19:58,904 - DEBUG - Yuxi - 步骤 2: 未找到对应记录，默认为 'pending', 分数 0.0
2025-06-03 16:19:58,904 - DEBUG - Yuxi - 步骤 3: 未找到对应记录，默认为 'pending', 分数 0.0
2025-06-03 16:22:13,146 - INFO - Yuxi - 用户 admin 请求完成实验记录，数据: {'user_id': 1, 'experiment_id': 1, 'current_step_id': 1, 'score': 95.0}
2025-06-03 16:22:13,150 - INFO - Yuxi - 用户 admin 成功完成实验记录 13，得分: 0.0
2025-06-03 16:22:13,887 - DEBUG - Yuxi - 进入 get_experiment_record_details，整体实验ID: 1, 用户ID: 1
2025-06-03 16:22:13,889 - DEBUG - Yuxi - 实验 1 共有 3 个步骤。
2025-06-03 16:22:13,891 - DEBUG - Yuxi - 步骤 1: 找到记录 13，状态 'in_progress', 分数 0.0
2025-06-03 16:22:13,891 - DEBUG - Yuxi - 步骤 2: 未找到对应记录，默认为 'pending', 分数 0.0
2025-06-03 16:22:13,891 - DEBUG - Yuxi - 步骤 3: 未找到对应记录，默认为 'pending', 分数 0.0
2025-06-03 16:23:13,959 - INFO - Yuxi - 用户 admin 请求完成实验记录，数据: {'user_id': 1, 'experiment_id': 1, 'current_step_id': 1, 'score': 95.0}
2025-06-03 16:23:13,964 - INFO - Yuxi - 用户 admin 成功完成实验记录 13，得分: 0.0
