2025-06-15 11:59:52,618 - INFO - XiDian - Loading config from saves\config\base.yaml
2025-06-15 11:59:53,180 - INFO - XiDian - Database tables created/checked
2025-06-15 11:59:55,737 - DEBUG - XiDian - Loading embedding model siliconflow/BAAI/bge-m3
2025-06-15 11:59:55,800 - INFO - XiDian - Successfully connected to Milvus at http://localhost:19530
2025-06-15 11:59:55,800 - DEBUG - XiDian - 图数据库信息文件不存在：saves\knowledge_graph\neo4j\graph_info.json
2025-06-15 11:59:55,800 - DEBUG - XiDian - 创建新的图数据库配置
2025-06-15 11:59:59,684 - INFO - XiDian - WebSearcher initialized with Tavily client
2025-06-15 12:00:07,113 - DEBUG - XiDian - 进入 get_experiment_record_details，整体实验ID: 1, 用户ID: 11
2025-06-15 12:00:07,119 - DEBUG - XiDian - 实验 1 共有 10 个步骤。
2025-06-15 12:00:07,122 - DEBUG - XiDian - 步骤 1: 未找到对应记录，默认为 'pending', 分数 0.0
2025-06-15 12:00:07,122 - DEBUG - XiDian - 步骤 2: 未找到对应记录，默认为 'pending', 分数 0.0
2025-06-15 12:00:07,122 - DEBUG - XiDian - 步骤 3: 未找到对应记录，默认为 'pending', 分数 0.0
2025-06-15 12:00:07,122 - DEBUG - XiDian - 步骤 4: 未找到对应记录，默认为 'pending', 分数 0.0
2025-06-15 12:00:07,122 - DEBUG - XiDian - 步骤 5: 未找到对应记录，默认为 'pending', 分数 0.0
2025-06-15 12:00:07,122 - DEBUG - XiDian - 步骤 6: 找到记录 6，状态 'in_progress', 分数 0.0
2025-06-15 12:00:07,122 - DEBUG - XiDian - 步骤 7: 未找到对应记录，默认为 'pending', 分数 0.0
2025-06-15 12:00:07,122 - DEBUG - XiDian - 步骤 8: 未找到对应记录，默认为 'pending', 分数 0.0
2025-06-15 12:00:07,123 - DEBUG - XiDian - 步骤 9: 未找到对应记录，默认为 'pending', 分数 0.0
2025-06-15 12:00:07,123 - DEBUG - XiDian - 步骤 10: 未找到对应记录，默认为 'pending', 分数 0.0
2025-06-15 12:00:13,030 - INFO - XiDian - 用户 7 首次开始实验 1 的步骤 3，创建新记录: 7
2025-06-15 12:00:13,040 - DEBUG - XiDian - 进入 get_experiment_record_details，整体实验ID: 1, 用户ID: 11
2025-06-15 12:00:13,040 - DEBUG - XiDian - 实验 1 共有 10 个步骤。
2025-06-15 12:00:13,040 - DEBUG - XiDian - 步骤 1: 未找到对应记录，默认为 'pending', 分数 0.0
2025-06-15 12:00:13,041 - DEBUG - XiDian - 步骤 2: 未找到对应记录，默认为 'pending', 分数 0.0
2025-06-15 12:00:13,041 - DEBUG - XiDian - 步骤 3: 找到记录 7，状态 'in_progress', 分数 0.0
2025-06-15 12:00:13,041 - DEBUG - XiDian - 步骤 4: 未找到对应记录，默认为 'pending', 分数 0.0
2025-06-15 12:00:13,041 - DEBUG - XiDian - 步骤 5: 未找到对应记录，默认为 'pending', 分数 0.0
2025-06-15 12:00:13,041 - DEBUG - XiDian - 步骤 6: 找到记录 6，状态 'in_progress', 分数 0.0
2025-06-15 12:00:13,041 - DEBUG - XiDian - 步骤 7: 未找到对应记录，默认为 'pending', 分数 0.0
2025-06-15 12:00:13,041 - DEBUG - XiDian - 步骤 8: 未找到对应记录，默认为 'pending', 分数 0.0
2025-06-15 12:00:13,041 - DEBUG - XiDian - 步骤 9: 未找到对应记录，默认为 'pending', 分数 0.0
2025-06-15 12:00:13,041 - DEBUG - XiDian - 步骤 10: 未找到对应记录，默认为 'pending', 分数 0.0
2025-06-15 12:11:02,063 - INFO - XiDian - 用户 7 请求完成实验步骤记录，数据: {'user_id': 11, 'experiment_id': 1, 'current_step_id': 3, 'score': 40.0}
2025-06-15 12:11:02,074 - INFO - XiDian - 用户 7 成功完成实验步骤记录 7 (步骤: 3)，得分: 40.0
2025-06-15 12:11:03,725 - DEBUG - XiDian - 进入 get_experiment_record_details，整体实验ID: 1, 用户ID: 11
2025-06-15 12:11:03,727 - DEBUG - XiDian - 实验 1 共有 10 个步骤。
2025-06-15 12:11:03,729 - DEBUG - XiDian - 步骤 1: 未找到对应记录，默认为 'pending', 分数 0.0
2025-06-15 12:11:03,729 - DEBUG - XiDian - 步骤 2: 未找到对应记录，默认为 'pending', 分数 0.0
2025-06-15 12:11:03,730 - DEBUG - XiDian - 步骤 3: 找到记录 7，状态 'completed', 分数 40.0
2025-06-15 12:11:03,730 - DEBUG - XiDian - 步骤 4: 未找到对应记录，默认为 'pending', 分数 0.0
2025-06-15 12:11:03,730 - DEBUG - XiDian - 步骤 5: 未找到对应记录，默认为 'pending', 分数 0.0
2025-06-15 12:11:03,730 - DEBUG - XiDian - 步骤 6: 找到记录 6，状态 'in_progress', 分数 0.0
2025-06-15 12:11:03,731 - DEBUG - XiDian - 步骤 7: 未找到对应记录，默认为 'pending', 分数 0.0
2025-06-15 12:11:03,731 - DEBUG - XiDian - 步骤 8: 未找到对应记录，默认为 'pending', 分数 0.0
2025-06-15 12:11:03,731 - DEBUG - XiDian - 步骤 9: 未找到对应记录，默认为 'pending', 分数 0.0
2025-06-15 12:11:03,731 - DEBUG - XiDian - 步骤 10: 未找到对应记录，默认为 'pending', 分数 0.0
