2025-06-02 15:55:01,567 - INFO - Yuxi - Loading config from saves\config\base.yaml
2025-06-02 15:55:02,095 - INFO - Yuxi - Database tables created/checked
2025-06-02 15:55:03,900 - DEBUG - Yuxi - 图数据库信息文件不存在：saves\knowledge_graph\neo4j\graph_info.json
2025-06-02 15:55:03,900 - DEBUG - Yuxi - 创建新的图数据库配置
2025-06-02 15:55:08,421 - INFO - Yuxi - WebSearcher initialized with Tavily client
2025-06-02 15:55:12,478 - DEBUG - Yuxi - 进入 get_experiment_record_details，实验ID: 1, 用户ID: 4
2025-06-02 15:55:12,484 - DEBUG - Yuxi - 实验 1 共有 3 个步骤。
2025-06-02 15:55:12,484 - INFO - Yuxi - 用户 小刘 在实验 1 找到最新记录: ID=7, 整体状态=completed, 当前步骤ID=1
2025-06-02 15:55:12,486 - DEBUG - Yuxi - 
--- 处理步骤 1 ---
2025-06-02 15:55:12,486 - DEBUG - Yuxi - 步骤 1: 匹配 record.current_step_id 且 record.status 为 COMPLETED，设置为 completed, score=1.0。
2025-06-02 15:55:12,486 - DEBUG - Yuxi - 步骤 1 最终输出 (不含答案): status='completed', score=1.0
2025-06-02 15:55:12,486 - DEBUG - Yuxi - 
--- 处理步骤 2 ---
2025-06-02 15:55:12,486 - DEBUG - Yuxi - 步骤 2: 不匹配 record.current_step_id (1)，设置为 pending, score=0.0。
2025-06-02 15:55:12,487 - DEBUG - Yuxi - 步骤 2 最终输出 (不含答案): status='pending', score=0.0
2025-06-02 15:55:12,487 - DEBUG - Yuxi - 
--- 处理步骤 3 ---
2025-06-02 15:55:12,487 - DEBUG - Yuxi - 步骤 3: 不匹配 record.current_step_id (1)，设置为 pending, score=0.0。
2025-06-02 15:55:12,487 - DEBUG - Yuxi - 步骤 3 最终输出 (不含答案): status='pending', score=0.0
2025-06-02 15:55:12,487 - INFO - Yuxi - 用户 小刘 获取实验 1 的最新记录详情成功，记录ID: 7
2025-06-02 15:55:15,445 - INFO - Yuxi - 用户 小刘 重新开始实验 基于agent的视觉推理实验，创建新记录，当前步骤ID为: 2
2025-06-02 15:55:16,391 - DEBUG - Yuxi - 进入 get_experiment_record_details，实验ID: 1, 用户ID: 4
2025-06-02 15:55:16,393 - DEBUG - Yuxi - 实验 1 共有 3 个步骤。
2025-06-02 15:55:16,393 - INFO - Yuxi - 用户 小刘 在实验 1 找到最新记录: ID=8, 整体状态=in_progress, 当前步骤ID=2
2025-06-02 15:55:16,393 - DEBUG - Yuxi - 
--- 处理步骤 1 ---
2025-06-02 15:55:16,393 - DEBUG - Yuxi - 步骤 1: 不匹配 record.current_step_id (2)，设置为 pending, score=0.0。
2025-06-02 15:55:16,394 - DEBUG - Yuxi - 步骤 1 最终输出 (不含答案): status='pending', score=0.0
2025-06-02 15:55:16,394 - DEBUG - Yuxi - 
--- 处理步骤 2 ---
2025-06-02 15:55:16,394 - DEBUG - Yuxi - 步骤 2: 匹配 record.current_step_id 且 record.status 为 IN_PROGRESS，设置为 answering, score=0.0。
2025-06-02 15:55:16,394 - DEBUG - Yuxi - 步骤 2 最终输出 (不含答案): status='answering', score=0.0
2025-06-02 15:55:16,394 - DEBUG - Yuxi - 
--- 处理步骤 3 ---
2025-06-02 15:55:16,394 - DEBUG - Yuxi - 步骤 3: 不匹配 record.current_step_id (2)，设置为 pending, score=0.0。
2025-06-02 15:55:16,394 - DEBUG - Yuxi - 步骤 3 最终输出 (不含答案): status='pending', score=0.0
2025-06-02 15:55:16,394 - INFO - Yuxi - 用户 小刘 获取实验 1 的最新记录详情成功，记录ID: 8
2025-06-02 15:55:17,452 - DEBUG - Yuxi - 进入 get_experiment_record_details，实验ID: 1, 用户ID: 4
2025-06-02 15:55:17,453 - DEBUG - Yuxi - 实验 1 共有 3 个步骤。
2025-06-02 15:55:17,453 - INFO - Yuxi - 用户 小刘 在实验 1 找到最新记录: ID=8, 整体状态=in_progress, 当前步骤ID=2
2025-06-02 15:55:17,453 - DEBUG - Yuxi - 
--- 处理步骤 1 ---
2025-06-02 15:55:17,453 - DEBUG - Yuxi - 步骤 1: 不匹配 record.current_step_id (2)，设置为 pending, score=0.0。
2025-06-02 15:55:17,453 - DEBUG - Yuxi - 步骤 1 最终输出 (不含答案): status='pending', score=0.0
2025-06-02 15:55:17,454 - DEBUG - Yuxi - 
--- 处理步骤 2 ---
2025-06-02 15:55:17,454 - DEBUG - Yuxi - 步骤 2: 匹配 record.current_step_id 且 record.status 为 IN_PROGRESS，设置为 answering, score=0.0。
2025-06-02 15:55:17,454 - DEBUG - Yuxi - 步骤 2 最终输出 (不含答案): status='answering', score=0.0
2025-06-02 15:55:17,454 - DEBUG - Yuxi - 
--- 处理步骤 3 ---
2025-06-02 15:55:17,454 - DEBUG - Yuxi - 步骤 3: 不匹配 record.current_step_id (2)，设置为 pending, score=0.0。
2025-06-02 15:55:17,454 - DEBUG - Yuxi - 步骤 3 最终输出 (不含答案): status='pending', score=0.0
2025-06-02 15:55:17,454 - INFO - Yuxi - 用户 小刘 获取实验 1 的最新记录详情成功，记录ID: 8
2025-06-02 15:55:25,869 - INFO - Yuxi - 用户 小刘 继续实验 基于agent的视觉推理实验，更新当前步骤ID为: 3
2025-06-02 15:55:27,093 - DEBUG - Yuxi - 进入 get_experiment_record_details，实验ID: 1, 用户ID: 4
2025-06-02 15:55:27,096 - DEBUG - Yuxi - 实验 1 共有 3 个步骤。
2025-06-02 15:55:27,096 - INFO - Yuxi - 用户 小刘 在实验 1 找到最新记录: ID=8, 整体状态=in_progress, 当前步骤ID=3
2025-06-02 15:55:27,096 - DEBUG - Yuxi - 
--- 处理步骤 1 ---
2025-06-02 15:55:27,096 - DEBUG - Yuxi - 步骤 1: 不匹配 record.current_step_id (3)，设置为 pending, score=0.0。
2025-06-02 15:55:27,096 - DEBUG - Yuxi - 步骤 1 最终输出 (不含答案): status='pending', score=0.0
2025-06-02 15:55:27,096 - DEBUG - Yuxi - 
--- 处理步骤 2 ---
2025-06-02 15:55:27,096 - DEBUG - Yuxi - 步骤 2: 不匹配 record.current_step_id (3)，设置为 pending, score=0.0。
2025-06-02 15:55:27,096 - DEBUG - Yuxi - 步骤 2 最终输出 (不含答案): status='pending', score=0.0
2025-06-02 15:55:27,096 - DEBUG - Yuxi - 
--- 处理步骤 3 ---
2025-06-02 15:55:27,096 - DEBUG - Yuxi - 步骤 3: 匹配 record.current_step_id 且 record.status 为 IN_PROGRESS，设置为 answering, score=0.0。
2025-06-02 15:55:27,096 - DEBUG - Yuxi - 步骤 3 最终输出 (不含答案): status='answering', score=0.0
2025-06-02 15:55:27,096 - INFO - Yuxi - 用户 小刘 获取实验 1 的最新记录详情成功，记录ID: 8
2025-06-02 15:55:28,822 - DEBUG - Yuxi - 进入 get_experiment_record_details，实验ID: 1, 用户ID: 4
2025-06-02 15:55:28,824 - DEBUG - Yuxi - 实验 1 共有 3 个步骤。
2025-06-02 15:55:28,825 - INFO - Yuxi - 用户 小刘 在实验 1 找到最新记录: ID=8, 整体状态=in_progress, 当前步骤ID=3
2025-06-02 15:55:28,825 - DEBUG - Yuxi - 
--- 处理步骤 1 ---
2025-06-02 15:55:28,825 - DEBUG - Yuxi - 步骤 1: 不匹配 record.current_step_id (3)，设置为 pending, score=0.0。
2025-06-02 15:55:28,825 - DEBUG - Yuxi - 步骤 1 最终输出 (不含答案): status='pending', score=0.0
2025-06-02 15:55:28,825 - DEBUG - Yuxi - 
--- 处理步骤 2 ---
2025-06-02 15:55:28,825 - DEBUG - Yuxi - 步骤 2: 不匹配 record.current_step_id (3)，设置为 pending, score=0.0。
2025-06-02 15:55:28,825 - DEBUG - Yuxi - 步骤 2 最终输出 (不含答案): status='pending', score=0.0
2025-06-02 15:55:28,825 - DEBUG - Yuxi - 
--- 处理步骤 3 ---
2025-06-02 15:55:28,825 - DEBUG - Yuxi - 步骤 3: 匹配 record.current_step_id 且 record.status 为 IN_PROGRESS，设置为 answering, score=0.0。
2025-06-02 15:55:28,825 - DEBUG - Yuxi - 步骤 3 最终输出 (不含答案): status='answering', score=0.0
2025-06-02 15:55:28,826 - INFO - Yuxi - 用户 小刘 获取实验 1 的最新记录详情成功，记录ID: 8
2025-06-02 16:01:57,139 - DEBUG - Yuxi - 进入 get_experiment_record_details，实验ID: 1, 用户ID: 4
2025-06-02 16:01:57,139 - DEBUG - Yuxi - 实验 1 共有 3 个步骤。
2025-06-02 16:01:57,139 - INFO - Yuxi - 用户 小刘 在实验 1 找到最新记录: ID=8, 整体状态=in_progress, 当前步骤ID=3
2025-06-02 16:01:57,139 - DEBUG - Yuxi - 
--- 处理步骤 1 ---
2025-06-02 16:01:57,139 - DEBUG - Yuxi - 步骤 1: 不匹配 record.current_step_id (3)，设置为 pending, score=0.0。
2025-06-02 16:01:57,139 - DEBUG - Yuxi - 步骤 1 最终输出 (不含答案): status='pending', score=0.0
2025-06-02 16:01:57,139 - DEBUG - Yuxi - 
--- 处理步骤 2 ---
2025-06-02 16:01:57,139 - DEBUG - Yuxi - 步骤 2: 不匹配 record.current_step_id (3)，设置为 pending, score=0.0。
2025-06-02 16:01:57,139 - DEBUG - Yuxi - 步骤 2 最终输出 (不含答案): status='pending', score=0.0
2025-06-02 16:01:57,139 - DEBUG - Yuxi - 
--- 处理步骤 3 ---
2025-06-02 16:01:57,148 - DEBUG - Yuxi - 步骤 3: 匹配 record.current_step_id 且 record.status 为 IN_PROGRESS，设置为 answering, score=0.0。
2025-06-02 16:01:57,148 - DEBUG - Yuxi - 步骤 3 最终输出 (不含答案): status='answering', score=0.0
2025-06-02 16:01:57,148 - INFO - Yuxi - 用户 小刘 获取实验 1 的最新记录详情成功，记录ID: 8
2025-06-02 16:02:17,206 - DEBUG - Yuxi - 进入 get_experiment_record_details，实验ID: 1, 用户ID: 4
2025-06-02 16:02:17,211 - DEBUG - Yuxi - 实验 1 共有 3 个步骤。
2025-06-02 16:02:17,211 - INFO - Yuxi - 用户 小刘 在实验 1 找到最新记录: ID=8, 整体状态=in_progress, 当前步骤ID=3
2025-06-02 16:02:17,211 - DEBUG - Yuxi - 
--- 处理步骤 1 ---
2025-06-02 16:02:17,211 - DEBUG - Yuxi - 步骤 1: 不匹配 record.current_step_id (3)，设置为 pending, score=0.0。
2025-06-02 16:02:17,211 - DEBUG - Yuxi - 步骤 1 最终输出 (不含答案): status='pending', score=0.0
2025-06-02 16:02:17,211 - DEBUG - Yuxi - 
--- 处理步骤 2 ---
2025-06-02 16:02:17,211 - DEBUG - Yuxi - 步骤 2: 不匹配 record.current_step_id (3)，设置为 pending, score=0.0。
2025-06-02 16:02:17,211 - DEBUG - Yuxi - 步骤 2 最终输出 (不含答案): status='pending', score=0.0
2025-06-02 16:02:17,211 - DEBUG - Yuxi - 
--- 处理步骤 3 ---
2025-06-02 16:02:17,211 - DEBUG - Yuxi - 步骤 3: 匹配 record.current_step_id 且 record.status 为 IN_PROGRESS，设置为 answering, score=0.0。
2025-06-02 16:02:17,211 - DEBUG - Yuxi - 步骤 3 最终输出 (不含答案): status='answering', score=0.0
2025-06-02 16:02:17,211 - INFO - Yuxi - 用户 小刘 获取实验 1 的最新记录详情成功，记录ID: 8
2025-06-02 16:02:20,056 - INFO - Yuxi - 用户 小刘 继续实验 基于agent的视觉推理实验，更新当前步骤ID为: 1
2025-06-02 16:02:21,645 - DEBUG - Yuxi - 进入 get_experiment_record_details，实验ID: 1, 用户ID: 4
2025-06-02 16:02:21,647 - DEBUG - Yuxi - 实验 1 共有 3 个步骤。
2025-06-02 16:02:21,647 - INFO - Yuxi - 用户 小刘 在实验 1 找到最新记录: ID=8, 整体状态=in_progress, 当前步骤ID=1
2025-06-02 16:02:21,647 - DEBUG - Yuxi - 
--- 处理步骤 1 ---
2025-06-02 16:02:21,647 - DEBUG - Yuxi - 步骤 1: 匹配 record.current_step_id 且 record.status 为 IN_PROGRESS，设置为 answering, score=0.0。
2025-06-02 16:02:21,648 - DEBUG - Yuxi - 步骤 1 最终输出 (不含答案): status='answering', score=0.0
2025-06-02 16:02:21,648 - DEBUG - Yuxi - 
--- 处理步骤 2 ---
2025-06-02 16:02:21,648 - DEBUG - Yuxi - 步骤 2: 不匹配 record.current_step_id (1)，设置为 pending, score=0.0。
2025-06-02 16:02:21,648 - DEBUG - Yuxi - 步骤 2 最终输出 (不含答案): status='pending', score=0.0
2025-06-02 16:02:21,649 - DEBUG - Yuxi - 
--- 处理步骤 3 ---
2025-06-02 16:02:21,649 - DEBUG - Yuxi - 步骤 3: 不匹配 record.current_step_id (1)，设置为 pending, score=0.0。
2025-06-02 16:02:21,649 - DEBUG - Yuxi - 步骤 3 最终输出 (不含答案): status='pending', score=0.0
2025-06-02 16:02:21,649 - INFO - Yuxi - 用户 小刘 获取实验 1 的最新记录详情成功，记录ID: 8
2025-06-02 16:05:24,228 - INFO - Yuxi - 用户 小刘 请求完成实验记录，数据: {'user_id': 4, 'experiment_id': 1, 'current_step_id': 1, 'score': 95.0}
2025-06-02 16:05:24,243 - INFO - Yuxi - 用户 小刘 成功完成实验记录 8，得分: 95.0
2025-06-02 16:05:25,741 - DEBUG - Yuxi - 进入 get_experiment_record_details，实验ID: 1, 用户ID: 4
2025-06-02 16:05:25,743 - DEBUG - Yuxi - 实验 1 共有 3 个步骤。
2025-06-02 16:05:25,744 - INFO - Yuxi - 用户 小刘 在实验 1 找到最新记录: ID=8, 整体状态=completed, 当前步骤ID=1
2025-06-02 16:05:25,744 - DEBUG - Yuxi - 
--- 处理步骤 1 ---
2025-06-02 16:05:25,744 - DEBUG - Yuxi - 步骤 1: 匹配 record.current_step_id 且 record.status 为 COMPLETED，设置为 completed, score=95.0。
2025-06-02 16:05:25,744 - DEBUG - Yuxi - 步骤 1 最终输出 (不含答案): status='completed', score=95.0
2025-06-02 16:05:25,744 - DEBUG - Yuxi - 
--- 处理步骤 2 ---
2025-06-02 16:05:25,744 - DEBUG - Yuxi - 步骤 2: 不匹配 record.current_step_id (1)，设置为 pending, score=0.0。
2025-06-02 16:05:25,744 - DEBUG - Yuxi - 步骤 2 最终输出 (不含答案): status='pending', score=0.0
2025-06-02 16:05:25,744 - DEBUG - Yuxi - 
--- 处理步骤 3 ---
2025-06-02 16:05:25,746 - DEBUG - Yuxi - 步骤 3: 不匹配 record.current_step_id (1)，设置为 pending, score=0.0。
2025-06-02 16:05:25,746 - DEBUG - Yuxi - 步骤 3 最终输出 (不含答案): status='pending', score=0.0
2025-06-02 16:05:25,746 - INFO - Yuxi - 用户 小刘 获取实验 1 的最新记录详情成功，记录ID: 8
