2025-06-02 12:21:29,504 - INFO - Yuxi - Loading config from saves\config\base.yaml
2025-06-02 12:21:30,640 - INFO - Yuxi - Database tables created/checked
2025-06-02 12:21:32,549 - DEBUG - Yuxi - 图数据库信息文件不存在：saves\knowledge_graph\neo4j\graph_info.json
2025-06-02 12:21:32,549 - DEBUG - Yuxi - 创建新的图数据库配置
2025-06-02 12:21:37,619 - INFO - Yuxi - WebSearcher initialized with Tavily client
2025-06-02 12:21:38,578 - DEBUG - Yuxi - 进入 get_experiment_record_details，实验ID: 1, 用户ID: 1
2025-06-02 12:21:38,582 - DEBUG - Yuxi - 实验 1 共有 3 个步骤。
2025-06-02 12:21:38,592 - INFO - Yuxi - 用户 admin 在实验 1 找到最新记录: ID=1, 整体状态=in_progress, 当前步骤ID=1
2025-06-02 12:21:38,593 - DEBUG - Yuxi - 
--- 处理步骤 1 ---
2025-06-02 12:21:38,593 - DEBUG - Yuxi - 步骤 1: 匹配 record.current_step_id 且 record.status 为 IN_PROGRESS，设置为 answering, score=0.0。
2025-06-02 12:21:38,593 - DEBUG - Yuxi - 步骤 1 最终输出 (不含答案): status='answering', score=20.0
2025-06-02 12:21:38,593 - DEBUG - Yuxi - 
--- 处理步骤 2 ---
2025-06-02 12:21:38,593 - DEBUG - Yuxi - 步骤 2: 不匹配 record.current_step_id (1)，设置为 pending, score=0.0。
2025-06-02 12:21:38,593 - DEBUG - Yuxi - 步骤 2 最终输出 (不含答案): status='pending', score=0.0
2025-06-02 12:21:38,593 - DEBUG - Yuxi - 
--- 处理步骤 3 ---
2025-06-02 12:21:38,593 - DEBUG - Yuxi - 步骤 3: 不匹配 record.current_step_id (1)，设置为 pending, score=0.0。
2025-06-02 12:21:38,593 - DEBUG - Yuxi - 步骤 3 最终输出 (不含答案): status='pending', score=0.0
2025-06-02 12:21:38,593 - INFO - Yuxi - 用户 admin 获取实验 1 的最新记录详情成功，记录ID: 1
2025-06-02 12:21:45,692 - INFO - Yuxi - 用户 admin 继续实验 基于agent的视觉推理实验，更新当前步骤ID为: 3
2025-06-02 12:21:46,909 - DEBUG - Yuxi - 进入 get_experiment_record_details，实验ID: 1, 用户ID: 1
2025-06-02 12:21:46,912 - DEBUG - Yuxi - 实验 1 共有 3 个步骤。
2025-06-02 12:21:46,912 - INFO - Yuxi - 用户 admin 在实验 1 找到最新记录: ID=1, 整体状态=in_progress, 当前步骤ID=3
2025-06-02 12:21:46,913 - DEBUG - Yuxi - 
--- 处理步骤 1 ---
2025-06-02 12:21:46,913 - DEBUG - Yuxi - 步骤 1: 不匹配 record.current_step_id (3)，设置为 pending, score=0.0。
2025-06-02 12:21:46,913 - DEBUG - Yuxi - 步骤 1 最终输出 (不含答案): status='pending', score=0.0
2025-06-02 12:21:46,913 - DEBUG - Yuxi - 
--- 处理步骤 2 ---
2025-06-02 12:21:46,913 - DEBUG - Yuxi - 步骤 2: 不匹配 record.current_step_id (3)，设置为 pending, score=0.0。
2025-06-02 12:21:46,913 - DEBUG - Yuxi - 步骤 2 最终输出 (不含答案): status='pending', score=0.0
2025-06-02 12:21:46,914 - DEBUG - Yuxi - 
--- 处理步骤 3 ---
2025-06-02 12:21:46,914 - DEBUG - Yuxi - 步骤 3: 匹配 record.current_step_id 且 record.status 为 IN_PROGRESS，设置为 answering, score=0.0。
2025-06-02 12:21:46,914 - DEBUG - Yuxi - 步骤 3 最终输出 (不含答案): status='answering', score=20.0
2025-06-02 12:21:46,914 - INFO - Yuxi - 用户 admin 获取实验 1 的最新记录详情成功，记录ID: 1
2025-06-02 14:02:28,238 - DEBUG - Yuxi - 进入 get_experiment_record_details，实验ID: 1, 用户ID: 1
2025-06-02 14:02:28,240 - DEBUG - Yuxi - 实验 1 共有 3 个步骤。
2025-06-02 14:02:28,241 - INFO - Yuxi - 用户 admin 在实验 1 找到最新记录: ID=1, 整体状态=in_progress, 当前步骤ID=3
2025-06-02 14:02:28,241 - DEBUG - Yuxi - 
--- 处理步骤 1 ---
2025-06-02 14:02:28,242 - DEBUG - Yuxi - 步骤 1: 不匹配 record.current_step_id (3)，设置为 pending, score=0.0。
2025-06-02 14:02:28,242 - DEBUG - Yuxi - 步骤 1 最终输出 (不含答案): status='pending', score=0.0
2025-06-02 14:02:28,242 - DEBUG - Yuxi - 
--- 处理步骤 2 ---
2025-06-02 14:02:28,242 - DEBUG - Yuxi - 步骤 2: 不匹配 record.current_step_id (3)，设置为 pending, score=0.0。
2025-06-02 14:02:28,242 - DEBUG - Yuxi - 步骤 2 最终输出 (不含答案): status='pending', score=0.0
2025-06-02 14:02:28,242 - DEBUG - Yuxi - 
--- 处理步骤 3 ---
2025-06-02 14:02:28,242 - DEBUG - Yuxi - 步骤 3: 匹配 record.current_step_id 且 record.status 为 IN_PROGRESS，设置为 answering, score=0.0。
2025-06-02 14:02:28,243 - DEBUG - Yuxi - 步骤 3 最终输出 (不含答案): status='answering', score=20.0
2025-06-02 14:02:28,243 - INFO - Yuxi - 用户 admin 获取实验 1 的最新记录详情成功，记录ID: 1
2025-06-02 14:02:30,388 - INFO - Yuxi - 用户 admin 继续实验 基于agent的视觉推理实验，更新当前步骤ID为: 1
2025-06-02 14:02:32,070 - DEBUG - Yuxi - 进入 get_experiment_record_details，实验ID: 1, 用户ID: 1
2025-06-02 14:02:32,071 - DEBUG - Yuxi - 实验 1 共有 3 个步骤。
2025-06-02 14:02:32,071 - INFO - Yuxi - 用户 admin 在实验 1 找到最新记录: ID=1, 整体状态=in_progress, 当前步骤ID=1
2025-06-02 14:02:32,076 - DEBUG - Yuxi - 
--- 处理步骤 1 ---
2025-06-02 14:02:32,076 - DEBUG - Yuxi - 步骤 1: 匹配 record.current_step_id 且 record.status 为 IN_PROGRESS，设置为 answering, score=0.0。
2025-06-02 14:02:32,076 - DEBUG - Yuxi - 步骤 1 最终输出 (不含答案): status='answering', score=20.0
2025-06-02 14:02:32,076 - DEBUG - Yuxi - 
--- 处理步骤 2 ---
2025-06-02 14:02:32,076 - DEBUG - Yuxi - 步骤 2: 不匹配 record.current_step_id (1)，设置为 pending, score=0.0。
2025-06-02 14:02:32,076 - DEBUG - Yuxi - 步骤 2 最终输出 (不含答案): status='pending', score=0.0
2025-06-02 14:02:32,076 - DEBUG - Yuxi - 
--- 处理步骤 3 ---
2025-06-02 14:02:32,076 - DEBUG - Yuxi - 步骤 3: 不匹配 record.current_step_id (1)，设置为 pending, score=0.0。
2025-06-02 14:02:32,076 - DEBUG - Yuxi - 步骤 3 最终输出 (不含答案): status='pending', score=0.0
2025-06-02 14:02:32,076 - INFO - Yuxi - 用户 admin 获取实验 1 的最新记录详情成功，记录ID: 1
2025-06-02 14:03:05,513 - DEBUG - Yuxi - 进入 get_experiment_record_details，实验ID: 1, 用户ID: 1
2025-06-02 14:03:05,515 - DEBUG - Yuxi - 实验 1 共有 3 个步骤。
2025-06-02 14:03:05,516 - INFO - Yuxi - 用户 admin 在实验 1 找到最新记录: ID=1, 整体状态=in_progress, 当前步骤ID=1
2025-06-02 14:03:05,516 - DEBUG - Yuxi - 
--- 处理步骤 1 ---
2025-06-02 14:03:05,516 - DEBUG - Yuxi - 步骤 1: 匹配 record.current_step_id 且 record.status 为 IN_PROGRESS，设置为 answering, score=0.0。
2025-06-02 14:03:05,516 - DEBUG - Yuxi - 步骤 1 最终输出 (不含答案): status='answering', score=20.0
2025-06-02 14:03:05,516 - DEBUG - Yuxi - 
--- 处理步骤 2 ---
2025-06-02 14:03:05,516 - DEBUG - Yuxi - 步骤 2: 不匹配 record.current_step_id (1)，设置为 pending, score=0.0。
2025-06-02 14:03:05,517 - DEBUG - Yuxi - 步骤 2 最终输出 (不含答案): status='pending', score=0.0
2025-06-02 14:03:05,517 - DEBUG - Yuxi - 
--- 处理步骤 3 ---
2025-06-02 14:03:05,517 - DEBUG - Yuxi - 步骤 3: 不匹配 record.current_step_id (1)，设置为 pending, score=0.0。
2025-06-02 14:03:05,517 - DEBUG - Yuxi - 步骤 3 最终输出 (不含答案): status='pending', score=0.0
2025-06-02 14:03:05,517 - INFO - Yuxi - 用户 admin 获取实验 1 的最新记录详情成功，记录ID: 1
2025-06-02 14:03:08,368 - INFO - Yuxi - 用户 admin 继续实验 基于agent的视觉推理实验，更新当前步骤ID为: 2
2025-06-02 14:03:09,413 - DEBUG - Yuxi - 进入 get_experiment_record_details，实验ID: 1, 用户ID: 1
2025-06-02 14:03:09,416 - DEBUG - Yuxi - 实验 1 共有 3 个步骤。
2025-06-02 14:03:09,417 - INFO - Yuxi - 用户 admin 在实验 1 找到最新记录: ID=1, 整体状态=in_progress, 当前步骤ID=2
2025-06-02 14:03:09,417 - DEBUG - Yuxi - 
--- 处理步骤 1 ---
2025-06-02 14:03:09,417 - DEBUG - Yuxi - 步骤 1: 不匹配 record.current_step_id (2)，设置为 pending, score=0.0。
2025-06-02 14:03:09,417 - DEBUG - Yuxi - 步骤 1 最终输出 (不含答案): status='pending', score=0.0
2025-06-02 14:03:09,417 - DEBUG - Yuxi - 
--- 处理步骤 2 ---
2025-06-02 14:03:09,418 - DEBUG - Yuxi - 步骤 2: 匹配 record.current_step_id 且 record.status 为 IN_PROGRESS，设置为 answering, score=0.0。
2025-06-02 14:03:09,418 - DEBUG - Yuxi - 步骤 2 最终输出 (不含答案): status='answering', score=20.0
2025-06-02 14:03:09,418 - DEBUG - Yuxi - 
--- 处理步骤 3 ---
2025-06-02 14:03:09,418 - DEBUG - Yuxi - 步骤 3: 不匹配 record.current_step_id (2)，设置为 pending, score=0.0。
2025-06-02 14:03:09,418 - DEBUG - Yuxi - 步骤 3 最终输出 (不含答案): status='pending', score=0.0
2025-06-02 14:03:09,418 - INFO - Yuxi - 用户 admin 获取实验 1 的最新记录详情成功，记录ID: 1
