2025-07-21 16:55:54,360 - INFO - XiDian - Loading config from saves\config\base.yaml
2025-07-21 16:55:55,085 - INFO - XiDian - Database tables created/checked
2025-07-21 16:55:58,405 - DEBUG - XiDian - Loading embedding model local/BAAI/bge-m3
2025-07-21 16:55:58,405 - INFO - XiDian - Loading local model `BAAI/bge-m3` from `BAAI/bge-m3` with device `cuda`
2025-07-21 16:55:58,405 - DEBUG - XiDian - 如果没配置任何路径的话，正常情况下会自动从 Huggingface 下载模型，如果遇到下载失败，可以尝试使用 HF_MIRROR 环境变量；如果还是不行，建议手动下载到某个文件夹，比如  /models/BAAI/bge-m3 目录下；
2025-07-21 16:58:23,337 - INFO - XiDian - Embedding model BAAI/bge-m3 loaded, self.model=HuggingFaceEmbeddings(model_name='BAAI/bge-m3', cache_folder=None, model_kwargs={'device': 'cuda'}, encode_kwargs={'normalize_embeddings': True, 'prompt_name': None}, query_encode_kwargs={}, multi_process=False, show_progress=False)
2025-07-21 16:58:23,537 - INFO - XiDian - Successfully connected to Milvus at http://localhost:19530
2025-07-21 16:58:23,538 - DEBUG - XiDian - 图数据库信息文件不存在：saves\knowledge_graph\neo4j\graph_info.json
2025-07-21 16:58:23,538 - DEBUG - XiDian - 创建新的图数据库配置
2025-07-21 16:58:23,555 - INFO - XiDian - WebSearcher initialized with Tavily client
2025-07-21 16:58:23,717 - WARNING - XiDian - 无法将知识库 实验课 转换为 Tools, 因为向量模型不匹配，当前向量模型: local/BAAI/bge-m3，知识库向量模型: siliconflow/BAAI/bge-m3。
2025-07-21 16:59:17,964 - DEBUG - XiDian - 进入 get_experiment_record_details，整体实验ID: 1, 用户ID: 1
2025-07-21 16:59:17,968 - DEBUG - XiDian - 实验 1 共有 10 个步骤。
2025-07-21 16:59:17,969 - DEBUG - XiDian - 步骤 1: 找到记录 3，状态 'completed', 分数 95.0
2025-07-21 16:59:17,969 - DEBUG - XiDian - 步骤 2: 找到记录 5，状态 'in_progress', 分数 0.0
2025-07-21 16:59:17,969 - DEBUG - XiDian - 步骤 3: 未找到对应记录，默认为 'pending', 分数 0.0
2025-07-21 16:59:17,969 - DEBUG - XiDian - 步骤 4: 找到记录 1，状态 'completed', 分数 90.0
2025-07-21 16:59:17,970 - DEBUG - XiDian - 步骤 5: 未找到对应记录，默认为 'pending', 分数 0.0
2025-07-21 16:59:17,970 - DEBUG - XiDian - 步骤 6: 未找到对应记录，默认为 'pending', 分数 0.0
2025-07-21 16:59:17,970 - DEBUG - XiDian - 步骤 7: 未找到对应记录，默认为 'pending', 分数 0.0
2025-07-21 16:59:17,970 - DEBUG - XiDian - 步骤 8: 找到记录 12，状态 'in_progress', 分数 0.0
2025-07-21 16:59:17,970 - DEBUG - XiDian - 步骤 9: 找到记录 11，状态 'in_progress', 分数 0.0
2025-07-21 16:59:17,970 - DEBUG - XiDian - 步骤 10: 未找到对应记录，默认为 'pending', 分数 0.0
2025-07-21 16:59:29,715 - DEBUG - XiDian - 进入 get_experiment_record_details，整体实验ID: 1, 用户ID: 1
2025-07-21 16:59:29,717 - DEBUG - XiDian - 实验 1 共有 10 个步骤。
2025-07-21 16:59:29,718 - DEBUG - XiDian - 步骤 1: 找到记录 3，状态 'completed', 分数 95.0
2025-07-21 16:59:29,718 - DEBUG - XiDian - 步骤 2: 找到记录 5，状态 'in_progress', 分数 0.0
2025-07-21 16:59:29,718 - DEBUG - XiDian - 步骤 3: 未找到对应记录，默认为 'pending', 分数 0.0
2025-07-21 16:59:29,718 - DEBUG - XiDian - 步骤 4: 找到记录 1，状态 'completed', 分数 90.0
2025-07-21 16:59:29,718 - DEBUG - XiDian - 步骤 5: 未找到对应记录，默认为 'pending', 分数 0.0
2025-07-21 16:59:29,718 - DEBUG - XiDian - 步骤 6: 未找到对应记录，默认为 'pending', 分数 0.0
2025-07-21 16:59:29,718 - DEBUG - XiDian - 步骤 7: 未找到对应记录，默认为 'pending', 分数 0.0
2025-07-21 16:59:29,718 - DEBUG - XiDian - 步骤 8: 找到记录 12，状态 'in_progress', 分数 0.0
2025-07-21 16:59:29,719 - DEBUG - XiDian - 步骤 9: 找到记录 11，状态 'in_progress', 分数 0.0
2025-07-21 16:59:29,719 - DEBUG - XiDian - 步骤 10: 未找到对应记录，默认为 'pending', 分数 0.0
2025-07-21 16:59:38,337 - DEBUG - XiDian - 进入 get_experiment_record_details，整体实验ID: 1, 用户ID: 1
2025-07-21 16:59:38,338 - DEBUG - XiDian - 实验 1 共有 10 个步骤。
2025-07-21 16:59:38,339 - DEBUG - XiDian - 步骤 1: 找到记录 3，状态 'completed', 分数 95.0
2025-07-21 16:59:38,339 - DEBUG - XiDian - 步骤 2: 找到记录 5，状态 'in_progress', 分数 0.0
2025-07-21 16:59:38,339 - DEBUG - XiDian - 步骤 3: 未找到对应记录，默认为 'pending', 分数 0.0
2025-07-21 16:59:38,339 - DEBUG - XiDian - 步骤 4: 找到记录 1，状态 'completed', 分数 90.0
2025-07-21 16:59:38,340 - DEBUG - XiDian - 步骤 5: 未找到对应记录，默认为 'pending', 分数 0.0
2025-07-21 16:59:38,340 - DEBUG - XiDian - 步骤 6: 未找到对应记录，默认为 'pending', 分数 0.0
2025-07-21 16:59:38,340 - DEBUG - XiDian - 步骤 7: 未找到对应记录，默认为 'pending', 分数 0.0
2025-07-21 16:59:38,340 - DEBUG - XiDian - 步骤 8: 找到记录 12，状态 'in_progress', 分数 0.0
2025-07-21 16:59:38,340 - DEBUG - XiDian - 步骤 9: 找到记录 11，状态 'in_progress', 分数 0.0
2025-07-21 16:59:38,340 - DEBUG - XiDian - 步骤 10: 未找到对应记录，默认为 'pending', 分数 0.0
2025-07-21 17:00:48,252 - INFO - XiDian - 用户 admin 首次开始实验 1 的步骤 3，创建新记录: 14
2025-07-21 17:00:48,505 - DEBUG - XiDian - 进入 get_experiment_record_details，整体实验ID: 1, 用户ID: 1
2025-07-21 17:00:48,506 - DEBUG - XiDian - 实验 1 共有 10 个步骤。
2025-07-21 17:00:48,507 - DEBUG - XiDian - 步骤 1: 找到记录 3，状态 'completed', 分数 95.0
2025-07-21 17:00:48,507 - DEBUG - XiDian - 步骤 2: 找到记录 5，状态 'in_progress', 分数 0.0
2025-07-21 17:00:48,507 - DEBUG - XiDian - 步骤 3: 找到记录 14，状态 'in_progress', 分数 0.0
2025-07-21 17:00:48,507 - DEBUG - XiDian - 步骤 4: 找到记录 1，状态 'completed', 分数 90.0
2025-07-21 17:00:48,507 - DEBUG - XiDian - 步骤 5: 未找到对应记录，默认为 'pending', 分数 0.0
2025-07-21 17:00:48,507 - DEBUG - XiDian - 步骤 6: 未找到对应记录，默认为 'pending', 分数 0.0
2025-07-21 17:00:48,507 - DEBUG - XiDian - 步骤 7: 未找到对应记录，默认为 'pending', 分数 0.0
2025-07-21 17:00:48,507 - DEBUG - XiDian - 步骤 8: 找到记录 12，状态 'in_progress', 分数 0.0
2025-07-21 17:00:48,507 - DEBUG - XiDian - 步骤 9: 找到记录 11，状态 'in_progress', 分数 0.0
2025-07-21 17:00:48,507 - DEBUG - XiDian - 步骤 10: 未找到对应记录，默认为 'pending', 分数 0.0
2025-07-21 17:00:49,658 - DEBUG - XiDian - 进入 get_experiment_record_details，整体实验ID: 1, 用户ID: 1
2025-07-21 17:00:49,659 - DEBUG - XiDian - 实验 1 共有 10 个步骤。
2025-07-21 17:00:49,660 - DEBUG - XiDian - 步骤 1: 找到记录 3，状态 'completed', 分数 95.0
2025-07-21 17:00:49,660 - DEBUG - XiDian - 步骤 2: 找到记录 5，状态 'in_progress', 分数 0.0
2025-07-21 17:00:49,660 - DEBUG - XiDian - 步骤 3: 找到记录 14，状态 'in_progress', 分数 0.0
2025-07-21 17:00:49,660 - DEBUG - XiDian - 步骤 4: 找到记录 1，状态 'completed', 分数 90.0
2025-07-21 17:00:49,660 - DEBUG - XiDian - 步骤 5: 未找到对应记录，默认为 'pending', 分数 0.0
2025-07-21 17:00:49,660 - DEBUG - XiDian - 步骤 6: 未找到对应记录，默认为 'pending', 分数 0.0
2025-07-21 17:00:49,660 - DEBUG - XiDian - 步骤 7: 未找到对应记录，默认为 'pending', 分数 0.0
2025-07-21 17:00:49,661 - DEBUG - XiDian - 步骤 8: 找到记录 12，状态 'in_progress', 分数 0.0
2025-07-21 17:00:49,661 - DEBUG - XiDian - 步骤 9: 找到记录 11，状态 'in_progress', 分数 0.0
2025-07-21 17:00:49,661 - DEBUG - XiDian - 步骤 10: 未找到对应记录，默认为 'pending', 分数 0.0
2025-07-21 17:00:55,105 - INFO - XiDian - 用户 admin 继续进行中的步骤 2 (记录 5)。
2025-07-21 17:00:55,361 - DEBUG - XiDian - 进入 get_experiment_record_details，整体实验ID: 1, 用户ID: 1
2025-07-21 17:00:55,362 - DEBUG - XiDian - 实验 1 共有 10 个步骤。
2025-07-21 17:00:55,363 - DEBUG - XiDian - 步骤 1: 找到记录 3，状态 'completed', 分数 95.0
2025-07-21 17:00:55,363 - DEBUG - XiDian - 步骤 2: 找到记录 5，状态 'in_progress', 分数 0.0
2025-07-21 17:00:55,363 - DEBUG - XiDian - 步骤 3: 找到记录 14，状态 'in_progress', 分数 0.0
2025-07-21 17:00:55,363 - DEBUG - XiDian - 步骤 4: 找到记录 1，状态 'completed', 分数 90.0
2025-07-21 17:00:55,363 - DEBUG - XiDian - 步骤 5: 未找到对应记录，默认为 'pending', 分数 0.0
2025-07-21 17:00:55,363 - DEBUG - XiDian - 步骤 6: 未找到对应记录，默认为 'pending', 分数 0.0
2025-07-21 17:00:55,364 - DEBUG - XiDian - 步骤 7: 未找到对应记录，默认为 'pending', 分数 0.0
2025-07-21 17:00:55,364 - DEBUG - XiDian - 步骤 8: 找到记录 12，状态 'in_progress', 分数 0.0
2025-07-21 17:00:55,364 - DEBUG - XiDian - 步骤 9: 找到记录 11，状态 'in_progress', 分数 0.0
2025-07-21 17:00:55,364 - DEBUG - XiDian - 步骤 10: 未找到对应记录，默认为 'pending', 分数 0.0
2025-07-21 17:00:59,307 - DEBUG - XiDian - 进入 get_experiment_record_details，整体实验ID: 1, 用户ID: 1
2025-07-21 17:00:59,308 - DEBUG - XiDian - 实验 1 共有 10 个步骤。
2025-07-21 17:00:59,309 - DEBUG - XiDian - 步骤 1: 找到记录 3，状态 'completed', 分数 95.0
2025-07-21 17:00:59,309 - DEBUG - XiDian - 步骤 2: 找到记录 5，状态 'in_progress', 分数 0.0
2025-07-21 17:00:59,309 - DEBUG - XiDian - 步骤 3: 找到记录 14，状态 'in_progress', 分数 0.0
2025-07-21 17:00:59,309 - DEBUG - XiDian - 步骤 4: 找到记录 1，状态 'completed', 分数 90.0
2025-07-21 17:00:59,309 - DEBUG - XiDian - 步骤 5: 未找到对应记录，默认为 'pending', 分数 0.0
2025-07-21 17:00:59,309 - DEBUG - XiDian - 步骤 6: 未找到对应记录，默认为 'pending', 分数 0.0
2025-07-21 17:00:59,310 - DEBUG - XiDian - 步骤 7: 未找到对应记录，默认为 'pending', 分数 0.0
2025-07-21 17:00:59,310 - DEBUG - XiDian - 步骤 8: 找到记录 12，状态 'in_progress', 分数 0.0
2025-07-21 17:00:59,310 - DEBUG - XiDian - 步骤 9: 找到记录 11，状态 'in_progress', 分数 0.0
2025-07-21 17:00:59,310 - DEBUG - XiDian - 步骤 10: 未找到对应记录，默认为 'pending', 分数 0.0
