2025-05-30 16:56:52,635 - INFO - Yuxi - Loading config from saves\config\base.yaml
2025-05-30 16:56:53,208 - INFO - Yuxi - Database tables created/checked
2025-05-30 16:56:55,014 - DEBUG - Yuxi - 图数据库信息文件不存在：saves\knowledge_graph\neo4j\graph_info.json
2025-05-30 16:56:55,014 - DEBUG - Yuxi - 创建新的图数据库配置
2025-05-30 16:56:59,776 - INFO - Yuxi - WebSearcher initialized with Tavily client
2025-05-30 16:57:18,990 - DEBUG - Yuxi - 进入 get_experiment_record_details，实验ID: 1, 用户ID: 3
2025-05-30 16:57:20,007 - DEBUG - Yuxi - 进入 get_experiment_record_details，实验ID: 1, 用户ID: 3
2025-05-30 16:57:20,464 - DEBUG - Yuxi - 进入 get_experiment_record_details，实验ID: 1, 用户ID: 3
2025-05-30 16:57:21,116 - DEBUG - Yuxi - 进入 get_experiment_record_details，实验ID: 1, 用户ID: 3
2025-05-30 16:57:39,100 - DEBUG - Yuxi - 进入 get_experiment_record_details，实验ID: 1, 用户ID: 3
2025-05-30 16:58:09,821 - DEBUG - Yuxi - 进入 get_experiment_record_details，实验ID: 1, 用户ID: 2
2025-05-30 16:58:09,825 - DEBUG - Yuxi - 实验 1 共有 2 个步骤。
2025-05-30 16:58:09,825 - INFO - Yuxi - 用户 小明 在实验 1 找到最新记录: ID=2, 整体状态=in_progress, 当前步骤ID=1
2025-05-30 16:58:09,826 - DEBUG - Yuxi - 
--- 处理步骤 1 ---
2025-05-30 16:58:09,826 - DEBUG - Yuxi - 步骤 1: 匹配 record.current_step_id 且 record.status 为 IN_PROGRESS，设置为 answering, score=0.0。
2025-05-30 16:58:33,386 - ERROR - Yuxi - 获取数据库列表失败 知识库未启用, Traceback (most recent call last):
  File "E:\source\PycharmProject\LabClass\server\routers\data_router.py", line 17, in get_databases
    database = knowledge_base.get_databases()
               ^^^^^^^^^^^^^^^^^^^^^^^^^^^^^^
  File "E:\source\PycharmProject\LabClass\src\core\knowledgebase.py", line 295, in get_databases
    assert config.enable_knowledge_base, "知识库未启用"
           ^^^^^^^^^^^^^^^^^^^^^^^^^^^^
AssertionError: 知识库未启用

2025-05-30 16:58:37,318 - DEBUG - Yuxi - 进入 get_experiment_record_details，实验ID: 1, 用户ID: 1
2025-05-30 16:58:37,320 - DEBUG - Yuxi - 实验 1 共有 2 个步骤。
2025-05-30 16:58:37,320 - INFO - Yuxi - 用户 admin 在实验 1 找到最新记录: ID=4, 整体状态=in_progress, 当前步骤ID=2
2025-05-30 16:58:37,323 - DEBUG - Yuxi - 
--- 处理步骤 1 ---
2025-05-30 16:58:37,323 - DEBUG - Yuxi - 步骤 1: 不匹配 record.current_step_id (2)，设置为 pending, score=0.0。
2025-05-30 16:58:37,324 - DEBUG - Yuxi - 步骤 1 最终输出 (不含答案): status='pending', score=0.0
2025-05-30 16:58:37,324 - DEBUG - Yuxi - 
--- 处理步骤 2 ---
2025-05-30 16:58:37,325 - DEBUG - Yuxi - 步骤 2: 匹配 record.current_step_id 且 record.status 为 IN_PROGRESS，设置为 answering, score=0.0。
2025-05-30 16:58:39,034 - DEBUG - Yuxi - 进入 get_experiment_record_details，实验ID: 1, 用户ID: 1
2025-05-30 16:58:39,036 - DEBUG - Yuxi - 实验 1 共有 2 个步骤。
2025-05-30 16:58:39,037 - INFO - Yuxi - 用户 admin 在实验 1 找到最新记录: ID=4, 整体状态=in_progress, 当前步骤ID=2
2025-05-30 16:58:39,037 - DEBUG - Yuxi - 
--- 处理步骤 1 ---
2025-05-30 16:58:39,037 - DEBUG - Yuxi - 步骤 1: 不匹配 record.current_step_id (2)，设置为 pending, score=0.0。
2025-05-30 16:58:39,037 - DEBUG - Yuxi - 步骤 1 最终输出 (不含答案): status='pending', score=0.0
2025-05-30 16:58:39,038 - DEBUG - Yuxi - 
--- 处理步骤 2 ---
2025-05-30 16:58:39,038 - DEBUG - Yuxi - 步骤 2: 匹配 record.current_step_id 且 record.status 为 IN_PROGRESS，设置为 answering, score=0.0。
2025-05-30 16:58:39,191 - DEBUG - Yuxi - 进入 get_experiment_record_details，实验ID: 1, 用户ID: 1
2025-05-30 16:58:39,193 - DEBUG - Yuxi - 实验 1 共有 2 个步骤。
2025-05-30 16:58:39,193 - INFO - Yuxi - 用户 admin 在实验 1 找到最新记录: ID=4, 整体状态=in_progress, 当前步骤ID=2
2025-05-30 16:58:39,194 - DEBUG - Yuxi - 
--- 处理步骤 1 ---
2025-05-30 16:58:39,194 - DEBUG - Yuxi - 步骤 1: 不匹配 record.current_step_id (2)，设置为 pending, score=0.0。
2025-05-30 16:58:39,194 - DEBUG - Yuxi - 步骤 1 最终输出 (不含答案): status='pending', score=0.0
2025-05-30 16:58:39,194 - DEBUG - Yuxi - 
--- 处理步骤 2 ---
2025-05-30 16:58:39,195 - DEBUG - Yuxi - 步骤 2: 匹配 record.current_step_id 且 record.status 为 IN_PROGRESS，设置为 answering, score=0.0。
