2025-05-29 04:04:13,450 - INFO - Yuxi - Loading config from saves\config\base.yaml
2025-05-29 04:04:14,238 - INFO - Yuxi - Database tables created/checked
2025-05-29 04:04:17,120 - DEBUG - Yuxi - 图数据库信息文件不存在：saves\knowledge_graph\neo4j\graph_info.json
2025-05-29 04:04:17,121 - DEBUG - Yuxi - 创建新的图数据库配置
2025-05-29 04:04:23,936 - INFO - Yuxi - WebSearcher initialized with Tavily client
2025-05-29 04:04:29,769 - ERROR - Yuxi - 获取数据库列表失败 知识库未启用, Traceback (most recent call last):
  File "E:\source\PycharmProject\LabClass\server\routers\data_router.py", line 17, in get_databases
    database = knowledge_base.get_databases()
               ^^^^^^^^^^^^^^^^^^^^^^^^^^^^^^
  File "E:\source\PycharmProject\LabClass\src\core\knowledgebase.py", line 295, in get_databases
    assert config.enable_knowledge_base, "知识库未启用"
           ^^^^^^^^^^^^^^^^^^^^^^^^^^^^
AssertionError: 知识库未启用

2025-05-29 04:04:34,721 - INFO - Yuxi - 用户 admin 继续实验 基于agent的视觉推理实验
2025-05-29 04:04:34,738 - INFO - Yuxi - 用户 admin 获取实验 1 的所有步骤 (包含答案: False)
2025-05-29 04:07:09,894 - ERROR - Yuxi - 获取数据库列表失败 知识库未启用, Traceback (most recent call last):
  File "E:\source\PycharmProject\LabClass\server\routers\data_router.py", line 17, in get_databases
    database = knowledge_base.get_databases()
               ^^^^^^^^^^^^^^^^^^^^^^^^^^^^^^
  File "E:\source\PycharmProject\LabClass\src\core\knowledgebase.py", line 295, in get_databases
    assert config.enable_knowledge_base, "知识库未启用"
           ^^^^^^^^^^^^^^^^^^^^^^^^^^^^
AssertionError: 知识库未启用

2025-05-29 04:07:15,129 - INFO - Yuxi - 用户 admin 继续实验 基于agent的视觉推理实验
2025-05-29 04:07:15,143 - INFO - Yuxi - 用户 admin 获取实验 1 的所有步骤 (包含答案: False)
2025-05-29 04:11:18,911 - ERROR - Yuxi - 获取数据库列表失败 知识库未启用, Traceback (most recent call last):
  File "E:\source\PycharmProject\LabClass\server\routers\data_router.py", line 17, in get_databases
    database = knowledge_base.get_databases()
               ^^^^^^^^^^^^^^^^^^^^^^^^^^^^^^
  File "E:\source\PycharmProject\LabClass\src\core\knowledgebase.py", line 295, in get_databases
    assert config.enable_knowledge_base, "知识库未启用"
           ^^^^^^^^^^^^^^^^^^^^^^^^^^^^
AssertionError: 知识库未启用

2025-05-29 04:11:27,763 - INFO - Yuxi - 用户 admin 继续实验 基于agent的视觉推理实验
2025-05-29 04:11:27,785 - INFO - Yuxi - 用户 admin 获取实验 1 的所有步骤 (包含答案: False)
