2025-06-02 15:38:03,500 - INFO - Yuxi - Loading config from saves\config\base.yaml
2025-06-02 15:38:04,081 - INFO - Yuxi - Database tables created/checked
2025-06-02 15:38:05,856 - DEBUG - Yuxi - 图数据库信息文件不存在：saves\knowledge_graph\neo4j\graph_info.json
2025-06-02 15:38:05,856 - DEBUG - Yuxi - 创建新的图数据库配置
2025-06-02 15:38:10,150 - INFO - Yuxi - WebSearcher initialized with Tavily client
2025-06-02 15:38:34,614 - ERROR - Yuxi - 获取数据库列表失败 知识库未启用, Traceback (most recent call last):
  File "E:\source\PycharmProject\LabClass\server\routers\data_router.py", line 17, in get_databases
    database = knowledge_base.get_databases()
               ^^^^^^^^^^^^^^^^^^^^^^^^^^^^^^
  File "E:\source\PycharmProject\LabClass\src\core\knowledgebase.py", line 295, in get_databases
    assert config.enable_knowledge_base, "知识库未启用"
           ^^^^^^^^^^^^^^^^^^^^^^^^^^^^
AssertionError: 知识库未启用

2025-06-02 15:38:41,073 - DEBUG - Yuxi - 进入 get_experiment_record_details，实验ID: 1, 用户ID: 1
2025-06-02 15:38:41,093 - DEBUG - Yuxi - 实验 1 共有 3 个步骤。
2025-06-02 15:38:41,097 - INFO - Yuxi - 用户 admin 在实验 1 找到最新记录: ID=5, 整体状态=in_progress, 当前步骤ID=3
2025-06-02 15:38:41,097 - DEBUG - Yuxi - 
--- 处理步骤 1 ---
2025-06-02 15:38:41,097 - DEBUG - Yuxi - 步骤 1: 不匹配 record.current_step_id (3)，设置为 pending, score=0.0。
2025-06-02 15:38:41,097 - DEBUG - Yuxi - 步骤 1 最终输出 (不含答案): status='pending', score=0.0
2025-06-02 15:38:41,097 - DEBUG - Yuxi - 
--- 处理步骤 2 ---
2025-06-02 15:38:41,097 - DEBUG - Yuxi - 步骤 2: 不匹配 record.current_step_id (3)，设置为 pending, score=0.0。
2025-06-02 15:38:41,097 - DEBUG - Yuxi - 步骤 2 最终输出 (不含答案): status='pending', score=0.0
2025-06-02 15:38:41,097 - DEBUG - Yuxi - 
--- 处理步骤 3 ---
2025-06-02 15:38:41,097 - DEBUG - Yuxi - 步骤 3: 匹配 record.current_step_id 且 record.status 为 IN_PROGRESS，设置为 answering, score=0.0。
2025-06-02 15:38:41,097 - DEBUG - Yuxi - 步骤 3 最终输出 (不含答案): status='answering', score=0.0
2025-06-02 15:38:41,097 - INFO - Yuxi - 用户 admin 获取实验 1 的最新记录详情成功，记录ID: 5
2025-06-02 15:38:45,306 - INFO - Yuxi - 用户 admin 继续实验 基于agent的视觉推理实验，更新当前步骤ID为: 3
2025-06-02 15:38:46,249 - DEBUG - Yuxi - 进入 get_experiment_record_details，实验ID: 1, 用户ID: 1
2025-06-02 15:38:46,252 - DEBUG - Yuxi - 实验 1 共有 3 个步骤。
2025-06-02 15:38:46,252 - INFO - Yuxi - 用户 admin 在实验 1 找到最新记录: ID=5, 整体状态=in_progress, 当前步骤ID=3
2025-06-02 15:38:46,253 - DEBUG - Yuxi - 
--- 处理步骤 1 ---
2025-06-02 15:38:46,253 - DEBUG - Yuxi - 步骤 1: 不匹配 record.current_step_id (3)，设置为 pending, score=0.0。
2025-06-02 15:38:46,253 - DEBUG - Yuxi - 步骤 1 最终输出 (不含答案): status='pending', score=0.0
2025-06-02 15:38:46,253 - DEBUG - Yuxi - 
--- 处理步骤 2 ---
2025-06-02 15:38:46,253 - DEBUG - Yuxi - 步骤 2: 不匹配 record.current_step_id (3)，设置为 pending, score=0.0。
2025-06-02 15:38:46,254 - DEBUG - Yuxi - 步骤 2 最终输出 (不含答案): status='pending', score=0.0
2025-06-02 15:38:46,254 - DEBUG - Yuxi - 
--- 处理步骤 3 ---
2025-06-02 15:38:46,254 - DEBUG - Yuxi - 步骤 3: 匹配 record.current_step_id 且 record.status 为 IN_PROGRESS，设置为 answering, score=0.0。
2025-06-02 15:38:46,254 - DEBUG - Yuxi - 步骤 3 最终输出 (不含答案): status='answering', score=0.0
2025-06-02 15:38:46,254 - INFO - Yuxi - 用户 admin 获取实验 1 的最新记录详情成功，记录ID: 5
2025-06-02 15:41:02,189 - INFO - Yuxi - 用户 admin 请求完成实验记录，数据: {'user_id': 1, 'experiment_id': 1, 'current_step_id': None, 'score': 3.0}
2025-06-02 15:41:02,195 - INFO - Yuxi - 用户 admin 成功完成实验记录 5，得分: 3.0
