2025-06-02 11:59:17,004 - INFO - Yuxi - Loading config from saves\config\base.yaml
2025-06-02 11:59:17,523 - INFO - Yuxi - Database tables created/checked
2025-06-02 11:59:19,274 - DEBUG - Yuxi - 图数据库信息文件不存在：saves\knowledge_graph\neo4j\graph_info.json
2025-06-02 11:59:19,274 - DEBUG - Yuxi - 创建新的图数据库配置
2025-06-02 11:59:23,496 - INFO - Yuxi - WebSearcher initialized with Tavily client
2025-06-02 12:11:34,646 - DEBUG - Yuxi - 进入 get_experiment_record_details，实验ID: 1, 用户ID: 1
2025-06-02 12:11:34,656 - DEBUG - Yuxi - 实验 1 共有 3 个步骤。
2025-06-02 12:11:34,656 - INFO - Yuxi - 用户 admin 在实验 1 找到最新记录: ID=1, 整体状态=in_progress, 当前步骤ID=2
2025-06-02 12:11:34,661 - DEBUG - Yuxi - 
--- 处理步骤 1 ---
2025-06-02 12:11:34,661 - DEBUG - Yuxi - 步骤 1: 不匹配 record.current_step_id (2)，设置为 pending, score=0.0。
2025-06-02 12:11:34,661 - DEBUG - Yuxi - 步骤 1 最终输出 (不含答案): status='pending', score=0.0
2025-06-02 12:11:34,661 - DEBUG - Yuxi - 
--- 处理步骤 2 ---
2025-06-02 12:11:34,662 - DEBUG - Yuxi - 步骤 2: 匹配 record.current_step_id 且 record.status 为 IN_PROGRESS，设置为 answering, score=0.0。
2025-06-02 12:11:34,662 - DEBUG - Yuxi - 步骤 2 最终输出 (不含答案): status='answering', score=20.0
2025-06-02 12:11:34,662 - DEBUG - Yuxi - 
--- 处理步骤 3 ---
2025-06-02 12:11:34,662 - DEBUG - Yuxi - 步骤 3: 不匹配 record.current_step_id (2)，设置为 pending, score=0.0。
2025-06-02 12:11:34,663 - DEBUG - Yuxi - 步骤 3 最终输出 (不含答案): status='pending', score=0.0
2025-06-02 12:11:34,663 - INFO - Yuxi - 用户 admin 获取实验 1 的最新记录详情成功，记录ID: 1
2025-06-02 12:11:39,184 - INFO - Yuxi - 用户 admin 继续实验 基于agent的视觉推理实验，更新当前步骤ID为: 3
2025-06-02 12:11:40,803 - DEBUG - Yuxi - 进入 get_experiment_record_details，实验ID: 1, 用户ID: 1
2025-06-02 12:11:40,805 - DEBUG - Yuxi - 实验 1 共有 3 个步骤。
2025-06-02 12:11:40,805 - INFO - Yuxi - 用户 admin 在实验 1 找到最新记录: ID=1, 整体状态=in_progress, 当前步骤ID=3
2025-06-02 12:11:40,805 - DEBUG - Yuxi - 
--- 处理步骤 1 ---
2025-06-02 12:11:40,805 - DEBUG - Yuxi - 步骤 1: 不匹配 record.current_step_id (3)，设置为 pending, score=0.0。
2025-06-02 12:11:40,805 - DEBUG - Yuxi - 步骤 1 最终输出 (不含答案): status='pending', score=0.0
2025-06-02 12:11:40,805 - DEBUG - Yuxi - 
--- 处理步骤 2 ---
2025-06-02 12:11:40,805 - DEBUG - Yuxi - 步骤 2: 不匹配 record.current_step_id (3)，设置为 pending, score=0.0。
2025-06-02 12:11:40,805 - DEBUG - Yuxi - 步骤 2 最终输出 (不含答案): status='pending', score=0.0
2025-06-02 12:11:40,805 - DEBUG - Yuxi - 
--- 处理步骤 3 ---
2025-06-02 12:11:40,805 - DEBUG - Yuxi - 步骤 3: 匹配 record.current_step_id 且 record.status 为 IN_PROGRESS，设置为 answering, score=0.0。
2025-06-02 12:11:40,809 - DEBUG - Yuxi - 步骤 3 最终输出 (不含答案): status='answering', score=20.0
2025-06-02 12:11:40,809 - INFO - Yuxi - 用户 admin 获取实验 1 的最新记录详情成功，记录ID: 1
2025-06-02 12:20:01,481 - DEBUG - Yuxi - 进入 get_experiment_record_details，实验ID: 1, 用户ID: 1
2025-06-02 12:20:01,490 - DEBUG - Yuxi - 实验 1 共有 3 个步骤。
2025-06-02 12:20:01,490 - INFO - Yuxi - 用户 admin 在实验 1 找到最新记录: ID=1, 整体状态=in_progress, 当前步骤ID=3
2025-06-02 12:20:01,490 - DEBUG - Yuxi - 
--- 处理步骤 1 ---
2025-06-02 12:20:01,490 - DEBUG - Yuxi - 步骤 1: 不匹配 record.current_step_id (3)，设置为 pending, score=0.0。
2025-06-02 12:20:01,494 - DEBUG - Yuxi - 步骤 1 最终输出 (不含答案): status='pending', score=0.0
2025-06-02 12:20:01,494 - DEBUG - Yuxi - 
--- 处理步骤 2 ---
2025-06-02 12:20:01,494 - DEBUG - Yuxi - 步骤 2: 不匹配 record.current_step_id (3)，设置为 pending, score=0.0。
2025-06-02 12:20:01,495 - DEBUG - Yuxi - 步骤 2 最终输出 (不含答案): status='pending', score=0.0
2025-06-02 12:20:01,496 - DEBUG - Yuxi - 
--- 处理步骤 3 ---
2025-06-02 12:20:01,496 - DEBUG - Yuxi - 步骤 3: 匹配 record.current_step_id 且 record.status 为 IN_PROGRESS，设置为 answering, score=0.0。
2025-06-02 12:20:01,497 - DEBUG - Yuxi - 步骤 3 最终输出 (不含答案): status='answering', score=20.0
2025-06-02 12:20:01,497 - INFO - Yuxi - 用户 admin 获取实验 1 的最新记录详情成功，记录ID: 1
2025-06-02 12:20:06,542 - DEBUG - Yuxi - 进入 get_experiment_record_details，实验ID: 1, 用户ID: 1
2025-06-02 12:20:06,547 - DEBUG - Yuxi - 实验 1 共有 3 个步骤。
2025-06-02 12:20:06,547 - INFO - Yuxi - 用户 admin 在实验 1 找到最新记录: ID=1, 整体状态=in_progress, 当前步骤ID=3
2025-06-02 12:20:06,547 - DEBUG - Yuxi - 
--- 处理步骤 1 ---
2025-06-02 12:20:06,547 - DEBUG - Yuxi - 步骤 1: 不匹配 record.current_step_id (3)，设置为 pending, score=0.0。
2025-06-02 12:20:06,547 - DEBUG - Yuxi - 步骤 1 最终输出 (不含答案): status='pending', score=0.0
2025-06-02 12:20:06,548 - DEBUG - Yuxi - 
--- 处理步骤 2 ---
2025-06-02 12:20:06,548 - DEBUG - Yuxi - 步骤 2: 不匹配 record.current_step_id (3)，设置为 pending, score=0.0。
2025-06-02 12:20:06,548 - DEBUG - Yuxi - 步骤 2 最终输出 (不含答案): status='pending', score=0.0
2025-06-02 12:20:06,548 - DEBUG - Yuxi - 
--- 处理步骤 3 ---
2025-06-02 12:20:06,548 - DEBUG - Yuxi - 步骤 3: 匹配 record.current_step_id 且 record.status 为 IN_PROGRESS，设置为 answering, score=0.0。
2025-06-02 12:20:06,549 - DEBUG - Yuxi - 步骤 3 最终输出 (不含答案): status='answering', score=20.0
2025-06-02 12:20:06,549 - INFO - Yuxi - 用户 admin 获取实验 1 的最新记录详情成功，记录ID: 1
2025-06-02 12:20:37,597 - INFO - Yuxi - 用户 admin 继续实验 基于agent的视觉推理实验，更新当前步骤ID为: 1
2025-06-02 12:20:39,038 - DEBUG - Yuxi - 进入 get_experiment_record_details，实验ID: 1, 用户ID: 1
2025-06-02 12:20:39,040 - DEBUG - Yuxi - 实验 1 共有 3 个步骤。
2025-06-02 12:20:39,040 - INFO - Yuxi - 用户 admin 在实验 1 找到最新记录: ID=1, 整体状态=in_progress, 当前步骤ID=1
2025-06-02 12:20:39,041 - DEBUG - Yuxi - 
--- 处理步骤 1 ---
2025-06-02 12:20:39,041 - DEBUG - Yuxi - 步骤 1: 匹配 record.current_step_id 且 record.status 为 IN_PROGRESS，设置为 answering, score=0.0。
2025-06-02 12:20:39,041 - DEBUG - Yuxi - 步骤 1 最终输出 (不含答案): status='answering', score=20.0
2025-06-02 12:20:39,041 - DEBUG - Yuxi - 
--- 处理步骤 2 ---
2025-06-02 12:20:39,041 - DEBUG - Yuxi - 步骤 2: 不匹配 record.current_step_id (1)，设置为 pending, score=0.0。
2025-06-02 12:20:39,041 - DEBUG - Yuxi - 步骤 2 最终输出 (不含答案): status='pending', score=0.0
2025-06-02 12:20:39,041 - DEBUG - Yuxi - 
--- 处理步骤 3 ---
2025-06-02 12:20:39,042 - DEBUG - Yuxi - 步骤 3: 不匹配 record.current_step_id (1)，设置为 pending, score=0.0。
2025-06-02 12:20:39,042 - DEBUG - Yuxi - 步骤 3 最终输出 (不含答案): status='pending', score=0.0
2025-06-02 12:20:39,042 - INFO - Yuxi - 用户 admin 获取实验 1 的最新记录详情成功，记录ID: 1
