2025-05-29 03:48:53,132 - INFO - Yuxi - Loading config from saves\config\base.yaml
2025-05-29 03:48:54,034 - INFO - Yuxi - Database tables created/checked
2025-05-29 03:48:57,091 - DEBUG - Yuxi - 图数据库信息文件不存在：saves\knowledge_graph\neo4j\graph_info.json
2025-05-29 03:48:57,091 - DEBUG - Yuxi - 创建新的图数据库配置
2025-05-29 03:49:04,163 - INFO - Yuxi - WebSearcher initialized with Tavily client
2025-05-29 03:49:18,308 - ERROR - Yuxi - 获取数据库列表失败 知识库未启用, Traceback (most recent call last):
  File "E:\source\PycharmProject\LabClass\server\routers\data_router.py", line 17, in get_databases
    database = knowledge_base.get_databases()
               ^^^^^^^^^^^^^^^^^^^^^^^^^^^^^^
  File "E:\source\PycharmProject\LabClass\src\core\knowledgebase.py", line 295, in get_databases
    assert config.enable_knowledge_base, "知识库未启用"
           ^^^^^^^^^^^^^^^^^^^^^^^^^^^^
AssertionError: 知识库未启用

2025-05-29 03:49:22,575 - ERROR - Yuxi - 获取数据库列表失败 知识库未启用, Traceback (most recent call last):
  File "E:\source\PycharmProject\LabClass\server\routers\data_router.py", line 17, in get_databases
    database = knowledge_base.get_databases()
               ^^^^^^^^^^^^^^^^^^^^^^^^^^^^^^
  File "E:\source\PycharmProject\LabClass\src\core\knowledgebase.py", line 295, in get_databases
    assert config.enable_knowledge_base, "知识库未启用"
           ^^^^^^^^^^^^^^^^^^^^^^^^^^^^
AssertionError: 知识库未启用

2025-05-29 03:49:32,932 - INFO - Yuxi - 用户 admin 继续实验 基于agent的视觉推理实验
2025-05-29 03:49:32,948 - INFO - Yuxi - 用户 admin 获取实验 1 的所有步骤 (包含答案: False)
2025-05-29 03:49:32,958 - INFO - Yuxi - 用户 admin 继续实验 基于agent的视觉推理实验
2025-05-29 03:52:50,164 - INFO - Yuxi - 用户 admin 获取实验 1 的所有步骤 (包含答案: False)
2025-05-29 03:52:51,594 - INFO - Yuxi - 用户 admin 获取实验 1 的所有步骤 (包含答案: False)
2025-05-29 03:52:52,625 - INFO - Yuxi - 用户 admin 获取实验 1 的所有步骤 (包含答案: False)
2025-05-29 03:52:53,668 - INFO - Yuxi - 用户 admin 获取实验 1 的所有步骤 (包含答案: False)
2025-05-29 03:52:56,994 - INFO - Yuxi - 用户 admin 继续实验 基于agent的视觉推理实验
2025-05-29 03:52:57,313 - INFO - Yuxi - 用户 admin 获取实验 1 的所有步骤 (包含答案: False)
2025-05-29 03:52:57,576 - INFO - Yuxi - 用户 admin 继续实验 基于agent的视觉推理实验
2025-05-29 03:56:13,299 - INFO - Yuxi - 用户 admin 继续实验 基于agent的视觉推理实验
2025-05-29 03:56:13,496 - INFO - Yuxi - 用户 admin 获取实验 1 的所有步骤 (包含答案: False)
2025-05-29 03:56:13,618 - INFO - Yuxi - 用户 admin 继续实验 基于agent的视觉推理实验
2025-05-29 03:56:38,962 - INFO - Yuxi - 用户 admin 继续实验 基于agent的视觉推理实验
2025-05-29 03:56:39,274 - INFO - Yuxi - 用户 admin 获取实验 1 的所有步骤 (包含答案: False)
2025-05-29 03:57:35,387 - INFO - Yuxi - 用户 admin 继续实验 基于agent的视觉推理实验
2025-05-29 03:57:35,710 - INFO - Yuxi - 用户 admin 获取实验 1 的所有步骤 (包含答案: False)
2025-05-29 03:58:16,947 - INFO - Yuxi - 用户 admin 继续实验 基于agent的视觉推理实验
2025-05-29 03:58:17,278 - INFO - Yuxi - 用户 admin 获取实验 1 的所有步骤 (包含答案: False)
2025-05-29 03:58:46,361 - INFO - Yuxi - 用户 admin 获取实验 1 的所有步骤 (包含答案: False)
2025-05-29 03:58:47,095 - INFO - Yuxi - 用户 admin 获取实验 1 的所有步骤 (包含答案: False)
2025-05-29 03:58:47,615 - INFO - Yuxi - 用户 admin 获取实验 1 的所有步骤 (包含答案: False)
2025-05-29 04:00:03,603 - INFO - Yuxi - 用户 admin 继续实验 基于agent的视觉推理实验
2025-05-29 04:00:03,618 - INFO - Yuxi - 用户 admin 获取实验 1 的所有步骤 (包含答案: False)
2025-05-29 04:02:11,253 - ERROR - Yuxi - 获取数据库列表失败 知识库未启用, Traceback (most recent call last):
  File "E:\source\PycharmProject\LabClass\server\routers\data_router.py", line 17, in get_databases
    database = knowledge_base.get_databases()
               ^^^^^^^^^^^^^^^^^^^^^^^^^^^^^^
  File "E:\source\PycharmProject\LabClass\src\core\knowledgebase.py", line 295, in get_databases
    assert config.enable_knowledge_base, "知识库未启用"
           ^^^^^^^^^^^^^^^^^^^^^^^^^^^^
AssertionError: 知识库未启用

2025-05-29 04:02:21,618 - INFO - Yuxi - 用户 admin 继续实验 基于agent的视觉推理实验
2025-05-29 04:02:21,629 - INFO - Yuxi - 用户 admin 获取实验 1 的所有步骤 (包含答案: False)
2025-05-29 04:03:25,862 - ERROR - Yuxi - 获取数据库列表失败 知识库未启用, Traceback (most recent call last):
  File "E:\source\PycharmProject\LabClass\server\routers\data_router.py", line 17, in get_databases
    database = knowledge_base.get_databases()
               ^^^^^^^^^^^^^^^^^^^^^^^^^^^^^^
  File "E:\source\PycharmProject\LabClass\src\core\knowledgebase.py", line 295, in get_databases
    assert config.enable_knowledge_base, "知识库未启用"
           ^^^^^^^^^^^^^^^^^^^^^^^^^^^^
AssertionError: 知识库未启用

2025-05-29 04:03:33,483 - INFO - Yuxi - 用户 admin 继续实验 基于agent的视觉推理实验
2025-05-29 04:03:33,509 - INFO - Yuxi - 用户 admin 获取实验 1 的所有步骤 (包含答案: False)
