2025-05-30 17:19:05,067 - INFO - Yuxi - Loading config from saves\config\base.yaml
2025-05-30 17:19:05,671 - INFO - Yuxi - Database tables created/checked
2025-05-30 17:19:07,559 - DEBUG - Yuxi - 图数据库信息文件不存在：saves\knowledge_graph\neo4j\graph_info.json
2025-05-30 17:19:07,560 - DEBUG - Yuxi - 创建新的图数据库配置
2025-05-30 17:19:11,870 - INFO - Yuxi - WebSearcher initialized with Tavily client
2025-05-30 17:19:16,966 - DEBUG - Yuxi - 进入 get_experiment_record_details，实验ID: 1, 用户ID: 3
2025-05-30 17:19:16,974 - DEBUG - Yuxi - 实验 1 共有 0 个步骤。
2025-05-30 17:19:16,974 - INFO - Yuxi - 用户 小谢 在实验 1 没有现有记录，返回默认未开始状态。
2025-05-30 17:19:24,747 - DEBUG - Yuxi - 进入 get_experiment_record_details，实验ID: 1, 用户ID: 3
2025-05-30 17:19:24,749 - DEBUG - Yuxi - 实验 1 共有 0 个步骤。
2025-05-30 17:19:24,749 - INFO - Yuxi - 用户 小谢 在实验 1 没有现有记录，返回默认未开始状态。
2025-05-30 17:20:15,962 - DEBUG - Yuxi - 进入 get_experiment_record_details，实验ID: 1, 用户ID: 3
2025-05-30 17:20:15,967 - DEBUG - Yuxi - 实验 1 共有 0 个步骤。
2025-05-30 17:20:15,967 - INFO - Yuxi - 用户 小谢 在实验 1 没有现有记录，返回默认未开始状态。
2025-05-30 17:20:22,883 - DEBUG - Yuxi - 进入 get_experiment_record_details，实验ID: 1, 用户ID: 3
2025-05-30 17:20:22,884 - DEBUG - Yuxi - 实验 1 共有 0 个步骤。
2025-05-30 17:20:22,885 - INFO - Yuxi - 用户 小谢 在实验 1 没有现有记录，返回默认未开始状态。
2025-05-30 17:20:34,191 - DEBUG - Yuxi - 进入 get_experiment_record_details，实验ID: 1, 用户ID: 3
2025-05-30 17:20:34,193 - DEBUG - Yuxi - 实验 1 共有 0 个步骤。
2025-05-30 17:20:34,193 - INFO - Yuxi - 用户 小谢 在实验 1 没有现有记录，返回默认未开始状态。
2025-05-30 17:20:54,943 - ERROR - Yuxi - 获取数据库列表失败 知识库未启用, Traceback (most recent call last):
  File "E:\source\PycharmProject\LabClass\server\routers\data_router.py", line 17, in get_databases
    database = knowledge_base.get_databases()
               ^^^^^^^^^^^^^^^^^^^^^^^^^^^^^^
  File "E:\source\PycharmProject\LabClass\src\core\knowledgebase.py", line 295, in get_databases
    assert config.enable_knowledge_base, "知识库未启用"
           ^^^^^^^^^^^^^^^^^^^^^^^^^^^^
AssertionError: 知识库未启用

2025-05-30 17:20:58,970 - DEBUG - Yuxi - 进入 get_experiment_record_details，实验ID: 1, 用户ID: 1
2025-05-30 17:20:58,972 - DEBUG - Yuxi - 实验 1 共有 0 个步骤。
2025-05-30 17:20:58,973 - INFO - Yuxi - 用户 admin 在实验 1 没有现有记录，返回默认未开始状态。
2025-05-30 17:21:41,769 - DEBUG - Yuxi - 进入 get_experiment_record_details，实验ID: 1, 用户ID: 1
2025-05-30 17:21:41,770 - DEBUG - Yuxi - 实验 1 共有 1 个步骤。
2025-05-30 17:21:41,771 - INFO - Yuxi - 用户 admin 在实验 1 没有现有记录，返回默认未开始状态。
2025-05-30 17:21:41,771 - DEBUG - Yuxi - 步骤 1: 无记录，设置为 status=pending, score=0.0, user_answer=None
2025-05-30 17:22:01,912 - INFO - Yuxi - 用户 admin 开始新实验 基于agent的视觉推理实验，设置当前步骤ID为: 1
2025-05-30 17:22:03,248 - DEBUG - Yuxi - 进入 get_experiment_record_details，实验ID: 1, 用户ID: 1
2025-05-30 17:22:03,249 - DEBUG - Yuxi - 实验 1 共有 1 个步骤。
2025-05-30 17:22:03,249 - INFO - Yuxi - 用户 admin 在实验 1 找到最新记录: ID=1, 整体状态=in_progress, 当前步骤ID=1
2025-05-30 17:22:03,251 - DEBUG - Yuxi - 
--- 处理步骤 1 ---
2025-05-30 17:22:03,251 - DEBUG - Yuxi - 步骤 1: 匹配 record.current_step_id 且 record.status 为 IN_PROGRESS，设置为 answering, score=0.0。
2025-05-30 17:22:03,251 - DEBUG - Yuxi - 步骤 1 最终输出 (不含答案): status='answering', score=0.0
2025-05-30 17:22:03,251 - INFO - Yuxi - 用户 admin 获取实验 1 的最新记录详情成功，记录ID: 1
2025-05-30 17:25:09,565 - DEBUG - Yuxi - 进入 get_experiment_record_details，实验ID: 1, 用户ID: 1
2025-05-30 17:25:09,567 - DEBUG - Yuxi - 实验 1 共有 2 个步骤。
2025-05-30 17:25:09,567 - INFO - Yuxi - 用户 admin 在实验 1 找到最新记录: ID=1, 整体状态=in_progress, 当前步骤ID=1
2025-05-30 17:25:09,567 - DEBUG - Yuxi - 
--- 处理步骤 1 ---
2025-05-30 17:25:09,567 - DEBUG - Yuxi - 步骤 1: 匹配 record.current_step_id 且 record.status 为 IN_PROGRESS，设置为 answering, score=0.0。
2025-05-30 17:25:09,567 - DEBUG - Yuxi - 步骤 1 最终输出 (不含答案): status='answering', score=0.0
2025-05-30 17:25:09,567 - DEBUG - Yuxi - 
--- 处理步骤 2 ---
2025-05-30 17:25:09,567 - DEBUG - Yuxi - 步骤 2: 不匹配 record.current_step_id (1)，设置为 pending, score=0.0。
2025-05-30 17:25:09,568 - DEBUG - Yuxi - 步骤 2 最终输出 (不含答案): status='pending', score=0.0
2025-05-30 17:25:09,568 - INFO - Yuxi - 用户 admin 获取实验 1 的最新记录详情成功，记录ID: 1
2025-05-30 17:25:13,227 - DEBUG - Yuxi - 进入 get_experiment_record_details，实验ID: 1, 用户ID: 1
2025-05-30 17:25:13,229 - DEBUG - Yuxi - 实验 1 共有 2 个步骤。
2025-05-30 17:25:13,229 - INFO - Yuxi - 用户 admin 在实验 1 找到最新记录: ID=1, 整体状态=in_progress, 当前步骤ID=1
2025-05-30 17:25:13,229 - DEBUG - Yuxi - 
--- 处理步骤 1 ---
2025-05-30 17:25:13,229 - DEBUG - Yuxi - 步骤 1: 匹配 record.current_step_id 且 record.status 为 IN_PROGRESS，设置为 answering, score=0.0。
2025-05-30 17:25:13,229 - DEBUG - Yuxi - 步骤 1 最终输出 (不含答案): status='answering', score=0.0
2025-05-30 17:25:13,231 - DEBUG - Yuxi - 
--- 处理步骤 2 ---
2025-05-30 17:25:13,231 - DEBUG - Yuxi - 步骤 2: 不匹配 record.current_step_id (1)，设置为 pending, score=0.0。
2025-05-30 17:25:13,231 - DEBUG - Yuxi - 步骤 2 最终输出 (不含答案): status='pending', score=0.0
2025-05-30 17:25:13,231 - INFO - Yuxi - 用户 admin 获取实验 1 的最新记录详情成功，记录ID: 1
2025-05-30 17:25:36,323 - DEBUG - Yuxi - 进入 get_experiment_record_details，实验ID: 1, 用户ID: 2
2025-05-30 17:25:36,326 - DEBUG - Yuxi - 实验 1 共有 2 个步骤。
2025-05-30 17:25:36,326 - INFO - Yuxi - 用户 小明 在实验 1 没有现有记录，返回默认未开始状态。
2025-05-30 17:25:36,326 - DEBUG - Yuxi - 步骤 1: 无记录，设置为 status=pending, score=0.0, user_answer=None
2025-05-30 17:25:36,329 - DEBUG - Yuxi - 步骤 2: 无记录，设置为 status=pending, score=0.0, user_answer=None
2025-05-30 17:25:38,889 - INFO - Yuxi - 用户 小明 开始新实验 基于agent的视觉推理实验，设置当前步骤ID为: 2
2025-05-30 17:25:40,364 - DEBUG - Yuxi - 进入 get_experiment_record_details，实验ID: 1, 用户ID: 2
2025-05-30 17:25:40,367 - DEBUG - Yuxi - 实验 1 共有 2 个步骤。
2025-05-30 17:25:40,367 - INFO - Yuxi - 用户 小明 在实验 1 找到最新记录: ID=2, 整体状态=in_progress, 当前步骤ID=2
2025-05-30 17:25:40,367 - DEBUG - Yuxi - 
--- 处理步骤 1 ---
2025-05-30 17:25:40,367 - DEBUG - Yuxi - 步骤 1: 不匹配 record.current_step_id (2)，设置为 pending, score=0.0。
2025-05-30 17:25:40,367 - DEBUG - Yuxi - 步骤 1 最终输出 (不含答案): status='pending', score=0.0
2025-05-30 17:25:40,367 - DEBUG - Yuxi - 
--- 处理步骤 2 ---
2025-05-30 17:25:40,367 - DEBUG - Yuxi - 步骤 2: 匹配 record.current_step_id 且 record.status 为 IN_PROGRESS，设置为 answering, score=0.0。
2025-05-30 17:25:40,367 - DEBUG - Yuxi - 步骤 2 最终输出 (不含答案): status='answering', score=0.0
2025-05-30 17:25:40,367 - INFO - Yuxi - 用户 小明 获取实验 1 的最新记录详情成功，记录ID: 2
2025-05-30 17:25:41,888 - DEBUG - Yuxi - 进入 get_experiment_record_details，实验ID: 1, 用户ID: 2
2025-05-30 17:25:41,888 - DEBUG - Yuxi - 实验 1 共有 2 个步骤。
2025-05-30 17:25:41,888 - INFO - Yuxi - 用户 小明 在实验 1 找到最新记录: ID=2, 整体状态=in_progress, 当前步骤ID=2
2025-05-30 17:25:41,888 - DEBUG - Yuxi - 
--- 处理步骤 1 ---
2025-05-30 17:25:41,888 - DEBUG - Yuxi - 步骤 1: 不匹配 record.current_step_id (2)，设置为 pending, score=0.0。
2025-05-30 17:25:41,888 - DEBUG - Yuxi - 步骤 1 最终输出 (不含答案): status='pending', score=0.0
2025-05-30 17:25:41,888 - DEBUG - Yuxi - 
--- 处理步骤 2 ---
2025-05-30 17:25:41,888 - DEBUG - Yuxi - 步骤 2: 匹配 record.current_step_id 且 record.status 为 IN_PROGRESS，设置为 answering, score=0.0。
2025-05-30 17:25:41,888 - DEBUG - Yuxi - 步骤 2 最终输出 (不含答案): status='answering', score=0.0
2025-05-30 17:25:41,888 - INFO - Yuxi - 用户 小明 获取实验 1 的最新记录详情成功，记录ID: 2
2025-05-30 17:25:59,089 - DEBUG - Yuxi - 进入 get_experiment_record_details，实验ID: 1, 用户ID: 2
2025-05-30 17:25:59,090 - DEBUG - Yuxi - 实验 1 共有 2 个步骤。
2025-05-30 17:25:59,090 - INFO - Yuxi - 用户 小明 在实验 1 找到最新记录: ID=2, 整体状态=in_progress, 当前步骤ID=2
2025-05-30 17:25:59,090 - DEBUG - Yuxi - 
--- 处理步骤 1 ---
2025-05-30 17:25:59,090 - DEBUG - Yuxi - 步骤 1: 不匹配 record.current_step_id (2)，设置为 pending, score=0.0。
2025-05-30 17:25:59,090 - DEBUG - Yuxi - 步骤 1 最终输出 (不含答案): status='pending', score=0.0
2025-05-30 17:25:59,090 - DEBUG - Yuxi - 
--- 处理步骤 2 ---
2025-05-30 17:25:59,090 - DEBUG - Yuxi - 步骤 2: 匹配 record.current_step_id 且 record.status 为 IN_PROGRESS，设置为 answering, score=0.0。
2025-05-30 17:25:59,090 - DEBUG - Yuxi - 步骤 2 最终输出 (不含答案): status='answering', score=0.0
2025-05-30 17:25:59,090 - INFO - Yuxi - 用户 小明 获取实验 1 的最新记录详情成功，记录ID: 2
2025-05-30 17:26:12,599 - ERROR - Yuxi - 获取数据库列表失败 知识库未启用, Traceback (most recent call last):
  File "E:\source\PycharmProject\LabClass\server\routers\data_router.py", line 17, in get_databases
    database = knowledge_base.get_databases()
               ^^^^^^^^^^^^^^^^^^^^^^^^^^^^^^
  File "E:\source\PycharmProject\LabClass\src\core\knowledgebase.py", line 295, in get_databases
    assert config.enable_knowledge_base, "知识库未启用"
           ^^^^^^^^^^^^^^^^^^^^^^^^^^^^
AssertionError: 知识库未启用

2025-05-30 17:26:17,003 - DEBUG - Yuxi - 进入 get_experiment_record_details，实验ID: 1, 用户ID: 1
2025-05-30 17:26:17,003 - DEBUG - Yuxi - 实验 1 共有 2 个步骤。
2025-05-30 17:26:17,003 - INFO - Yuxi - 用户 admin 在实验 1 找到最新记录: ID=1, 整体状态=in_progress, 当前步骤ID=1
2025-05-30 17:26:17,003 - DEBUG - Yuxi - 
--- 处理步骤 1 ---
2025-05-30 17:26:17,003 - DEBUG - Yuxi - 步骤 1: 匹配 record.current_step_id 且 record.status 为 IN_PROGRESS，设置为 answering, score=0.0。
2025-05-30 17:26:17,003 - DEBUG - Yuxi - 步骤 1 最终输出 (不含答案): status='answering', score=0.0
2025-05-30 17:26:17,003 - DEBUG - Yuxi - 
--- 处理步骤 2 ---
2025-05-30 17:26:17,003 - DEBUG - Yuxi - 步骤 2: 不匹配 record.current_step_id (1)，设置为 pending, score=0.0。
2025-05-30 17:26:17,003 - DEBUG - Yuxi - 步骤 2 最终输出 (不含答案): status='pending', score=0.0
2025-05-30 17:26:17,003 - INFO - Yuxi - 用户 admin 获取实验 1 的最新记录详情成功，记录ID: 1
2025-05-30 17:26:24,855 - INFO - Yuxi - 用户 admin 继续实验 基于agent的视觉推理实验，更新当前步骤ID为: 2
2025-05-30 17:26:26,967 - DEBUG - Yuxi - 进入 get_experiment_record_details，实验ID: 1, 用户ID: 1
2025-05-30 17:26:26,972 - DEBUG - Yuxi - 实验 1 共有 2 个步骤。
2025-05-30 17:26:26,972 - INFO - Yuxi - 用户 admin 在实验 1 找到最新记录: ID=1, 整体状态=in_progress, 当前步骤ID=2
2025-05-30 17:26:26,972 - DEBUG - Yuxi - 
--- 处理步骤 1 ---
2025-05-30 17:26:26,972 - DEBUG - Yuxi - 步骤 1: 不匹配 record.current_step_id (2)，设置为 pending, score=0.0。
2025-05-30 17:26:26,972 - DEBUG - Yuxi - 步骤 1 最终输出 (不含答案): status='pending', score=0.0
2025-05-30 17:26:26,972 - DEBUG - Yuxi - 
--- 处理步骤 2 ---
2025-05-30 17:26:26,972 - DEBUG - Yuxi - 步骤 2: 匹配 record.current_step_id 且 record.status 为 IN_PROGRESS，设置为 answering, score=0.0。
2025-05-30 17:26:26,972 - DEBUG - Yuxi - 步骤 2 最终输出 (不含答案): status='answering', score=0.0
2025-05-30 17:26:26,972 - INFO - Yuxi - 用户 admin 获取实验 1 的最新记录详情成功，记录ID: 1
2025-05-30 17:26:28,418 - DEBUG - Yuxi - 进入 get_experiment_record_details，实验ID: 1, 用户ID: 1
2025-05-30 17:26:28,421 - DEBUG - Yuxi - 实验 1 共有 2 个步骤。
2025-05-30 17:26:28,421 - INFO - Yuxi - 用户 admin 在实验 1 找到最新记录: ID=1, 整体状态=in_progress, 当前步骤ID=2
2025-05-30 17:26:28,421 - DEBUG - Yuxi - 
--- 处理步骤 1 ---
2025-05-30 17:26:28,421 - DEBUG - Yuxi - 步骤 1: 不匹配 record.current_step_id (2)，设置为 pending, score=0.0。
2025-05-30 17:26:28,421 - DEBUG - Yuxi - 步骤 1 最终输出 (不含答案): status='pending', score=0.0
2025-05-30 17:26:28,421 - DEBUG - Yuxi - 
--- 处理步骤 2 ---
2025-05-30 17:26:28,421 - DEBUG - Yuxi - 步骤 2: 匹配 record.current_step_id 且 record.status 为 IN_PROGRESS，设置为 answering, score=0.0。
2025-05-30 17:26:28,421 - DEBUG - Yuxi - 步骤 2 最终输出 (不含答案): status='answering', score=0.0
2025-05-30 17:26:28,421 - INFO - Yuxi - 用户 admin 获取实验 1 的最新记录详情成功，记录ID: 1
2025-05-30 17:26:40,582 - INFO - Yuxi - 用户 admin 继续实验 基于agent的视觉推理实验，更新当前步骤ID为: 1
2025-05-30 17:26:42,121 - DEBUG - Yuxi - 进入 get_experiment_record_details，实验ID: 1, 用户ID: 1
2025-05-30 17:26:42,123 - DEBUG - Yuxi - 实验 1 共有 2 个步骤。
2025-05-30 17:26:42,123 - INFO - Yuxi - 用户 admin 在实验 1 找到最新记录: ID=1, 整体状态=in_progress, 当前步骤ID=1
2025-05-30 17:26:42,124 - DEBUG - Yuxi - 
--- 处理步骤 1 ---
2025-05-30 17:26:42,124 - DEBUG - Yuxi - 步骤 1: 匹配 record.current_step_id 且 record.status 为 IN_PROGRESS，设置为 answering, score=0.0。
2025-05-30 17:26:42,124 - DEBUG - Yuxi - 步骤 1 最终输出 (不含答案): status='answering', score=0.0
2025-05-30 17:26:42,124 - DEBUG - Yuxi - 
--- 处理步骤 2 ---
2025-05-30 17:26:42,124 - DEBUG - Yuxi - 步骤 2: 不匹配 record.current_step_id (1)，设置为 pending, score=0.0。
2025-05-30 17:26:42,125 - DEBUG - Yuxi - 步骤 2 最终输出 (不含答案): status='pending', score=0.0
2025-05-30 17:26:42,125 - INFO - Yuxi - 用户 admin 获取实验 1 的最新记录详情成功，记录ID: 1
2025-05-30 17:26:45,518 - DEBUG - Yuxi - 进入 get_experiment_record_details，实验ID: 1, 用户ID: 1
2025-05-30 17:26:45,522 - DEBUG - Yuxi - 实验 1 共有 2 个步骤。
2025-05-30 17:26:45,522 - INFO - Yuxi - 用户 admin 在实验 1 找到最新记录: ID=1, 整体状态=in_progress, 当前步骤ID=1
2025-05-30 17:26:45,522 - DEBUG - Yuxi - 
--- 处理步骤 1 ---
2025-05-30 17:26:45,522 - DEBUG - Yuxi - 步骤 1: 匹配 record.current_step_id 且 record.status 为 IN_PROGRESS，设置为 answering, score=0.0。
2025-05-30 17:26:45,522 - DEBUG - Yuxi - 步骤 1 最终输出 (不含答案): status='answering', score=0.0
2025-05-30 17:26:45,522 - DEBUG - Yuxi - 
--- 处理步骤 2 ---
2025-05-30 17:26:45,522 - DEBUG - Yuxi - 步骤 2: 不匹配 record.current_step_id (1)，设置为 pending, score=0.0。
2025-05-30 17:26:45,522 - DEBUG - Yuxi - 步骤 2 最终输出 (不含答案): status='pending', score=0.0
2025-05-30 17:26:45,522 - INFO - Yuxi - 用户 admin 获取实验 1 的最新记录详情成功，记录ID: 1
