2025-05-30 17:33:39,964 - INFO - Yuxi - Loading config from saves\config\base.yaml
2025-05-30 17:33:40,552 - INFO - Yuxi - Database tables created/checked
2025-05-30 17:33:42,410 - DEBUG - Yuxi - 图数据库信息文件不存在：saves\knowledge_graph\neo4j\graph_info.json
2025-05-30 17:33:42,410 - DEBUG - Yuxi - 创建新的图数据库配置
2025-05-30 17:33:46,609 - INFO - Yuxi - WebSearcher initialized with Tavily client
2025-05-30 17:34:09,297 - DEBUG - Yuxi - 进入 get_experiment_record_details，实验ID: 1, 用户ID: 3
2025-05-30 17:34:09,302 - DEBUG - Yuxi - 实验 1 共有 2 个步骤。
2025-05-30 17:34:09,302 - INFO - Yuxi - 用户 小谢 在实验 1 没有现有记录，返回默认未开始状态。
2025-05-30 17:34:09,304 - DEBUG - Yuxi - 步骤 1: 无记录，设置为 status=pending, score=0.0, user_answer=None
2025-05-30 17:34:09,304 - DEBUG - Yuxi - 步骤 2: 无记录，设置为 status=pending, score=0.0, user_answer=None
2025-05-30 17:34:11,687 - INFO - Yuxi - 用户 小谢 开始新实验 基于agent的视觉推理实验，设置当前步骤ID为: 1
2025-05-30 17:34:12,506 - DEBUG - Yuxi - 进入 get_experiment_record_details，实验ID: 1, 用户ID: 3
2025-05-30 17:34:12,508 - DEBUG - Yuxi - 实验 1 共有 2 个步骤。
2025-05-30 17:34:12,508 - INFO - Yuxi - 用户 小谢 在实验 1 找到最新记录: ID=4, 整体状态=in_progress, 当前步骤ID=1
2025-05-30 17:34:12,508 - DEBUG - Yuxi - 
--- 处理步骤 1 ---
2025-05-30 17:34:12,509 - DEBUG - Yuxi - 步骤 1: 匹配 record.current_step_id 且 record.status 为 IN_PROGRESS，设置为 answering, score=0.0。
2025-05-30 17:34:12,509 - DEBUG - Yuxi - 步骤 1 最终输出 (不含答案): status='answering', score=0.0
2025-05-30 17:34:12,509 - DEBUG - Yuxi - 
--- 处理步骤 2 ---
2025-05-30 17:34:12,509 - DEBUG - Yuxi - 步骤 2: 不匹配 record.current_step_id (1)，设置为 pending, score=0.0。
2025-05-30 17:34:12,509 - DEBUG - Yuxi - 步骤 2 最终输出 (不含答案): status='pending', score=0.0
2025-05-30 17:34:12,509 - INFO - Yuxi - 用户 小谢 获取实验 1 的最新记录详情成功，记录ID: 4
2025-05-30 17:34:14,469 - DEBUG - Yuxi - 进入 get_experiment_record_details，实验ID: 1, 用户ID: 3
2025-05-30 17:34:14,473 - DEBUG - Yuxi - 实验 1 共有 2 个步骤。
2025-05-30 17:34:14,473 - INFO - Yuxi - 用户 小谢 在实验 1 找到最新记录: ID=4, 整体状态=in_progress, 当前步骤ID=1
2025-05-30 17:34:14,473 - DEBUG - Yuxi - 
--- 处理步骤 1 ---
2025-05-30 17:34:14,473 - DEBUG - Yuxi - 步骤 1: 匹配 record.current_step_id 且 record.status 为 IN_PROGRESS，设置为 answering, score=0.0。
2025-05-30 17:34:14,473 - DEBUG - Yuxi - 步骤 1 最终输出 (不含答案): status='answering', score=0.0
2025-05-30 17:34:14,473 - DEBUG - Yuxi - 
--- 处理步骤 2 ---
2025-05-30 17:34:14,473 - DEBUG - Yuxi - 步骤 2: 不匹配 record.current_step_id (1)，设置为 pending, score=0.0。
2025-05-30 17:34:14,473 - DEBUG - Yuxi - 步骤 2 最终输出 (不含答案): status='pending', score=0.0
2025-05-30 17:34:14,473 - INFO - Yuxi - 用户 小谢 获取实验 1 的最新记录详情成功，记录ID: 4
2025-05-30 17:34:16,498 - DEBUG - Yuxi - 进入 get_experiment_record_details，实验ID: 1, 用户ID: 3
2025-05-30 17:34:16,499 - DEBUG - Yuxi - 实验 1 共有 2 个步骤。
2025-05-30 17:34:16,499 - INFO - Yuxi - 用户 小谢 在实验 1 找到最新记录: ID=4, 整体状态=in_progress, 当前步骤ID=1
2025-05-30 17:34:16,499 - DEBUG - Yuxi - 
--- 处理步骤 1 ---
2025-05-30 17:34:16,499 - DEBUG - Yuxi - 步骤 1: 匹配 record.current_step_id 且 record.status 为 IN_PROGRESS，设置为 answering, score=0.0。
2025-05-30 17:34:16,499 - DEBUG - Yuxi - 步骤 1 最终输出 (不含答案): status='answering', score=0.0
2025-05-30 17:34:16,499 - DEBUG - Yuxi - 
--- 处理步骤 2 ---
2025-05-30 17:34:16,499 - DEBUG - Yuxi - 步骤 2: 不匹配 record.current_step_id (1)，设置为 pending, score=0.0。
2025-05-30 17:34:16,499 - DEBUG - Yuxi - 步骤 2 最终输出 (不含答案): status='pending', score=0.0
2025-05-30 17:34:16,499 - INFO - Yuxi - 用户 小谢 获取实验 1 的最新记录详情成功，记录ID: 4
2025-05-30 17:34:20,733 - INFO - Yuxi - 用户 小谢 继续实验 基于agent的视觉推理实验，更新当前步骤ID为: 2
2025-05-30 17:34:22,788 - DEBUG - Yuxi - 进入 get_experiment_record_details，实验ID: 1, 用户ID: 3
2025-05-30 17:34:22,790 - DEBUG - Yuxi - 实验 1 共有 2 个步骤。
2025-05-30 17:34:22,790 - INFO - Yuxi - 用户 小谢 在实验 1 找到最新记录: ID=4, 整体状态=in_progress, 当前步骤ID=2
2025-05-30 17:34:22,790 - DEBUG - Yuxi - 
--- 处理步骤 1 ---
2025-05-30 17:34:22,790 - DEBUG - Yuxi - 步骤 1: 不匹配 record.current_step_id (2)，设置为 pending, score=0.0。
2025-05-30 17:34:22,790 - DEBUG - Yuxi - 步骤 1 最终输出 (不含答案): status='pending', score=0.0
2025-05-30 17:34:22,790 - DEBUG - Yuxi - 
--- 处理步骤 2 ---
2025-05-30 17:34:22,790 - DEBUG - Yuxi - 步骤 2: 匹配 record.current_step_id 且 record.status 为 IN_PROGRESS，设置为 answering, score=0.0。
2025-05-30 17:34:22,790 - DEBUG - Yuxi - 步骤 2 最终输出 (不含答案): status='answering', score=0.0
2025-05-30 17:34:22,790 - INFO - Yuxi - 用户 小谢 获取实验 1 的最新记录详情成功，记录ID: 4
2025-05-30 17:34:25,615 - DEBUG - Yuxi - 进入 get_experiment_record_details，实验ID: 1, 用户ID: 3
2025-05-30 17:34:25,620 - DEBUG - Yuxi - 实验 1 共有 2 个步骤。
2025-05-30 17:34:25,620 - INFO - Yuxi - 用户 小谢 在实验 1 找到最新记录: ID=4, 整体状态=in_progress, 当前步骤ID=2
2025-05-30 17:34:25,620 - DEBUG - Yuxi - 
--- 处理步骤 1 ---
2025-05-30 17:34:25,622 - DEBUG - Yuxi - 步骤 1: 不匹配 record.current_step_id (2)，设置为 pending, score=0.0。
2025-05-30 17:34:25,622 - DEBUG - Yuxi - 步骤 1 最终输出 (不含答案): status='pending', score=0.0
2025-05-30 17:34:25,622 - DEBUG - Yuxi - 
--- 处理步骤 2 ---
2025-05-30 17:34:25,622 - DEBUG - Yuxi - 步骤 2: 匹配 record.current_step_id 且 record.status 为 IN_PROGRESS，设置为 answering, score=0.0。
2025-05-30 17:34:25,622 - DEBUG - Yuxi - 步骤 2 最终输出 (不含答案): status='answering', score=0.0
2025-05-30 17:34:25,622 - INFO - Yuxi - 用户 小谢 获取实验 1 的最新记录详情成功，记录ID: 4
2025-05-30 17:34:56,012 - INFO - Yuxi - 用户 小谢 继续实验 基于agent的视觉推理实验，更新当前步骤ID为: 1
2025-05-30 17:34:57,593 - DEBUG - Yuxi - 进入 get_experiment_record_details，实验ID: 1, 用户ID: 3
2025-05-30 17:34:57,596 - DEBUG - Yuxi - 实验 1 共有 2 个步骤。
2025-05-30 17:34:57,596 - INFO - Yuxi - 用户 小谢 在实验 1 找到最新记录: ID=4, 整体状态=in_progress, 当前步骤ID=1
2025-05-30 17:34:57,596 - DEBUG - Yuxi - 
--- 处理步骤 1 ---
2025-05-30 17:34:57,596 - DEBUG - Yuxi - 步骤 1: 匹配 record.current_step_id 且 record.status 为 IN_PROGRESS，设置为 answering, score=0.0。
2025-05-30 17:34:57,596 - DEBUG - Yuxi - 步骤 1 最终输出 (不含答案): status='answering', score=0.0
2025-05-30 17:34:57,596 - DEBUG - Yuxi - 
--- 处理步骤 2 ---
2025-05-30 17:34:57,596 - DEBUG - Yuxi - 步骤 2: 不匹配 record.current_step_id (1)，设置为 pending, score=0.0。
2025-05-30 17:34:57,596 - DEBUG - Yuxi - 步骤 2 最终输出 (不含答案): status='pending', score=0.0
2025-05-30 17:34:57,596 - INFO - Yuxi - 用户 小谢 获取实验 1 的最新记录详情成功，记录ID: 4
2025-05-30 17:34:58,811 - DEBUG - Yuxi - 进入 get_experiment_record_details，实验ID: 1, 用户ID: 3
2025-05-30 17:34:58,811 - DEBUG - Yuxi - 实验 1 共有 2 个步骤。
2025-05-30 17:34:58,816 - INFO - Yuxi - 用户 小谢 在实验 1 找到最新记录: ID=4, 整体状态=in_progress, 当前步骤ID=1
2025-05-30 17:34:58,816 - DEBUG - Yuxi - 
--- 处理步骤 1 ---
2025-05-30 17:34:58,816 - DEBUG - Yuxi - 步骤 1: 匹配 record.current_step_id 且 record.status 为 IN_PROGRESS，设置为 answering, score=0.0。
2025-05-30 17:34:58,816 - DEBUG - Yuxi - 步骤 1 最终输出 (不含答案): status='answering', score=0.0
2025-05-30 17:34:58,816 - DEBUG - Yuxi - 
--- 处理步骤 2 ---
2025-05-30 17:34:58,816 - DEBUG - Yuxi - 步骤 2: 不匹配 record.current_step_id (1)，设置为 pending, score=0.0。
2025-05-30 17:34:58,816 - DEBUG - Yuxi - 步骤 2 最终输出 (不含答案): status='pending', score=0.0
2025-05-30 17:34:58,816 - INFO - Yuxi - 用户 小谢 获取实验 1 的最新记录详情成功，记录ID: 4
2025-05-30 17:35:08,650 - INFO - Yuxi - 用户 小谢 继续实验 基于agent的视觉推理实验，更新当前步骤ID为: 2
2025-05-30 17:35:10,007 - DEBUG - Yuxi - 进入 get_experiment_record_details，实验ID: 1, 用户ID: 3
2025-05-30 17:35:10,008 - DEBUG - Yuxi - 实验 1 共有 2 个步骤。
2025-05-30 17:35:10,008 - INFO - Yuxi - 用户 小谢 在实验 1 找到最新记录: ID=4, 整体状态=in_progress, 当前步骤ID=2
2025-05-30 17:35:10,010 - DEBUG - Yuxi - 
--- 处理步骤 1 ---
2025-05-30 17:35:10,010 - DEBUG - Yuxi - 步骤 1: 不匹配 record.current_step_id (2)，设置为 pending, score=0.0。
2025-05-30 17:35:10,010 - DEBUG - Yuxi - 步骤 1 最终输出 (不含答案): status='pending', score=0.0
2025-05-30 17:35:10,010 - DEBUG - Yuxi - 
--- 处理步骤 2 ---
2025-05-30 17:35:10,010 - DEBUG - Yuxi - 步骤 2: 匹配 record.current_step_id 且 record.status 为 IN_PROGRESS，设置为 answering, score=0.0。
2025-05-30 17:35:10,010 - DEBUG - Yuxi - 步骤 2 最终输出 (不含答案): status='answering', score=0.0
2025-05-30 17:35:10,010 - INFO - Yuxi - 用户 小谢 获取实验 1 的最新记录详情成功，记录ID: 4
2025-05-30 17:35:12,394 - DEBUG - Yuxi - 进入 get_experiment_record_details，实验ID: 1, 用户ID: 3
2025-05-30 17:35:12,396 - DEBUG - Yuxi - 实验 1 共有 2 个步骤。
2025-05-30 17:35:12,396 - INFO - Yuxi - 用户 小谢 在实验 1 找到最新记录: ID=4, 整体状态=in_progress, 当前步骤ID=2
2025-05-30 17:35:12,396 - DEBUG - Yuxi - 
--- 处理步骤 1 ---
2025-05-30 17:35:12,396 - DEBUG - Yuxi - 步骤 1: 不匹配 record.current_step_id (2)，设置为 pending, score=0.0。
2025-05-30 17:35:12,396 - DEBUG - Yuxi - 步骤 1 最终输出 (不含答案): status='pending', score=0.0
2025-05-30 17:35:12,396 - DEBUG - Yuxi - 
--- 处理步骤 2 ---
2025-05-30 17:35:12,396 - DEBUG - Yuxi - 步骤 2: 匹配 record.current_step_id 且 record.status 为 IN_PROGRESS，设置为 answering, score=0.0。
2025-05-30 17:35:12,396 - DEBUG - Yuxi - 步骤 2 最终输出 (不含答案): status='answering', score=0.0
2025-05-30 17:35:12,396 - INFO - Yuxi - 用户 小谢 获取实验 1 的最新记录详情成功，记录ID: 4
2025-05-30 17:36:32,353 - DEBUG - Yuxi - 进入 get_experiment_record_details，实验ID: 1, 用户ID: 3
2025-05-30 17:36:32,358 - DEBUG - Yuxi - 实验 1 共有 2 个步骤。
2025-05-30 17:36:32,358 - INFO - Yuxi - 用户 小谢 在实验 1 找到最新记录: ID=4, 整体状态=in_progress, 当前步骤ID=2
2025-05-30 17:36:32,358 - DEBUG - Yuxi - 
--- 处理步骤 1 ---
2025-05-30 17:36:32,358 - DEBUG - Yuxi - 步骤 1: 不匹配 record.current_step_id (2)，设置为 pending, score=0.0。
2025-05-30 17:36:32,358 - DEBUG - Yuxi - 步骤 1 最终输出 (不含答案): status='pending', score=0.0
2025-05-30 17:36:32,358 - DEBUG - Yuxi - 
--- 处理步骤 2 ---
2025-05-30 17:36:32,358 - DEBUG - Yuxi - 步骤 2: 匹配 record.current_step_id 且 record.status 为 IN_PROGRESS，设置为 answering, score=0.0。
2025-05-30 17:36:32,358 - DEBUG - Yuxi - 步骤 2 最终输出 (不含答案): status='answering', score=0.0
2025-05-30 17:36:32,358 - INFO - Yuxi - 用户 小谢 获取实验 1 的最新记录详情成功，记录ID: 4
2025-05-30 17:36:37,366 - DEBUG - Yuxi - 进入 get_experiment_record_details，实验ID: 1, 用户ID: 3
2025-05-30 17:36:37,370 - DEBUG - Yuxi - 实验 1 共有 2 个步骤。
2025-05-30 17:36:37,370 - INFO - Yuxi - 用户 小谢 在实验 1 找到最新记录: ID=4, 整体状态=in_progress, 当前步骤ID=2
2025-05-30 17:36:37,370 - DEBUG - Yuxi - 
--- 处理步骤 1 ---
2025-05-30 17:36:37,371 - DEBUG - Yuxi - 步骤 1: 不匹配 record.current_step_id (2)，设置为 pending, score=0.0。
2025-05-30 17:36:37,371 - DEBUG - Yuxi - 步骤 1 最终输出 (不含答案): status='pending', score=0.0
2025-05-30 17:36:37,371 - DEBUG - Yuxi - 
--- 处理步骤 2 ---
2025-05-30 17:36:37,371 - DEBUG - Yuxi - 步骤 2: 匹配 record.current_step_id 且 record.status 为 IN_PROGRESS，设置为 answering, score=0.0。
2025-05-30 17:36:37,371 - DEBUG - Yuxi - 步骤 2 最终输出 (不含答案): status='answering', score=0.0
2025-05-30 17:36:37,371 - INFO - Yuxi - 用户 小谢 获取实验 1 的最新记录详情成功，记录ID: 4
