2025-06-03 16:25:03,229 - INFO - Yuxi - Loading config from saves\config\base.yaml
2025-06-03 16:25:03,750 - INFO - Yuxi - Database tables created/checked
2025-06-03 16:25:05,466 - DEBUG - Yuxi - 图数据库信息文件不存在：saves\knowledge_graph\neo4j\graph_info.json
2025-06-03 16:25:05,466 - DEBUG - Yuxi - 创建新的图数据库配置
2025-06-03 16:25:10,210 - INFO - Yuxi - WebSearcher initialized with Tavily client
2025-06-03 16:25:17,210 - DEBUG - Yuxi - 进入 get_experiment_record_details，整体实验ID: 1, 用户ID: 1
2025-06-03 16:25:17,213 - DEBUG - Yuxi - 实验 1 共有 3 个步骤。
2025-06-03 16:25:17,215 - DEBUG - Yuxi - 步骤 1: 未找到对应记录，默认为 'pending', 分数 0.0
2025-06-03 16:25:17,221 - DEBUG - Yuxi - 步骤 2: 未找到对应记录，默认为 'pending', 分数 0.0
2025-06-03 16:25:17,221 - DEBUG - Yuxi - 步骤 3: 未找到对应记录，默认为 'pending', 分数 0.0
2025-06-03 16:25:22,977 - INFO - Yuxi - 用户 admin 请求完成实验记录，数据: {'user_id': 1, 'experiment_id': 1, 'current_step_id': 1, 'score': 95.0}
2025-06-03 16:25:22,979 - ERROR - Yuxi - 未找到用户 1 在实验 1 下的进行中或未开始的记录。
2025-06-03 16:25:29,708 - INFO - Yuxi - 用户 admin 请求完成实验记录，数据: {'user_id': 1, 'experiment_id': 1, 'current_step_id': 1, 'score': 95.0}
2025-06-03 16:25:29,708 - ERROR - Yuxi - 未找到用户 1 在实验 1 下的进行中或未开始的记录。
2025-06-03 16:25:34,689 - DEBUG - Yuxi - 进入 get_experiment_record_details，整体实验ID: 1, 用户ID: 1
2025-06-03 16:25:34,689 - DEBUG - Yuxi - 实验 1 共有 3 个步骤。
2025-06-03 16:25:34,690 - DEBUG - Yuxi - 步骤 1: 未找到对应记录，默认为 'pending', 分数 0.0
2025-06-03 16:25:34,690 - DEBUG - Yuxi - 步骤 2: 未找到对应记录，默认为 'pending', 分数 0.0
2025-06-03 16:25:34,690 - DEBUG - Yuxi - 步骤 3: 未找到对应记录，默认为 'pending', 分数 0.0
2025-06-03 16:25:38,211 - INFO - Yuxi - 用户 admin 首次开始实验 基于agent的视觉推理实验，创建新记录: 1，当前步骤ID为: 1
2025-06-03 16:25:39,857 - DEBUG - Yuxi - 进入 get_experiment_record_details，整体实验ID: 1, 用户ID: 1
2025-06-03 16:25:39,858 - DEBUG - Yuxi - 实验 1 共有 3 个步骤。
2025-06-03 16:25:39,859 - DEBUG - Yuxi - 步骤 1: 找到记录 1，状态 'in_progress', 分数 0.0
2025-06-03 16:25:39,860 - DEBUG - Yuxi - 步骤 2: 未找到对应记录，默认为 'pending', 分数 0.0
2025-06-03 16:25:39,860 - DEBUG - Yuxi - 步骤 3: 未找到对应记录，默认为 'pending', 分数 0.0
2025-06-03 16:30:40,003 - INFO - Yuxi - 用户 admin 请求完成实验记录，数据: {'user_id': 1, 'experiment_id': 1, 'current_step_id': 1, 'score': 95.0}
2025-06-03 16:30:40,006 - INFO - Yuxi - 用户 admin 成功完成实验记录 1，得分: 0.0
2025-06-03 16:30:41,098 - DEBUG - Yuxi - 进入 get_experiment_record_details，整体实验ID: 1, 用户ID: 1
2025-06-03 16:30:41,099 - DEBUG - Yuxi - 实验 1 共有 3 个步骤。
2025-06-03 16:30:41,100 - DEBUG - Yuxi - 步骤 1: 找到记录 1，状态 'in_progress', 分数 0.0
2025-06-03 16:30:41,101 - DEBUG - Yuxi - 步骤 2: 未找到对应记录，默认为 'pending', 分数 0.0
2025-06-03 16:30:41,101 - DEBUG - Yuxi - 步骤 3: 未找到对应记录，默认为 'pending', 分数 0.0
2025-06-03 16:30:50,837 - DEBUG - Yuxi - 进入 get_experiment_record_details，整体实验ID: 1, 用户ID: 1
2025-06-03 16:30:50,838 - DEBUG - Yuxi - 实验 1 共有 3 个步骤。
2025-06-03 16:30:50,839 - DEBUG - Yuxi - 步骤 1: 找到记录 1，状态 'in_progress', 分数 0.0
2025-06-03 16:30:50,840 - DEBUG - Yuxi - 步骤 2: 未找到对应记录，默认为 'pending', 分数 0.0
2025-06-03 16:30:50,840 - DEBUG - Yuxi - 步骤 3: 未找到对应记录，默认为 'pending', 分数 0.0
