2025-06-02 15:42:53,602 - INFO - Yuxi - Loading config from saves\config\base.yaml
2025-06-02 15:42:54,137 - INFO - Yuxi - Database tables created/checked
2025-06-02 15:42:56,018 - DEBUG - Yuxi - 图数据库信息文件不存在：saves\knowledge_graph\neo4j\graph_info.json
2025-06-02 15:42:56,018 - DEBUG - Yuxi - 创建新的图数据库配置
2025-06-02 15:43:00,642 - INFO - Yuxi - WebSearcher initialized with Tavily client
2025-06-02 15:43:32,788 - DEBUG - Yuxi - 进入 get_experiment_record_details，实验ID: 1, 用户ID: 4
2025-06-02 15:43:32,798 - DEBUG - Yuxi - 实验 1 共有 3 个步骤。
2025-06-02 15:43:32,798 - INFO - Yuxi - 用户 小刘 在实验 1 找到最新记录: ID=3, 整体状态=in_progress, 当前步骤ID=2
2025-06-02 15:43:32,800 - DEBUG - Yuxi - 
--- 处理步骤 1 ---
2025-06-02 15:43:32,800 - DEBUG - Yuxi - 步骤 1: 不匹配 record.current_step_id (2)，设置为 pending, score=0.0。
2025-06-02 15:43:32,801 - DEBUG - Yuxi - 步骤 1 最终输出 (不含答案): status='pending', score=0.0
2025-06-02 15:43:32,801 - DEBUG - Yuxi - 
--- 处理步骤 2 ---
2025-06-02 15:43:32,801 - DEBUG - Yuxi - 步骤 2: 匹配 record.current_step_id 且 record.status 为 IN_PROGRESS，设置为 answering, score=0.0。
2025-06-02 15:43:32,801 - DEBUG - Yuxi - 步骤 2 最终输出 (不含答案): status='answering', score=0.0
2025-06-02 15:43:32,801 - DEBUG - Yuxi - 
--- 处理步骤 3 ---
2025-06-02 15:43:32,801 - DEBUG - Yuxi - 步骤 3: 不匹配 record.current_step_id (2)，设置为 pending, score=0.0。
2025-06-02 15:43:32,801 - DEBUG - Yuxi - 步骤 3 最终输出 (不含答案): status='pending', score=0.0
2025-06-02 15:43:32,801 - INFO - Yuxi - 用户 小刘 获取实验 1 的最新记录详情成功，记录ID: 3
2025-06-02 15:43:38,216 - DEBUG - Yuxi - 进入 get_experiment_record_details，实验ID: 1, 用户ID: 4
2025-06-02 15:43:38,216 - DEBUG - Yuxi - 实验 1 共有 3 个步骤。
2025-06-02 15:43:38,217 - INFO - Yuxi - 用户 小刘 在实验 1 找到最新记录: ID=3, 整体状态=in_progress, 当前步骤ID=2
2025-06-02 15:43:38,217 - DEBUG - Yuxi - 
--- 处理步骤 1 ---
2025-06-02 15:43:38,217 - DEBUG - Yuxi - 步骤 1: 不匹配 record.current_step_id (2)，设置为 pending, score=0.0。
2025-06-02 15:43:38,217 - DEBUG - Yuxi - 步骤 1 最终输出 (不含答案): status='pending', score=0.0
2025-06-02 15:43:38,217 - DEBUG - Yuxi - 
--- 处理步骤 2 ---
2025-06-02 15:43:38,217 - DEBUG - Yuxi - 步骤 2: 匹配 record.current_step_id 且 record.status 为 IN_PROGRESS，设置为 answering, score=0.0。
2025-06-02 15:43:38,217 - DEBUG - Yuxi - 步骤 2 最终输出 (不含答案): status='answering', score=0.0
2025-06-02 15:43:38,217 - DEBUG - Yuxi - 
--- 处理步骤 3 ---
2025-06-02 15:43:38,217 - DEBUG - Yuxi - 步骤 3: 不匹配 record.current_step_id (2)，设置为 pending, score=0.0。
2025-06-02 15:43:38,217 - DEBUG - Yuxi - 步骤 3 最终输出 (不含答案): status='pending', score=0.0
2025-06-02 15:43:38,217 - INFO - Yuxi - 用户 小刘 获取实验 1 的最新记录详情成功，记录ID: 3
2025-06-02 15:43:41,686 - INFO - Yuxi - 用户 小刘 继续实验 基于agent的视觉推理实验，更新当前步骤ID为: 2
2025-06-02 15:43:43,058 - DEBUG - Yuxi - 进入 get_experiment_record_details，实验ID: 1, 用户ID: 4
2025-06-02 15:43:43,060 - DEBUG - Yuxi - 实验 1 共有 3 个步骤。
2025-06-02 15:43:43,060 - INFO - Yuxi - 用户 小刘 在实验 1 找到最新记录: ID=3, 整体状态=in_progress, 当前步骤ID=2
2025-06-02 15:43:43,060 - DEBUG - Yuxi - 
--- 处理步骤 1 ---
2025-06-02 15:43:43,060 - DEBUG - Yuxi - 步骤 1: 不匹配 record.current_step_id (2)，设置为 pending, score=0.0。
2025-06-02 15:43:43,061 - DEBUG - Yuxi - 步骤 1 最终输出 (不含答案): status='pending', score=0.0
2025-06-02 15:43:43,061 - DEBUG - Yuxi - 
--- 处理步骤 2 ---
2025-06-02 15:43:43,061 - DEBUG - Yuxi - 步骤 2: 匹配 record.current_step_id 且 record.status 为 IN_PROGRESS，设置为 answering, score=0.0。
2025-06-02 15:43:43,061 - DEBUG - Yuxi - 步骤 2 最终输出 (不含答案): status='answering', score=0.0
2025-06-02 15:43:43,061 - DEBUG - Yuxi - 
--- 处理步骤 3 ---
2025-06-02 15:43:43,061 - DEBUG - Yuxi - 步骤 3: 不匹配 record.current_step_id (2)，设置为 pending, score=0.0。
2025-06-02 15:43:43,061 - DEBUG - Yuxi - 步骤 3 最终输出 (不含答案): status='pending', score=0.0
2025-06-02 15:43:43,061 - INFO - Yuxi - 用户 小刘 获取实验 1 的最新记录详情成功，记录ID: 3
2025-06-02 15:43:45,835 - DEBUG - Yuxi - 进入 get_experiment_record_details，实验ID: 1, 用户ID: 4
2025-06-02 15:43:45,839 - DEBUG - Yuxi - 实验 1 共有 3 个步骤。
2025-06-02 15:43:45,839 - INFO - Yuxi - 用户 小刘 在实验 1 找到最新记录: ID=3, 整体状态=in_progress, 当前步骤ID=2
2025-06-02 15:43:45,839 - DEBUG - Yuxi - 
--- 处理步骤 1 ---
2025-06-02 15:43:45,839 - DEBUG - Yuxi - 步骤 1: 不匹配 record.current_step_id (2)，设置为 pending, score=0.0。
2025-06-02 15:43:45,839 - DEBUG - Yuxi - 步骤 1 最终输出 (不含答案): status='pending', score=0.0
2025-06-02 15:43:45,839 - DEBUG - Yuxi - 
--- 处理步骤 2 ---
2025-06-02 15:43:45,839 - DEBUG - Yuxi - 步骤 2: 匹配 record.current_step_id 且 record.status 为 IN_PROGRESS，设置为 answering, score=0.0。
2025-06-02 15:43:45,839 - DEBUG - Yuxi - 步骤 2 最终输出 (不含答案): status='answering', score=0.0
2025-06-02 15:43:45,839 - DEBUG - Yuxi - 
--- 处理步骤 3 ---
2025-06-02 15:43:45,839 - DEBUG - Yuxi - 步骤 3: 不匹配 record.current_step_id (2)，设置为 pending, score=0.0。
2025-06-02 15:43:45,839 - DEBUG - Yuxi - 步骤 3 最终输出 (不含答案): status='pending', score=0.0
2025-06-02 15:43:45,839 - INFO - Yuxi - 用户 小刘 获取实验 1 的最新记录详情成功，记录ID: 3
2025-06-02 15:43:48,326 - INFO - Yuxi - 用户 小刘 继续实验 基于agent的视觉推理实验，更新当前步骤ID为: 2
2025-06-02 15:43:49,960 - DEBUG - Yuxi - 进入 get_experiment_record_details，实验ID: 1, 用户ID: 4
2025-06-02 15:43:49,960 - DEBUG - Yuxi - 实验 1 共有 3 个步骤。
2025-06-02 15:43:49,960 - INFO - Yuxi - 用户 小刘 在实验 1 找到最新记录: ID=3, 整体状态=in_progress, 当前步骤ID=2
2025-06-02 15:43:49,960 - DEBUG - Yuxi - 
--- 处理步骤 1 ---
2025-06-02 15:43:49,960 - DEBUG - Yuxi - 步骤 1: 不匹配 record.current_step_id (2)，设置为 pending, score=0.0。
2025-06-02 15:43:49,960 - DEBUG - Yuxi - 步骤 1 最终输出 (不含答案): status='pending', score=0.0
2025-06-02 15:43:49,960 - DEBUG - Yuxi - 
--- 处理步骤 2 ---
2025-06-02 15:43:49,960 - DEBUG - Yuxi - 步骤 2: 匹配 record.current_step_id 且 record.status 为 IN_PROGRESS，设置为 answering, score=0.0。
2025-06-02 15:43:49,965 - DEBUG - Yuxi - 步骤 2 最终输出 (不含答案): status='answering', score=0.0
2025-06-02 15:43:49,965 - DEBUG - Yuxi - 
--- 处理步骤 3 ---
2025-06-02 15:43:49,965 - DEBUG - Yuxi - 步骤 3: 不匹配 record.current_step_id (2)，设置为 pending, score=0.0。
2025-06-02 15:43:49,965 - DEBUG - Yuxi - 步骤 3 最终输出 (不含答案): status='pending', score=0.0
2025-06-02 15:43:49,965 - INFO - Yuxi - 用户 小刘 获取实验 1 的最新记录详情成功，记录ID: 3
2025-06-02 15:46:30,711 - INFO - Yuxi - 用户 小刘 请求完成实验记录，数据: {'user_id': 4, 'experiment_id': 1, 'current_step_id': None, 'score': 2.0}
2025-06-02 15:46:30,715 - INFO - Yuxi - 用户 小刘 成功完成实验记录 3，得分: 2.0
2025-06-02 15:46:34,662 - DEBUG - Yuxi - 进入 get_experiment_record_details，实验ID: 1, 用户ID: 4
2025-06-02 15:46:34,663 - DEBUG - Yuxi - 实验 1 共有 3 个步骤。
2025-06-02 15:46:34,663 - INFO - Yuxi - 用户 小刘 在实验 1 找到最新记录: ID=3, 整体状态=completed, 当前步骤ID=2
2025-06-02 15:46:34,664 - DEBUG - Yuxi - 
--- 处理步骤 1 ---
2025-06-02 15:46:34,664 - DEBUG - Yuxi - 步骤 1: 不匹配 record.current_step_id (2)，设置为 pending, score=0.0。
2025-06-02 15:46:34,664 - DEBUG - Yuxi - 步骤 1 最终输出 (不含答案): status='pending', score=0.0
2025-06-02 15:46:34,664 - DEBUG - Yuxi - 
--- 处理步骤 2 ---
2025-06-02 15:46:34,664 - DEBUG - Yuxi - 步骤 2: 匹配 record.current_step_id 且 record.status 为 COMPLETED，设置为 completed, score=2.0。
2025-06-02 15:46:34,664 - DEBUG - Yuxi - 步骤 2 最终输出 (不含答案): status='completed', score=2.0
2025-06-02 15:46:34,664 - DEBUG - Yuxi - 
--- 处理步骤 3 ---
2025-06-02 15:46:34,664 - DEBUG - Yuxi - 步骤 3: 不匹配 record.current_step_id (2)，设置为 pending, score=0.0。
2025-06-02 15:46:34,664 - DEBUG - Yuxi - 步骤 3 最终输出 (不含答案): status='pending', score=0.0
2025-06-02 15:46:34,664 - INFO - Yuxi - 用户 小刘 获取实验 1 的最新记录详情成功，记录ID: 3
