2025-05-30 16:59:23,129 - INFO - Yuxi - Loading config from saves\config\base.yaml
2025-05-30 16:59:23,674 - INFO - Yuxi - Database tables created/checked
2025-05-30 16:59:25,745 - DEBUG - Yuxi - 图数据库信息文件不存在：saves\knowledge_graph\neo4j\graph_info.json
2025-05-30 16:59:25,745 - DEBUG - Yuxi - 创建新的图数据库配置
2025-05-30 16:59:30,759 - INFO - Yuxi - WebSearcher initialized with Tavily client
2025-05-30 16:59:34,776 - DEBUG - Yuxi - 进入 get_experiment_record_details，实验ID: 1, 用户ID: 1
2025-05-30 16:59:34,782 - DEBUG - Yuxi - 实验 1 共有 2 个步骤。
2025-05-30 16:59:34,783 - INFO - Yuxi - 用户 admin 在实验 1 找到最新记录: ID=4, 整体状态=in_progress, 当前步骤ID=2
2025-05-30 16:59:34,785 - DEBUG - Yuxi - 
--- 处理步骤 1 ---
2025-05-30 16:59:34,785 - DEBUG - Yuxi - 步骤 1: 不匹配 record.current_step_id (2)，设置为 pending, score=0.0。
2025-05-30 16:59:34,785 - DEBUG - Yuxi - 步骤 1 最终输出 (不含答案): status='pending', score=0.0
2025-05-30 16:59:34,785 - DEBUG - Yuxi - 
--- 处理步骤 2 ---
2025-05-30 16:59:34,785 - DEBUG - Yuxi - 步骤 2: 匹配 record.current_step_id 且 record.status 为 IN_PROGRESS，设置为 answering, score=0.0。
2025-05-30 16:59:34,785 - DEBUG - Yuxi - 步骤 2 最终输出 (不含答案): status='answering', score=88.0
2025-05-30 16:59:34,786 - INFO - Yuxi - 用户 admin 获取实验 1 的最新记录详情成功，记录ID: 4
2025-05-30 16:59:38,475 - ERROR - Yuxi - 获取数据库列表失败 知识库未启用, Traceback (most recent call last):
  File "E:\source\PycharmProject\LabClass\server\routers\data_router.py", line 17, in get_databases
    database = knowledge_base.get_databases()
               ^^^^^^^^^^^^^^^^^^^^^^^^^^^^^^
  File "E:\source\PycharmProject\LabClass\src\core\knowledgebase.py", line 295, in get_databases
    assert config.enable_knowledge_base, "知识库未启用"
           ^^^^^^^^^^^^^^^^^^^^^^^^^^^^
AssertionError: 知识库未启用

2025-05-30 16:59:38,949 - ERROR - Yuxi - 获取数据库列表失败 知识库未启用, Traceback (most recent call last):
  File "E:\source\PycharmProject\LabClass\server\routers\data_router.py", line 17, in get_databases
    database = knowledge_base.get_databases()
               ^^^^^^^^^^^^^^^^^^^^^^^^^^^^^^
  File "E:\source\PycharmProject\LabClass\src\core\knowledgebase.py", line 295, in get_databases
    assert config.enable_knowledge_base, "知识库未启用"
           ^^^^^^^^^^^^^^^^^^^^^^^^^^^^
AssertionError: 知识库未启用

2025-05-30 16:59:40,384 - ERROR - Yuxi - 获取数据库列表失败 知识库未启用, Traceback (most recent call last):
  File "E:\source\PycharmProject\LabClass\server\routers\data_router.py", line 17, in get_databases
    database = knowledge_base.get_databases()
               ^^^^^^^^^^^^^^^^^^^^^^^^^^^^^^
  File "E:\source\PycharmProject\LabClass\src\core\knowledgebase.py", line 295, in get_databases
    assert config.enable_knowledge_base, "知识库未启用"
           ^^^^^^^^^^^^^^^^^^^^^^^^^^^^
AssertionError: 知识库未启用

2025-05-30 16:59:51,585 - ERROR - Yuxi - 获取数据库列表失败 知识库未启用, Traceback (most recent call last):
  File "E:\source\PycharmProject\LabClass\server\routers\data_router.py", line 17, in get_databases
    database = knowledge_base.get_databases()
               ^^^^^^^^^^^^^^^^^^^^^^^^^^^^^^
  File "E:\source\PycharmProject\LabClass\src\core\knowledgebase.py", line 295, in get_databases
    assert config.enable_knowledge_base, "知识库未启用"
           ^^^^^^^^^^^^^^^^^^^^^^^^^^^^
AssertionError: 知识库未启用

2025-05-30 17:00:08,229 - DEBUG - Yuxi - 进入 get_experiment_record_details，实验ID: 1, 用户ID: 2
2025-05-30 17:00:08,230 - DEBUG - Yuxi - 实验 1 共有 2 个步骤。
2025-05-30 17:00:08,230 - INFO - Yuxi - 用户 小明 在实验 1 找到最新记录: ID=2, 整体状态=in_progress, 当前步骤ID=1
2025-05-30 17:00:08,231 - DEBUG - Yuxi - 
--- 处理步骤 1 ---
2025-05-30 17:00:08,231 - DEBUG - Yuxi - 步骤 1: 匹配 record.current_step_id 且 record.status 为 IN_PROGRESS，设置为 answering, score=0.0。
2025-05-30 17:00:08,231 - DEBUG - Yuxi - 步骤 1 最终输出 (不含答案): status='answering', score=99.0
2025-05-30 17:00:08,231 - DEBUG - Yuxi - 
--- 处理步骤 2 ---
2025-05-30 17:00:08,231 - DEBUG - Yuxi - 步骤 2: 不匹配 record.current_step_id (1)，设置为 pending, score=0.0。
2025-05-30 17:00:08,231 - DEBUG - Yuxi - 步骤 2 最终输出 (不含答案): status='pending', score=0.0
2025-05-30 17:00:08,231 - INFO - Yuxi - 用户 小明 获取实验 1 的最新记录详情成功，记录ID: 2
2025-05-30 17:00:44,009 - DEBUG - Yuxi - 进入 get_experiment_record_details，实验ID: 1, 用户ID: 3
2025-05-30 17:00:45,266 - DEBUG - Yuxi - 进入 get_experiment_record_details，实验ID: 1, 用户ID: 3
2025-05-30 17:00:45,693 - DEBUG - Yuxi - 进入 get_experiment_record_details，实验ID: 1, 用户ID: 3
2025-05-30 17:00:46,476 - DEBUG - Yuxi - 进入 get_experiment_record_details，实验ID: 1, 用户ID: 3
2025-05-30 17:01:05,558 - DEBUG - Yuxi - 进入 get_experiment_record_details，实验ID: 1, 用户ID: 2
2025-05-30 17:01:05,559 - DEBUG - Yuxi - 实验 1 共有 2 个步骤。
2025-05-30 17:01:05,559 - INFO - Yuxi - 用户 小明 在实验 1 找到最新记录: ID=2, 整体状态=in_progress, 当前步骤ID=1
2025-05-30 17:01:05,559 - DEBUG - Yuxi - 
--- 处理步骤 1 ---
2025-05-30 17:01:05,559 - DEBUG - Yuxi - 步骤 1: 匹配 record.current_step_id 且 record.status 为 IN_PROGRESS，设置为 answering, score=0.0。
2025-05-30 17:01:05,559 - DEBUG - Yuxi - 步骤 1 最终输出 (不含答案): status='answering', score=99.0
2025-05-30 17:01:05,559 - DEBUG - Yuxi - 
--- 处理步骤 2 ---
2025-05-30 17:01:05,559 - DEBUG - Yuxi - 步骤 2: 不匹配 record.current_step_id (1)，设置为 pending, score=0.0。
2025-05-30 17:01:05,560 - DEBUG - Yuxi - 步骤 2 最终输出 (不含答案): status='pending', score=0.0
2025-05-30 17:01:05,560 - INFO - Yuxi - 用户 小明 获取实验 1 的最新记录详情成功，记录ID: 2
