2025-05-29 04:17:13,157 - INFO - Yuxi - Loading config from saves\config\base.yaml
2025-05-29 04:17:13,975 - INFO - Yuxi - Database tables created/checked
2025-05-29 04:17:16,844 - DEBUG - Yuxi - 图数据库信息文件不存在：saves\knowledge_graph\neo4j\graph_info.json
2025-05-29 04:17:16,844 - DEBUG - Yuxi - 创建新的图数据库配置
2025-05-29 04:17:23,711 - INFO - Yuxi - WebSearcher initialized with Tavily client
2025-05-29 04:17:26,837 - INFO - Yuxi - 用户 admin 获取实验 1 的所有步骤 (包含答案: False)
2025-05-29 04:17:27,167 - INFO - Yuxi - 用户 admin 获取实验 1 的记录详情，记录ID: 1
2025-05-29 04:17:34,958 - INFO - Yuxi - 用户 admin 继续实验 基于agent的视觉推理实验
2025-05-29 04:17:37,093 - INFO - Yuxi - 用户 admin 获取实验 1 的所有步骤 (包含答案: False)
2025-05-29 04:17:37,361 - INFO - Yuxi - 用户 admin 获取实验 1 的记录详情，记录ID: 1
2025-05-29 04:17:39,074 - INFO - Yuxi - 用户 admin 继续实验 基于agent的视觉推理实验
2025-05-29 04:17:39,388 - INFO - Yuxi - 用户 admin 获取实验 1 的所有步骤 (包含答案: False)
2025-05-29 04:17:39,655 - INFO - Yuxi - 用户 admin 获取实验 1 的记录详情，记录ID: 1
2025-05-29 04:18:10,279 - INFO - Yuxi - 用户 admin 继续实验 基于agent的视觉推理实验
2025-05-29 04:18:19,077 - INFO - Yuxi - 用户 admin 获取实验 1 的所有步骤 (包含答案: False)
2025-05-29 04:18:19,093 - INFO - Yuxi - 用户 admin 获取实验 1 的记录详情，记录ID: 1
2025-05-29 04:19:19,065 - INFO - Yuxi - 用户 admin 继续实验 基于agent的视觉推理实验
2025-05-29 04:19:19,330 - INFO - Yuxi - 用户 admin 获取实验 1 的所有步骤 (包含答案: False)
2025-05-29 04:19:19,386 - INFO - Yuxi - 用户 admin 获取实验 1 的记录详情，记录ID: 1
2025-05-29 04:27:10,909 - INFO - Yuxi - 用户 admin 继续实验 基于agent的视觉推理实验
2025-05-29 04:27:11,062 - INFO - Yuxi - 用户 admin 获取实验 1 的所有步骤 (包含答案: False)
2025-05-29 04:27:11,243 - INFO - Yuxi - 用户 admin 获取实验 1 的记录详情，记录ID: 1
2025-05-29 04:27:28,243 - INFO - Yuxi - 用户 admin 继续实验 基于agent的视觉推理实验
2025-05-29 04:27:28,258 - INFO - Yuxi - 用户 admin 获取实验 1 的所有步骤 (包含答案: False)
2025-05-29 04:27:28,273 - INFO - Yuxi - 用户 admin 获取实验 1 的记录详情，记录ID: 1
2025-05-29 04:27:31,880 - INFO - Yuxi - 用户 admin 继续实验 基于agent的视觉推理实验
2025-05-29 04:27:33,590 - INFO - Yuxi - 用户 admin 获取实验 1 的所有步骤 (包含答案: False)
2025-05-29 04:27:33,857 - INFO - Yuxi - 用户 admin 获取实验 1 的记录详情，记录ID: 1
2025-05-29 04:27:35,173 - INFO - Yuxi - 用户 admin 继续实验 基于agent的视觉推理实验
2025-05-29 04:27:35,509 - INFO - Yuxi - 用户 admin 获取实验 1 的所有步骤 (包含答案: False)
2025-05-29 04:27:35,772 - INFO - Yuxi - 用户 admin 获取实验 1 的记录详情，记录ID: 1
2025-05-29 04:27:42,186 - INFO - Yuxi - 用户 admin 继续实验 基于agent的视觉推理实验
2025-05-29 04:27:43,865 - INFO - Yuxi - 用户 admin 获取实验 1 的所有步骤 (包含答案: False)
2025-05-29 04:27:44,112 - INFO - Yuxi - 用户 admin 获取实验 1 的记录详情，记录ID: 1
2025-05-29 04:29:13,470 - INFO - Yuxi - 用户 admin 继续实验 基于agent的视觉推理实验
2025-05-29 04:29:13,804 - INFO - Yuxi - 用户 admin 获取实验 1 的所有步骤 (包含答案: False)
2025-05-29 04:29:14,052 - INFO - Yuxi - 用户 admin 获取实验 1 的记录详情，记录ID: 1
2025-05-29 04:29:33,070 - INFO - Yuxi - 用户 admin 继续实验 基于agent的视觉推理实验
2025-05-29 04:29:34,880 - INFO - Yuxi - 用户 admin 获取实验 1 的所有步骤 (包含答案: False)
2025-05-29 04:29:35,134 - INFO - Yuxi - 用户 admin 获取实验 1 的记录详情，记录ID: 1
2025-05-29 04:29:37,265 - INFO - Yuxi - 用户 admin 继续实验 基于agent的视觉推理实验
2025-05-29 04:29:37,588 - INFO - Yuxi - 用户 admin 获取实验 1 的所有步骤 (包含答案: False)
2025-05-29 04:29:37,856 - INFO - Yuxi - 用户 admin 获取实验 1 的记录详情，记录ID: 1
2025-05-29 04:38:18,336 - INFO - Yuxi - 用户 admin 继续实验 基于agent的视觉推理实验
2025-05-29 04:38:18,588 - INFO - Yuxi - 用户 admin 获取实验 1 的所有步骤 (包含答案: False)
2025-05-29 04:38:18,653 - INFO - Yuxi - 用户 admin 获取实验 1 的记录详情，记录ID: 1
2025-05-29 04:38:25,291 - INFO - Yuxi - 用户 admin 继续实验 基于agent的视觉推理实验
2025-05-29 04:38:25,306 - INFO - Yuxi - 用户 admin 获取实验 1 的所有步骤 (包含答案: False)
2025-05-29 04:38:25,320 - INFO - Yuxi - 用户 admin 获取实验 1 的记录详情，记录ID: 1
2025-05-29 04:38:27,917 - INFO - Yuxi - 用户 admin 继续实验 基于agent的视觉推理实验
2025-05-29 04:39:31,186 - INFO - Yuxi - 用户 admin 获取实验 1 的所有步骤 (包含答案: False)
2025-05-29 04:39:34,699 - INFO - Yuxi - 用户 admin 继续实验 基于agent的视觉推理实验
2025-05-29 04:39:34,718 - INFO - Yuxi - 用户 admin 获取实验 1 的所有步骤 (包含答案: False)
2025-05-29 04:39:34,743 - INFO - Yuxi - 用户 admin 获取实验 1 的记录详情，记录ID: 1
2025-05-29 04:39:35,789 - INFO - Yuxi - 用户 admin 继续实验 基于agent的视觉推理实验
2025-05-29 04:39:37,097 - INFO - Yuxi - 用户 admin 获取实验 1 的所有步骤 (包含答案: False)
2025-05-29 04:39:37,419 - INFO - Yuxi - 用户 admin 获取实验 1 的记录详情，记录ID: 1
2025-05-29 04:40:57,271 - INFO - Yuxi - 用户 admin 继续实验 基于agent的视觉推理实验
2025-05-29 04:40:57,598 - INFO - Yuxi - 用户 admin 获取实验 1 的所有步骤 (包含答案: False)
2025-05-29 04:40:57,853 - INFO - Yuxi - 用户 admin 获取实验 1 的记录详情，记录ID: 1
2025-05-29 04:41:03,234 - INFO - Yuxi - 用户 admin 继续实验 基于agent的视觉推理实验
2025-05-29 04:41:03,248 - INFO - Yuxi - 用户 admin 获取实验 1 的所有步骤 (包含答案: False)
2025-05-29 04:41:03,261 - INFO - Yuxi - 用户 admin 获取实验 1 的记录详情，记录ID: 1
2025-05-29 04:41:05,821 - INFO - Yuxi - 用户 admin 继续实验 基于agent的视觉推理实验
2025-05-29 04:42:54,483 - INFO - Yuxi - 用户 admin 获取实验 1 的所有步骤 (包含答案: False)
2025-05-29 04:42:54,591 - INFO - Yuxi - 用户 admin 继续实验 基于agent的视觉推理实验
2025-05-29 04:42:54,731 - INFO - Yuxi - 用户 admin 获取实验 1 的记录详情，记录ID: 1
2025-05-29 04:42:54,887 - INFO - Yuxi - 用户 admin 获取实验 1 的所有步骤 (包含答案: False)
2025-05-29 04:42:54,902 - INFO - Yuxi - 用户 admin 继续实验 基于agent的视觉推理实验
2025-05-29 04:42:54,908 - INFO - Yuxi - 用户 admin 获取实验 1 的记录详情，记录ID: 1
2025-05-29 04:42:55,046 - INFO - Yuxi - 用户 admin 获取实验 1 的所有步骤 (包含答案: False)
2025-05-29 04:42:55,208 - INFO - Yuxi - 用户 admin 获取实验 1 的记录详情，记录ID: 1
2025-05-29 04:43:03,016 - INFO - Yuxi - 用户 admin 继续实验 基于agent的视觉推理实验
2025-05-29 04:43:03,032 - INFO - Yuxi - 用户 admin 获取实验 1 的所有步骤 (包含答案: False)
2025-05-29 04:43:03,045 - INFO - Yuxi - 用户 admin 获取实验 1 的记录详情，记录ID: 1
2025-05-29 04:43:07,569 - INFO - Yuxi - 用户 admin 继续实验 基于agent的视觉推理实验
2025-05-29 04:43:15,344 - INFO - Yuxi - 用户 admin 获取实验 1 的所有步骤 (包含答案: False)
2025-05-29 04:43:15,603 - INFO - Yuxi - 用户 admin 获取实验 1 的记录详情，记录ID: 1
2025-05-29 04:47:42,093 - INFO - Yuxi - 用户 admin 继续实验 基于agent的视觉推理实验
2025-05-29 04:47:42,412 - INFO - Yuxi - 用户 admin 获取实验 1 的所有步骤 (包含答案: False)
2025-05-29 04:47:42,675 - INFO - Yuxi - 用户 admin 获取实验 1 的记录详情，记录ID: 1
2025-05-29 04:47:45,848 - INFO - Yuxi - 用户 admin 继续实验 基于agent的视觉推理实验
2025-05-29 04:47:47,555 - INFO - Yuxi - 用户 admin 获取实验 1 的所有步骤 (包含答案: False)
2025-05-29 04:47:47,800 - INFO - Yuxi - 用户 admin 获取实验 1 的记录详情，记录ID: 1
2025-05-29 04:47:48,703 - INFO - Yuxi - 用户 admin 继续实验 基于agent的视觉推理实验
2025-05-29 04:47:49,025 - INFO - Yuxi - 用户 admin 获取实验 1 的所有步骤 (包含答案: False)
2025-05-29 04:47:49,291 - INFO - Yuxi - 用户 admin 获取实验 1 的记录详情，记录ID: 1
2025-05-29 04:48:47,225 - INFO - Yuxi - 用户 admin 继续实验 基于agent的视觉推理实验
2025-05-29 04:48:47,387 - INFO - Yuxi - 用户 admin 获取实验 1 的所有步骤 (包含答案: False)
2025-05-29 04:48:47,560 - INFO - Yuxi - 用户 admin 获取实验 1 的记录详情，记录ID: 1
2025-05-29 04:48:50,316 - INFO - Yuxi - 用户 admin 继续实验 基于agent的视觉推理实验
2025-05-29 04:48:53,159 - INFO - Yuxi - 用户 admin 获取实验 1 的所有步骤 (包含答案: False)
2025-05-29 04:48:53,414 - INFO - Yuxi - 用户 admin 获取实验 1 的记录详情，记录ID: 1
2025-05-29 04:48:54,229 - INFO - Yuxi - 用户 admin 继续实验 基于agent的视觉推理实验
2025-05-29 04:48:54,559 - INFO - Yuxi - 用户 admin 获取实验 1 的所有步骤 (包含答案: False)
2025-05-29 04:48:54,822 - INFO - Yuxi - 用户 admin 获取实验 1 的记录详情，记录ID: 1
2025-05-29 04:49:07,028 - INFO - Yuxi - 用户 admin 继续实验 基于agent的视觉推理实验
2025-05-29 04:49:07,350 - INFO - Yuxi - 用户 admin 获取实验 1 的所有步骤 (包含答案: False)
2025-05-29 04:49:07,605 - INFO - Yuxi - 用户 admin 获取实验 1 的记录详情，记录ID: 1
2025-05-29 04:57:55,940 - INFO - Yuxi - 用户 admin 继续实验 基于agent的视觉推理实验
2025-05-29 04:57:55,957 - INFO - Yuxi - 用户 admin 获取实验 1 的所有步骤 (包含答案: False)
2025-05-29 04:57:56,120 - INFO - Yuxi - 用户 admin 获取实验 1 的记录详情，记录ID: 1
2025-05-29 04:58:22,886 - INFO - Yuxi - 用户 admin 继续实验 基于agent的视觉推理实验
2025-05-29 04:58:22,898 - INFO - Yuxi - 用户 admin 获取实验 1 的所有步骤 (包含答案: False)
2025-05-29 04:58:22,912 - INFO - Yuxi - 用户 admin 获取实验 1 的记录详情，记录ID: 1
2025-05-29 04:58:26,201 - INFO - Yuxi - 用户 admin 继续实验 基于agent的视觉推理实验
2025-05-29 04:58:26,515 - INFO - Yuxi - 用户 admin 获取实验 1 的所有步骤 (包含答案: False)
2025-05-29 04:58:26,773 - INFO - Yuxi - 用户 admin 获取实验 1 的记录详情，记录ID: 1
2025-05-29 04:58:28,012 - INFO - Yuxi - 用户 admin 继续实验 基于agent的视觉推理实验
2025-05-29 04:58:28,328 - INFO - Yuxi - 用户 admin 获取实验 1 的所有步骤 (包含答案: False)
2025-05-29 04:58:28,584 - INFO - Yuxi - 用户 admin 获取实验 1 的记录详情，记录ID: 1
2025-05-29 04:58:59,262 - INFO - Yuxi - 用户 admin 继续实验 基于agent的视觉推理实验
2025-05-29 04:58:59,273 - INFO - Yuxi - 用户 admin 获取实验 1 的所有步骤 (包含答案: False)
2025-05-29 04:58:59,291 - INFO - Yuxi - 用户 admin 获取实验 1 的记录详情，记录ID: 1
2025-05-29 04:59:03,058 - INFO - Yuxi - 用户 admin 继续实验 基于agent的视觉推理实验
2025-05-29 04:59:04,825 - INFO - Yuxi - 用户 admin 获取实验 1 的所有步骤 (包含答案: False)
2025-05-29 04:59:05,097 - INFO - Yuxi - 用户 admin 获取实验 1 的记录详情，记录ID: 1
2025-05-29 04:59:07,087 - INFO - Yuxi - 用户 admin 继续实验 基于agent的视觉推理实验
2025-05-29 04:59:07,408 - INFO - Yuxi - 用户 admin 获取实验 1 的所有步骤 (包含答案: False)
2025-05-29 04:59:07,670 - INFO - Yuxi - 用户 admin 获取实验 1 的记录详情，记录ID: 1
2025-05-29 05:03:44,313 - INFO - Yuxi - 用户 admin 获取实验 1 的记录详情，记录ID: 1
2025-05-29 05:03:50,049 - INFO - Yuxi - 用户 admin 继续实验 基于agent的视觉推理实验
2025-05-29 05:03:51,425 - INFO - Yuxi - 用户 admin 获取实验 1 的记录详情，记录ID: 1
2025-05-29 05:03:53,366 - INFO - Yuxi - 用户 admin 获取实验 1 的记录详情，记录ID: 1
2025-05-29 05:04:00,380 - INFO - Yuxi - 用户 admin 继续实验 基于agent的视觉推理实验
2025-05-29 05:04:03,734 - INFO - Yuxi - 用户 admin 获取实验 1 的记录详情，记录ID: 1
2025-05-29 05:04:05,024 - INFO - Yuxi - 用户 admin 获取实验 1 的记录详情，记录ID: 1
2025-05-29 05:05:58,812 - INFO - Yuxi - 用户 admin 获取实验 1 的记录详情，记录ID: 1
2025-05-29 05:06:07,705 - INFO - Yuxi - 用户 admin 继续实验 基于agent的视觉推理实验
2025-05-29 05:06:09,146 - INFO - Yuxi - 用户 admin 获取实验 1 的记录详情，记录ID: 1
2025-05-29 05:06:10,895 - INFO - Yuxi - 用户 admin 获取实验 1 的记录详情，记录ID: 1
2025-05-29 05:06:54,882 - INFO - Yuxi - 用户 admin 继续实验 基于agent的视觉推理实验
2025-05-29 05:06:58,992 - INFO - Yuxi - 用户 admin 获取实验 1 的记录详情，记录ID: 1
2025-05-29 05:07:02,750 - INFO - Yuxi - 用户 admin 获取实验 1 的记录详情，记录ID: 1
