2025-05-30 16:22:38,418 - INFO - Yuxi - Loading config from saves\config\base.yaml
2025-05-30 16:22:38,938 - INFO - Yuxi - Database tables created/checked
2025-05-30 16:22:40,778 - DEBUG - Yuxi - 图数据库信息文件不存在：saves\knowledge_graph\neo4j\graph_info.json
2025-05-30 16:22:40,778 - DEBUG - Yuxi - 创建新的图数据库配置
2025-05-30 16:22:45,105 - INFO - Yuxi - WebSearcher initialized with Tavily client
2025-05-30 16:22:50,260 - DEBUG - Yuxi - 进入 get_experiment_record_details，实验ID: 1, 用户ID: 1
2025-05-30 16:22:50,264 - DEBUG - Yuxi - 实验 1 共有 2 个步骤。
2025-05-30 16:22:50,265 - INFO - Yuxi - 用户 admin 在实验 1 找到最新记录: ID=4, 整体状态=in_progress
2025-05-30 16:22:50,272 - DEBUG - Yuxi - record.answers 为空或非字符串类型: None
2025-05-30 16:22:50,272 - DEBUG - Yuxi - 
--- 处理步骤 1 ---
2025-05-30 16:22:50,272 - DEBUG - Yuxi - 步骤 1 在 record_step_data 中的原始信息: None
2025-05-30 16:22:50,272 - DEBUG - Yuxi - 步骤 1: record_step_data 中无此步骤记录，设置为 status=pending, score=0.0, user_answer=None。
2025-05-30 16:22:50,272 - DEBUG - Yuxi - 步骤 1 最终输出 (不含答案): status='pending', score=0.0
2025-05-30 16:22:50,272 - DEBUG - Yuxi - 
--- 处理步骤 2 ---
2025-05-30 16:22:50,273 - DEBUG - Yuxi - 步骤 2 在 record_step_data 中的原始信息: None
2025-05-30 16:22:50,273 - DEBUG - Yuxi - 步骤 2: record_step_data 中无此步骤记录，设置为 status=pending, score=0.0, user_answer=None。
2025-05-30 16:22:50,273 - DEBUG - Yuxi - 步骤 2 最终输出 (不含答案): status='pending', score=0.0
2025-05-30 16:22:50,273 - INFO - Yuxi - 用户 admin 获取实验 1 的最新记录详情成功，记录ID: 4
