2025-05-30 16:49:46,941 - INFO - Yuxi - Loading config from saves\config\base.yaml
2025-05-30 16:49:47,451 - INFO - Yuxi - Database tables created/checked
2025-05-30 16:49:49,132 - DEBUG - Yuxi - 图数据库信息文件不存在：saves\knowledge_graph\neo4j\graph_info.json
2025-05-30 16:49:49,132 - DEBUG - Yuxi - 创建新的图数据库配置
2025-05-30 16:49:53,395 - INFO - Yuxi - WebSearcher initialized with Tavily client
2025-05-30 16:51:15,840 - DEBUG - Yuxi - 进入 get_experiment_record_details，实验ID: 1, 用户ID: 1
2025-05-30 16:51:15,851 - DEBUG - Yuxi - 实验 1 共有 2 个步骤。
2025-05-30 16:51:15,851 - INFO - Yuxi - 用户 admin 在实验 1 找到最新记录: ID=4, 整体状态=in_progress, 当前步骤ID=2
2025-05-30 16:51:15,858 - DEBUG - Yuxi - 
--- 处理步骤 1 ---
2025-05-30 16:51:15,858 - DEBUG - Yuxi - 步骤 1: 不匹配 record.current_step_id (2)，设置为 pending, score=0.0。
2025-05-30 16:51:15,858 - DEBUG - Yuxi - 步骤 1 最终输出 (不含答案): status='pending', score=0.0
2025-05-30 16:51:15,858 - DEBUG - Yuxi - 
--- 处理步骤 2 ---
2025-05-30 16:51:15,858 - DEBUG - Yuxi - 步骤 2: 匹配 record.current_step_id 且 record.status 为 IN_PROGRESS，设置为 answering, score=0.0。
2025-05-30 16:51:15,858 - DEBUG - Yuxi - 步骤 2 最终输出 (不含答案): status='answering', score=0.0
2025-05-30 16:51:15,861 - INFO - Yuxi - 用户 admin 获取实验 1 的最新记录详情成功，记录ID: 4
2025-05-30 16:51:24,383 - INFO - Yuxi - 用户 admin 继续实验 基于agent的视觉推理实验，更新当前步骤ID为: 1
2025-05-30 16:51:25,890 - DEBUG - Yuxi - 进入 get_experiment_record_details，实验ID: 1, 用户ID: 1
2025-05-30 16:51:25,892 - DEBUG - Yuxi - 实验 1 共有 2 个步骤。
2025-05-30 16:51:25,892 - INFO - Yuxi - 用户 admin 在实验 1 找到最新记录: ID=4, 整体状态=in_progress, 当前步骤ID=1
2025-05-30 16:51:25,893 - DEBUG - Yuxi - 
--- 处理步骤 1 ---
2025-05-30 16:51:25,893 - DEBUG - Yuxi - 步骤 1: 匹配 record.current_step_id 且 record.status 为 IN_PROGRESS，设置为 answering, score=0.0。
2025-05-30 16:51:25,893 - DEBUG - Yuxi - 步骤 1 最终输出 (不含答案): status='answering', score=0.0
2025-05-30 16:51:25,893 - DEBUG - Yuxi - 
--- 处理步骤 2 ---
2025-05-30 16:51:25,893 - DEBUG - Yuxi - 步骤 2: 不匹配 record.current_step_id (1)，设置为 pending, score=0.0。
2025-05-30 16:51:25,893 - DEBUG - Yuxi - 步骤 2 最终输出 (不含答案): status='pending', score=0.0
2025-05-30 16:51:25,894 - INFO - Yuxi - 用户 admin 获取实验 1 的最新记录详情成功，记录ID: 4
2025-05-30 16:51:27,285 - DEBUG - Yuxi - 进入 get_experiment_record_details，实验ID: 1, 用户ID: 1
2025-05-30 16:51:27,285 - DEBUG - Yuxi - 实验 1 共有 2 个步骤。
2025-05-30 16:51:27,289 - INFO - Yuxi - 用户 admin 在实验 1 找到最新记录: ID=4, 整体状态=in_progress, 当前步骤ID=1
2025-05-30 16:51:27,289 - DEBUG - Yuxi - 
--- 处理步骤 1 ---
2025-05-30 16:51:27,289 - DEBUG - Yuxi - 步骤 1: 匹配 record.current_step_id 且 record.status 为 IN_PROGRESS，设置为 answering, score=0.0。
2025-05-30 16:51:27,289 - DEBUG - Yuxi - 步骤 1 最终输出 (不含答案): status='answering', score=0.0
2025-05-30 16:51:27,289 - DEBUG - Yuxi - 
--- 处理步骤 2 ---
2025-05-30 16:51:27,290 - DEBUG - Yuxi - 步骤 2: 不匹配 record.current_step_id (1)，设置为 pending, score=0.0。
2025-05-30 16:51:27,290 - DEBUG - Yuxi - 步骤 2 最终输出 (不含答案): status='pending', score=0.0
2025-05-30 16:51:27,290 - INFO - Yuxi - 用户 admin 获取实验 1 的最新记录详情成功，记录ID: 4
