2025-06-08 12:54:11,416 - INFO - XiDian - Loading config from saves\config\base.yaml
2025-06-08 12:54:12,518 - INFO - XiDian - Database tables created/checked
2025-06-08 12:54:17,399 - DEBUG - XiDian - Loading embedding model siliconflow/BAAI/bge-m3
2025-06-08 12:54:17,468 - INFO - XiDian - Successfully connected to Milvus at http://localhost:19530
2025-06-08 12:54:17,469 - DEBUG - XiDian - 图数据库信息文件不存在：saves\knowledge_graph\neo4j\graph_info.json
2025-06-08 12:54:17,469 - DEBUG - XiDian - 创建新的图数据库配置
2025-06-08 12:54:51,720 - INFO - XiDian - WebSearcher initialized with Tavily client
2025-06-08 12:55:34,185 - DEBUG - XiDian - 进入 get_experiment_record_details，整体实验ID: 1, 用户ID: 1
2025-06-08 12:55:34,188 - DEBUG - XiDian - 实验 1 共有 10 个步骤。
2025-06-08 12:55:34,190 - DEBUG - XiDian - 步骤 1: 找到记录 3，状态 'completed', 分数 95.0
2025-06-08 12:55:34,190 - DEBUG - XiDian - 步骤 2: 未找到对应记录，默认为 'pending', 分数 0.0
2025-06-08 12:55:34,190 - DEBUG - XiDian - 步骤 3: 未找到对应记录，默认为 'pending', 分数 0.0
2025-06-08 12:55:34,190 - DEBUG - XiDian - 步骤 4: 找到记录 1，状态 'completed', 分数 90.0
2025-06-08 12:55:34,191 - DEBUG - XiDian - 步骤 5: 未找到对应记录，默认为 'pending', 分数 0.0
2025-06-08 12:55:34,191 - DEBUG - XiDian - 步骤 6: 未找到对应记录，默认为 'pending', 分数 0.0
2025-06-08 12:55:34,191 - DEBUG - XiDian - 步骤 7: 未找到对应记录，默认为 'pending', 分数 0.0
2025-06-08 12:55:34,191 - DEBUG - XiDian - 步骤 8: 未找到对应记录，默认为 'pending', 分数 0.0
2025-06-08 12:55:34,191 - DEBUG - XiDian - 步骤 9: 未找到对应记录，默认为 'pending', 分数 0.0
2025-06-08 12:55:34,191 - DEBUG - XiDian - 步骤 10: 未找到对应记录，默认为 'pending', 分数 0.0
2025-06-08 12:56:42,444 - DEBUG - XiDian - 进入 get_experiment_record_details，整体实验ID: 1, 用户ID: 5
2025-06-08 12:56:42,448 - DEBUG - XiDian - 实验 1 共有 10 个步骤。
2025-06-08 12:56:42,448 - DEBUG - XiDian - 步骤 1: 未找到对应记录，默认为 'pending', 分数 0.0
2025-06-08 12:56:42,448 - DEBUG - XiDian - 步骤 2: 未找到对应记录，默认为 'pending', 分数 0.0
2025-06-08 12:56:42,449 - DEBUG - XiDian - 步骤 3: 未找到对应记录，默认为 'pending', 分数 0.0
2025-06-08 12:56:42,449 - DEBUG - XiDian - 步骤 4: 未找到对应记录，默认为 'pending', 分数 0.0
2025-06-08 12:56:42,449 - DEBUG - XiDian - 步骤 5: 未找到对应记录，默认为 'pending', 分数 0.0
2025-06-08 12:56:42,449 - DEBUG - XiDian - 步骤 6: 未找到对应记录，默认为 'pending', 分数 0.0
2025-06-08 12:56:42,449 - DEBUG - XiDian - 步骤 7: 未找到对应记录，默认为 'pending', 分数 0.0
2025-06-08 12:56:42,449 - DEBUG - XiDian - 步骤 8: 未找到对应记录，默认为 'pending', 分数 0.0
2025-06-08 12:56:42,449 - DEBUG - XiDian - 步骤 9: 未找到对应记录，默认为 'pending', 分数 0.0
2025-06-08 12:56:42,450 - DEBUG - XiDian - 步骤 10: 未找到对应记录，默认为 'pending', 分数 0.0
2025-06-08 13:05:43,940 - DEBUG - XiDian - 进入 get_experiment_record_details，整体实验ID: 1, 用户ID: 5
2025-06-08 13:05:43,942 - DEBUG - XiDian - 实验 1 共有 10 个步骤。
2025-06-08 13:05:43,942 - DEBUG - XiDian - 步骤 1: 未找到对应记录，默认为 'pending', 分数 0.0
2025-06-08 13:05:43,942 - DEBUG - XiDian - 步骤 2: 未找到对应记录，默认为 'pending', 分数 0.0
2025-06-08 13:05:43,942 - DEBUG - XiDian - 步骤 3: 未找到对应记录，默认为 'pending', 分数 0.0
2025-06-08 13:05:43,944 - DEBUG - XiDian - 步骤 4: 未找到对应记录，默认为 'pending', 分数 0.0
2025-06-08 13:05:43,944 - DEBUG - XiDian - 步骤 5: 未找到对应记录，默认为 'pending', 分数 0.0
2025-06-08 13:05:43,944 - DEBUG - XiDian - 步骤 6: 未找到对应记录，默认为 'pending', 分数 0.0
2025-06-08 13:05:43,944 - DEBUG - XiDian - 步骤 7: 未找到对应记录，默认为 'pending', 分数 0.0
2025-06-08 13:05:43,944 - DEBUG - XiDian - 步骤 8: 未找到对应记录，默认为 'pending', 分数 0.0
2025-06-08 13:05:43,944 - DEBUG - XiDian - 步骤 9: 未找到对应记录，默认为 'pending', 分数 0.0
2025-06-08 13:05:43,944 - DEBUG - XiDian - 步骤 10: 未找到对应记录，默认为 'pending', 分数 0.0
2025-06-08 13:06:03,678 - DEBUG - XiDian - 进入 get_experiment_record_details，整体实验ID: 1, 用户ID: 5
2025-06-08 13:06:03,679 - DEBUG - XiDian - 实验 1 共有 10 个步骤。
2025-06-08 13:06:03,680 - DEBUG - XiDian - 步骤 1: 未找到对应记录，默认为 'pending', 分数 0.0
2025-06-08 13:06:03,680 - DEBUG - XiDian - 步骤 2: 未找到对应记录，默认为 'pending', 分数 0.0
2025-06-08 13:06:03,680 - DEBUG - XiDian - 步骤 3: 未找到对应记录，默认为 'pending', 分数 0.0
2025-06-08 13:06:03,680 - DEBUG - XiDian - 步骤 4: 未找到对应记录，默认为 'pending', 分数 0.0
2025-06-08 13:06:03,680 - DEBUG - XiDian - 步骤 5: 未找到对应记录，默认为 'pending', 分数 0.0
2025-06-08 13:06:03,680 - DEBUG - XiDian - 步骤 6: 未找到对应记录，默认为 'pending', 分数 0.0
2025-06-08 13:06:03,680 - DEBUG - XiDian - 步骤 7: 未找到对应记录，默认为 'pending', 分数 0.0
2025-06-08 13:06:03,680 - DEBUG - XiDian - 步骤 8: 未找到对应记录，默认为 'pending', 分数 0.0
2025-06-08 13:06:03,680 - DEBUG - XiDian - 步骤 9: 未找到对应记录，默认为 'pending', 分数 0.0
2025-06-08 13:06:03,680 - DEBUG - XiDian - 步骤 10: 未找到对应记录，默认为 'pending', 分数 0.0
2025-06-08 13:06:16,109 - INFO - XiDian - 用户 小红 首次开始实验 1 的步骤 1，创建新记录: 4
2025-06-08 13:06:16,125 - DEBUG - XiDian - 进入 get_experiment_record_details，整体实验ID: 1, 用户ID: 5
2025-06-08 13:06:16,129 - DEBUG - XiDian - 实验 1 共有 10 个步骤。
2025-06-08 13:06:16,131 - DEBUG - XiDian - 步骤 1: 找到记录 4，状态 'in_progress', 分数 0.0
2025-06-08 13:06:16,131 - DEBUG - XiDian - 步骤 2: 未找到对应记录，默认为 'pending', 分数 0.0
2025-06-08 13:06:16,132 - DEBUG - XiDian - 步骤 3: 未找到对应记录，默认为 'pending', 分数 0.0
2025-06-08 13:06:16,132 - DEBUG - XiDian - 步骤 4: 未找到对应记录，默认为 'pending', 分数 0.0
2025-06-08 13:06:16,132 - DEBUG - XiDian - 步骤 5: 未找到对应记录，默认为 'pending', 分数 0.0
2025-06-08 13:06:16,133 - DEBUG - XiDian - 步骤 6: 未找到对应记录，默认为 'pending', 分数 0.0
2025-06-08 13:06:16,133 - DEBUG - XiDian - 步骤 7: 未找到对应记录，默认为 'pending', 分数 0.0
2025-06-08 13:06:16,133 - DEBUG - XiDian - 步骤 8: 未找到对应记录，默认为 'pending', 分数 0.0
2025-06-08 13:06:16,134 - DEBUG - XiDian - 步骤 9: 未找到对应记录，默认为 'pending', 分数 0.0
2025-06-08 13:06:16,134 - DEBUG - XiDian - 步骤 10: 未找到对应记录，默认为 'pending', 分数 0.0
2025-06-08 13:06:56,684 - DEBUG - XiDian - 进入 get_experiment_record_details，整体实验ID: 1, 用户ID: 5
2025-06-08 13:06:56,685 - DEBUG - XiDian - 实验 1 共有 10 个步骤。
2025-06-08 13:06:56,686 - DEBUG - XiDian - 步骤 1: 找到记录 4，状态 'in_progress', 分数 0.0
2025-06-08 13:06:56,686 - DEBUG - XiDian - 步骤 2: 未找到对应记录，默认为 'pending', 分数 0.0
2025-06-08 13:06:56,686 - DEBUG - XiDian - 步骤 3: 未找到对应记录，默认为 'pending', 分数 0.0
2025-06-08 13:06:56,686 - DEBUG - XiDian - 步骤 4: 未找到对应记录，默认为 'pending', 分数 0.0
2025-06-08 13:06:56,686 - DEBUG - XiDian - 步骤 5: 未找到对应记录，默认为 'pending', 分数 0.0
2025-06-08 13:06:56,686 - DEBUG - XiDian - 步骤 6: 未找到对应记录，默认为 'pending', 分数 0.0
2025-06-08 13:06:56,686 - DEBUG - XiDian - 步骤 7: 未找到对应记录，默认为 'pending', 分数 0.0
2025-06-08 13:06:56,686 - DEBUG - XiDian - 步骤 8: 未找到对应记录，默认为 'pending', 分数 0.0
2025-06-08 13:06:56,686 - DEBUG - XiDian - 步骤 9: 未找到对应记录，默认为 'pending', 分数 0.0
2025-06-08 13:06:56,686 - DEBUG - XiDian - 步骤 10: 未找到对应记录，默认为 'pending', 分数 0.0
2025-06-08 13:07:02,658 - INFO - XiDian - 用户 小红 继续进行中的步骤 1 (记录 4)。
2025-06-08 13:07:02,667 - DEBUG - XiDian - 进入 get_experiment_record_details，整体实验ID: 1, 用户ID: 5
2025-06-08 13:07:02,669 - DEBUG - XiDian - 实验 1 共有 10 个步骤。
2025-06-08 13:07:02,669 - DEBUG - XiDian - 步骤 1: 找到记录 4，状态 'in_progress', 分数 0.0
2025-06-08 13:07:02,670 - DEBUG - XiDian - 步骤 2: 未找到对应记录，默认为 'pending', 分数 0.0
2025-06-08 13:07:02,670 - DEBUG - XiDian - 步骤 3: 未找到对应记录，默认为 'pending', 分数 0.0
2025-06-08 13:07:02,670 - DEBUG - XiDian - 步骤 4: 未找到对应记录，默认为 'pending', 分数 0.0
2025-06-08 13:07:02,670 - DEBUG - XiDian - 步骤 5: 未找到对应记录，默认为 'pending', 分数 0.0
2025-06-08 13:07:02,670 - DEBUG - XiDian - 步骤 6: 未找到对应记录，默认为 'pending', 分数 0.0
2025-06-08 13:07:02,670 - DEBUG - XiDian - 步骤 7: 未找到对应记录，默认为 'pending', 分数 0.0
2025-06-08 13:07:02,671 - DEBUG - XiDian - 步骤 8: 未找到对应记录，默认为 'pending', 分数 0.0
2025-06-08 13:07:02,671 - DEBUG - XiDian - 步骤 9: 未找到对应记录，默认为 'pending', 分数 0.0
2025-06-08 13:07:02,671 - DEBUG - XiDian - 步骤 10: 未找到对应记录，默认为 'pending', 分数 0.0
2025-06-08 13:07:05,153 - DEBUG - XiDian - 进入 get_experiment_record_details，整体实验ID: 1, 用户ID: 5
2025-06-08 13:07:05,155 - DEBUG - XiDian - 实验 1 共有 10 个步骤。
2025-06-08 13:07:05,156 - DEBUG - XiDian - 步骤 1: 找到记录 4，状态 'in_progress', 分数 0.0
2025-06-08 13:07:05,157 - DEBUG - XiDian - 步骤 2: 未找到对应记录，默认为 'pending', 分数 0.0
2025-06-08 13:07:05,157 - DEBUG - XiDian - 步骤 3: 未找到对应记录，默认为 'pending', 分数 0.0
2025-06-08 13:07:05,158 - DEBUG - XiDian - 步骤 4: 未找到对应记录，默认为 'pending', 分数 0.0
2025-06-08 13:07:05,159 - DEBUG - XiDian - 步骤 5: 未找到对应记录，默认为 'pending', 分数 0.0
2025-06-08 13:07:05,159 - DEBUG - XiDian - 步骤 6: 未找到对应记录，默认为 'pending', 分数 0.0
2025-06-08 13:07:05,160 - DEBUG - XiDian - 步骤 7: 未找到对应记录，默认为 'pending', 分数 0.0
2025-06-08 13:07:05,161 - DEBUG - XiDian - 步骤 8: 未找到对应记录，默认为 'pending', 分数 0.0
2025-06-08 13:07:05,161 - DEBUG - XiDian - 步骤 9: 未找到对应记录，默认为 'pending', 分数 0.0
2025-06-08 13:07:05,162 - DEBUG - XiDian - 步骤 10: 未找到对应记录，默认为 'pending', 分数 0.0
2025-06-08 13:07:58,789 - DEBUG - XiDian - 进入 get_experiment_record_details，整体实验ID: 1, 用户ID: 5
2025-06-08 13:07:58,791 - DEBUG - XiDian - 实验 1 共有 10 个步骤。
2025-06-08 13:07:58,792 - DEBUG - XiDian - 步骤 1: 找到记录 4，状态 'in_progress', 分数 0.0
2025-06-08 13:07:58,792 - DEBUG - XiDian - 步骤 2: 未找到对应记录，默认为 'pending', 分数 0.0
2025-06-08 13:07:58,792 - DEBUG - XiDian - 步骤 3: 未找到对应记录，默认为 'pending', 分数 0.0
2025-06-08 13:07:58,792 - DEBUG - XiDian - 步骤 4: 未找到对应记录，默认为 'pending', 分数 0.0
2025-06-08 13:07:58,792 - DEBUG - XiDian - 步骤 5: 未找到对应记录，默认为 'pending', 分数 0.0
2025-06-08 13:07:58,793 - DEBUG - XiDian - 步骤 6: 未找到对应记录，默认为 'pending', 分数 0.0
2025-06-08 13:07:58,793 - DEBUG - XiDian - 步骤 7: 未找到对应记录，默认为 'pending', 分数 0.0
2025-06-08 13:07:58,793 - DEBUG - XiDian - 步骤 8: 未找到对应记录，默认为 'pending', 分数 0.0
2025-06-08 13:07:58,793 - DEBUG - XiDian - 步骤 9: 未找到对应记录，默认为 'pending', 分数 0.0
2025-06-08 13:07:58,793 - DEBUG - XiDian - 步骤 10: 未找到对应记录，默认为 'pending', 分数 0.0
2025-06-08 13:08:03,123 - DEBUG - XiDian - 进入 get_experiment_record_details，整体实验ID: 1, 用户ID: 5
2025-06-08 13:08:03,125 - DEBUG - XiDian - 实验 1 共有 10 个步骤。
2025-06-08 13:08:03,126 - DEBUG - XiDian - 步骤 1: 找到记录 4，状态 'in_progress', 分数 0.0
2025-06-08 13:08:03,126 - DEBUG - XiDian - 步骤 2: 未找到对应记录，默认为 'pending', 分数 0.0
2025-06-08 13:08:03,126 - DEBUG - XiDian - 步骤 3: 未找到对应记录，默认为 'pending', 分数 0.0
2025-06-08 13:08:03,126 - DEBUG - XiDian - 步骤 4: 未找到对应记录，默认为 'pending', 分数 0.0
2025-06-08 13:08:03,126 - DEBUG - XiDian - 步骤 5: 未找到对应记录，默认为 'pending', 分数 0.0
2025-06-08 13:08:03,127 - DEBUG - XiDian - 步骤 6: 未找到对应记录，默认为 'pending', 分数 0.0
2025-06-08 13:08:03,127 - DEBUG - XiDian - 步骤 7: 未找到对应记录，默认为 'pending', 分数 0.0
2025-06-08 13:08:03,127 - DEBUG - XiDian - 步骤 8: 未找到对应记录，默认为 'pending', 分数 0.0
2025-06-08 13:08:03,127 - DEBUG - XiDian - 步骤 9: 未找到对应记录，默认为 'pending', 分数 0.0
2025-06-08 13:08:03,127 - DEBUG - XiDian - 步骤 10: 未找到对应记录，默认为 'pending', 分数 0.0
2025-06-08 13:09:19,048 - DEBUG - XiDian - 进入 get_experiment_record_details，整体实验ID: 1, 用户ID: 5
2025-06-08 13:09:19,050 - DEBUG - XiDian - 实验 1 共有 10 个步骤。
2025-06-08 13:09:19,051 - DEBUG - XiDian - 步骤 1: 找到记录 4，状态 'in_progress', 分数 0.0
2025-06-08 13:09:19,051 - DEBUG - XiDian - 步骤 2: 未找到对应记录，默认为 'pending', 分数 0.0
2025-06-08 13:09:19,052 - DEBUG - XiDian - 步骤 3: 未找到对应记录，默认为 'pending', 分数 0.0
2025-06-08 13:09:19,052 - DEBUG - XiDian - 步骤 4: 未找到对应记录，默认为 'pending', 分数 0.0
2025-06-08 13:09:19,052 - DEBUG - XiDian - 步骤 5: 未找到对应记录，默认为 'pending', 分数 0.0
2025-06-08 13:09:19,053 - DEBUG - XiDian - 步骤 6: 未找到对应记录，默认为 'pending', 分数 0.0
2025-06-08 13:09:19,053 - DEBUG - XiDian - 步骤 7: 未找到对应记录，默认为 'pending', 分数 0.0
2025-06-08 13:09:19,053 - DEBUG - XiDian - 步骤 8: 未找到对应记录，默认为 'pending', 分数 0.0
2025-06-08 13:09:19,054 - DEBUG - XiDian - 步骤 9: 未找到对应记录，默认为 'pending', 分数 0.0
2025-06-08 13:09:19,054 - DEBUG - XiDian - 步骤 10: 未找到对应记录，默认为 'pending', 分数 0.0
2025-06-08 13:09:40,449 - INFO - XiDian - 用户 小红 继续进行中的步骤 1 (记录 4)。
2025-06-08 13:09:40,461 - DEBUG - XiDian - 进入 get_experiment_record_details，整体实验ID: 1, 用户ID: 5
2025-06-08 13:09:40,463 - DEBUG - XiDian - 实验 1 共有 10 个步骤。
2025-06-08 13:09:40,463 - DEBUG - XiDian - 步骤 1: 找到记录 4，状态 'in_progress', 分数 0.0
2025-06-08 13:09:40,463 - DEBUG - XiDian - 步骤 2: 未找到对应记录，默认为 'pending', 分数 0.0
2025-06-08 13:09:40,463 - DEBUG - XiDian - 步骤 3: 未找到对应记录，默认为 'pending', 分数 0.0
2025-06-08 13:09:40,463 - DEBUG - XiDian - 步骤 4: 未找到对应记录，默认为 'pending', 分数 0.0
2025-06-08 13:09:40,468 - DEBUG - XiDian - 步骤 5: 未找到对应记录，默认为 'pending', 分数 0.0
2025-06-08 13:09:40,469 - DEBUG - XiDian - 步骤 6: 未找到对应记录，默认为 'pending', 分数 0.0
2025-06-08 13:09:40,469 - DEBUG - XiDian - 步骤 7: 未找到对应记录，默认为 'pending', 分数 0.0
2025-06-08 13:09:40,470 - DEBUG - XiDian - 步骤 8: 未找到对应记录，默认为 'pending', 分数 0.0
2025-06-08 13:09:40,470 - DEBUG - XiDian - 步骤 9: 未找到对应记录，默认为 'pending', 分数 0.0
2025-06-08 13:09:40,471 - DEBUG - XiDian - 步骤 10: 未找到对应记录，默认为 'pending', 分数 0.0
2025-06-08 13:09:42,112 - DEBUG - XiDian - 进入 get_experiment_record_details，整体实验ID: 1, 用户ID: 5
2025-06-08 13:09:42,114 - DEBUG - XiDian - 实验 1 共有 10 个步骤。
2025-06-08 13:09:42,114 - DEBUG - XiDian - 步骤 1: 找到记录 4，状态 'in_progress', 分数 0.0
2025-06-08 13:09:42,115 - DEBUG - XiDian - 步骤 2: 未找到对应记录，默认为 'pending', 分数 0.0
2025-06-08 13:09:42,115 - DEBUG - XiDian - 步骤 3: 未找到对应记录，默认为 'pending', 分数 0.0
2025-06-08 13:09:42,115 - DEBUG - XiDian - 步骤 4: 未找到对应记录，默认为 'pending', 分数 0.0
2025-06-08 13:09:42,115 - DEBUG - XiDian - 步骤 5: 未找到对应记录，默认为 'pending', 分数 0.0
2025-06-08 13:09:42,116 - DEBUG - XiDian - 步骤 6: 未找到对应记录，默认为 'pending', 分数 0.0
2025-06-08 13:09:42,116 - DEBUG - XiDian - 步骤 7: 未找到对应记录，默认为 'pending', 分数 0.0
2025-06-08 13:09:42,116 - DEBUG - XiDian - 步骤 8: 未找到对应记录，默认为 'pending', 分数 0.0
2025-06-08 13:09:42,116 - DEBUG - XiDian - 步骤 9: 未找到对应记录，默认为 'pending', 分数 0.0
2025-06-08 13:09:42,116 - DEBUG - XiDian - 步骤 10: 未找到对应记录，默认为 'pending', 分数 0.0
2025-06-08 13:09:49,050 - DEBUG - XiDian - 进入 get_experiment_record_details，整体实验ID: 1, 用户ID: 5
2025-06-08 13:09:49,050 - DEBUG - XiDian - 实验 1 共有 10 个步骤。
2025-06-08 13:09:49,050 - DEBUG - XiDian - 步骤 1: 找到记录 4，状态 'in_progress', 分数 0.0
2025-06-08 13:09:49,050 - DEBUG - XiDian - 步骤 2: 未找到对应记录，默认为 'pending', 分数 0.0
2025-06-08 13:09:49,050 - DEBUG - XiDian - 步骤 3: 未找到对应记录，默认为 'pending', 分数 0.0
2025-06-08 13:09:49,050 - DEBUG - XiDian - 步骤 4: 未找到对应记录，默认为 'pending', 分数 0.0
2025-06-08 13:09:49,050 - DEBUG - XiDian - 步骤 5: 未找到对应记录，默认为 'pending', 分数 0.0
2025-06-08 13:09:49,050 - DEBUG - XiDian - 步骤 6: 未找到对应记录，默认为 'pending', 分数 0.0
2025-06-08 13:09:49,050 - DEBUG - XiDian - 步骤 7: 未找到对应记录，默认为 'pending', 分数 0.0
2025-06-08 13:09:49,050 - DEBUG - XiDian - 步骤 8: 未找到对应记录，默认为 'pending', 分数 0.0
2025-06-08 13:09:49,050 - DEBUG - XiDian - 步骤 9: 未找到对应记录，默认为 'pending', 分数 0.0
2025-06-08 13:09:49,050 - DEBUG - XiDian - 步骤 10: 未找到对应记录，默认为 'pending', 分数 0.0
2025-06-08 13:10:10,465 - DEBUG - XiDian - 进入 get_experiment_record_details，整体实验ID: 1, 用户ID: 5
2025-06-08 13:10:10,465 - DEBUG - XiDian - 实验 1 共有 10 个步骤。
2025-06-08 13:10:10,466 - DEBUG - XiDian - 步骤 1: 找到记录 4，状态 'in_progress', 分数 0.0
2025-06-08 13:10:10,466 - DEBUG - XiDian - 步骤 2: 未找到对应记录，默认为 'pending', 分数 0.0
2025-06-08 13:10:10,466 - DEBUG - XiDian - 步骤 3: 未找到对应记录，默认为 'pending', 分数 0.0
2025-06-08 13:10:10,466 - DEBUG - XiDian - 步骤 4: 未找到对应记录，默认为 'pending', 分数 0.0
2025-06-08 13:10:10,469 - DEBUG - XiDian - 步骤 5: 未找到对应记录，默认为 'pending', 分数 0.0
2025-06-08 13:10:10,469 - DEBUG - XiDian - 步骤 6: 未找到对应记录，默认为 'pending', 分数 0.0
2025-06-08 13:10:10,469 - DEBUG - XiDian - 步骤 7: 未找到对应记录，默认为 'pending', 分数 0.0
2025-06-08 13:10:10,469 - DEBUG - XiDian - 步骤 8: 未找到对应记录，默认为 'pending', 分数 0.0
2025-06-08 13:10:10,469 - DEBUG - XiDian - 步骤 9: 未找到对应记录，默认为 'pending', 分数 0.0
2025-06-08 13:10:10,469 - DEBUG - XiDian - 步骤 10: 未找到对应记录，默认为 'pending', 分数 0.0
2025-06-08 13:31:30,250 - DEBUG - XiDian - 进入 get_experiment_record_details，整体实验ID: 1, 用户ID: 1
2025-06-08 13:31:30,253 - DEBUG - XiDian - 实验 1 共有 10 个步骤。
2025-06-08 13:31:30,254 - DEBUG - XiDian - 步骤 1: 找到记录 3，状态 'completed', 分数 95.0
2025-06-08 13:31:30,254 - DEBUG - XiDian - 步骤 2: 未找到对应记录，默认为 'pending', 分数 0.0
2025-06-08 13:31:30,254 - DEBUG - XiDian - 步骤 3: 未找到对应记录，默认为 'pending', 分数 0.0
2025-06-08 13:31:30,254 - DEBUG - XiDian - 步骤 4: 找到记录 1，状态 'completed', 分数 90.0
2025-06-08 13:31:30,254 - DEBUG - XiDian - 步骤 5: 未找到对应记录，默认为 'pending', 分数 0.0
2025-06-08 13:31:30,254 - DEBUG - XiDian - 步骤 6: 未找到对应记录，默认为 'pending', 分数 0.0
2025-06-08 13:31:30,254 - DEBUG - XiDian - 步骤 7: 未找到对应记录，默认为 'pending', 分数 0.0
2025-06-08 13:31:30,256 - DEBUG - XiDian - 步骤 8: 未找到对应记录，默认为 'pending', 分数 0.0
2025-06-08 13:31:30,256 - DEBUG - XiDian - 步骤 9: 未找到对应记录，默认为 'pending', 分数 0.0
2025-06-08 13:31:30,256 - DEBUG - XiDian - 步骤 10: 未找到对应记录，默认为 'pending', 分数 0.0
2025-06-08 13:31:40,129 - DEBUG - XiDian - 进入 get_experiment_record_details，整体实验ID: 1, 用户ID: 1
2025-06-08 13:31:40,131 - DEBUG - XiDian - 实验 1 共有 10 个步骤。
2025-06-08 13:31:40,133 - DEBUG - XiDian - 步骤 1: 找到记录 3，状态 'completed', 分数 95.0
2025-06-08 13:31:40,133 - DEBUG - XiDian - 步骤 2: 未找到对应记录，默认为 'pending', 分数 0.0
2025-06-08 13:31:40,133 - DEBUG - XiDian - 步骤 3: 未找到对应记录，默认为 'pending', 分数 0.0
2025-06-08 13:31:40,133 - DEBUG - XiDian - 步骤 4: 找到记录 1，状态 'completed', 分数 90.0
2025-06-08 13:31:40,133 - DEBUG - XiDian - 步骤 5: 未找到对应记录，默认为 'pending', 分数 0.0
2025-06-08 13:31:40,133 - DEBUG - XiDian - 步骤 6: 未找到对应记录，默认为 'pending', 分数 0.0
2025-06-08 13:31:40,133 - DEBUG - XiDian - 步骤 7: 未找到对应记录，默认为 'pending', 分数 0.0
2025-06-08 13:31:40,133 - DEBUG - XiDian - 步骤 8: 未找到对应记录，默认为 'pending', 分数 0.0
2025-06-08 13:31:40,133 - DEBUG - XiDian - 步骤 9: 未找到对应记录，默认为 'pending', 分数 0.0
2025-06-08 13:31:40,134 - DEBUG - XiDian - 步骤 10: 未找到对应记录，默认为 'pending', 分数 0.0
2025-06-08 13:31:59,323 - INFO - XiDian - 用户 admin 首次开始实验 1 的步骤 2，创建新记录: 5
2025-06-08 13:31:59,334 - DEBUG - XiDian - 进入 get_experiment_record_details，整体实验ID: 1, 用户ID: 1
2025-06-08 13:31:59,335 - DEBUG - XiDian - 实验 1 共有 10 个步骤。
2025-06-08 13:31:59,336 - DEBUG - XiDian - 步骤 1: 找到记录 3，状态 'completed', 分数 95.0
2025-06-08 13:31:59,337 - DEBUG - XiDian - 步骤 2: 找到记录 5，状态 'in_progress', 分数 0.0
2025-06-08 13:31:59,337 - DEBUG - XiDian - 步骤 3: 未找到对应记录，默认为 'pending', 分数 0.0
2025-06-08 13:31:59,337 - DEBUG - XiDian - 步骤 4: 找到记录 1，状态 'completed', 分数 90.0
2025-06-08 13:31:59,337 - DEBUG - XiDian - 步骤 5: 未找到对应记录，默认为 'pending', 分数 0.0
2025-06-08 13:31:59,337 - DEBUG - XiDian - 步骤 6: 未找到对应记录，默认为 'pending', 分数 0.0
2025-06-08 13:31:59,338 - DEBUG - XiDian - 步骤 7: 未找到对应记录，默认为 'pending', 分数 0.0
2025-06-08 13:31:59,338 - DEBUG - XiDian - 步骤 8: 未找到对应记录，默认为 'pending', 分数 0.0
2025-06-08 13:31:59,338 - DEBUG - XiDian - 步骤 9: 未找到对应记录，默认为 'pending', 分数 0.0
2025-06-08 13:31:59,338 - DEBUG - XiDian - 步骤 10: 未找到对应记录，默认为 'pending', 分数 0.0
