2025-06-03 16:32:47,452 - INFO - Yuxi - Loading config from saves\config\base.yaml
2025-06-03 16:32:48,125 - INFO - Yuxi - Database tables created/checked
2025-06-03 16:32:49,974 - DEBUG - Yuxi - 图数据库信息文件不存在：saves\knowledge_graph\neo4j\graph_info.json
2025-06-03 16:32:49,974 - DEBUG - Yuxi - 创建新的图数据库配置
2025-06-03 16:32:54,006 - INFO - Yuxi - WebSearcher initialized with Tavily client
2025-06-03 16:34:27,146 - INFO - Yuxi - 用户 admin 请求完成实验记录，数据: {'user_id': 1, 'experiment_id': 1, 'current_step_id': 1, 'score': 95.0}
2025-06-03 16:34:27,197 - INFO - Yuxi - 用户 admin 成功完成实验记录 1，得分: 95.0
2025-06-03 16:34:28,379 - DEBUG - Yuxi - 进入 get_experiment_record_details，整体实验ID: 1, 用户ID: 1
2025-06-03 16:34:28,383 - DEBUG - Yuxi - 实验 1 共有 3 个步骤。
2025-06-03 16:34:28,384 - DEBUG - Yuxi - 步骤 1: 找到记录 1，状态 'completed', 分数 95.0
2025-06-03 16:34:28,384 - DEBUG - Yuxi - 步骤 2: 未找到对应记录，默认为 'pending', 分数 0.0
2025-06-03 16:34:28,384 - DEBUG - Yuxi - 步骤 3: 未找到对应记录，默认为 'pending', 分数 0.0
2025-06-03 16:34:39,893 - INFO - Yuxi - 用户 admin 尝试开始已完成的实验 基于agent的视觉推理实验。返回现有记录 1，分数 95.0 不变，当前步骤ID更新为: 2
2025-06-03 16:34:40,469 - DEBUG - Yuxi - 进入 get_experiment_record_details，整体实验ID: 1, 用户ID: 1
2025-06-03 16:34:40,470 - DEBUG - Yuxi - 实验 1 共有 3 个步骤。
2025-06-03 16:34:40,471 - DEBUG - Yuxi - 步骤 1: 未找到对应记录，默认为 'pending', 分数 0.0
2025-06-03 16:34:40,471 - DEBUG - Yuxi - 步骤 2: 找到记录 1，状态 'completed', 分数 95.0
2025-06-03 16:34:40,471 - DEBUG - Yuxi - 步骤 3: 未找到对应记录，默认为 'pending', 分数 0.0
2025-06-03 16:34:41,724 - DEBUG - Yuxi - 进入 get_experiment_record_details，整体实验ID: 1, 用户ID: 1
2025-06-03 16:34:41,725 - DEBUG - Yuxi - 实验 1 共有 3 个步骤。
2025-06-03 16:34:41,725 - DEBUG - Yuxi - 步骤 1: 未找到对应记录，默认为 'pending', 分数 0.0
2025-06-03 16:34:41,725 - DEBUG - Yuxi - 步骤 2: 找到记录 1，状态 'completed', 分数 95.0
2025-06-03 16:34:41,725 - DEBUG - Yuxi - 步骤 3: 未找到对应记录，默认为 'pending', 分数 0.0
