2025-06-04 11:46:12,866 - INFO - Yuxi - Loading config from saves\config\base.yaml
2025-06-04 11:46:13,432 - INFO - Yuxi - Database tables created/checked
2025-06-04 11:46:15,954 - DEBUG - Yuxi - Loading embedding model siliconflow/BAAI/bge-m3
2025-06-04 11:46:16,066 - INFO - Yuxi - Successfully connected to Milvus at http://localhost:19530
2025-06-04 11:46:16,068 - DEBUG - Yuxi - 图数据库信息文件不存在：saves\knowledge_graph\neo4j\graph_info.json
2025-06-04 11:46:16,068 - DEBUG - Yuxi - 创建新的图数据库配置
2025-06-04 11:46:19,876 - INFO - Yuxi - WebSearcher initialized with Tavily client
2025-06-04 11:46:48,964 - DEBUG - Yuxi - 进入 get_experiment_record_details，整体实验ID: 1, 用户ID: 2
2025-06-04 11:46:48,970 - DEBUG - Yuxi - 实验 1 共有 3 个步骤。
2025-06-04 11:46:48,972 - DEBUG - Yuxi - 步骤 1: 未找到对应记录，默认为 'pending', 分数 0.0
2025-06-04 11:46:48,972 - DEBUG - Yuxi - 步骤 2: 未找到对应记录，默认为 'pending', 分数 0.0
2025-06-04 11:46:48,972 - DEBUG - Yuxi - 步骤 3: 未找到对应记录，默认为 'pending', 分数 0.0
2025-06-04 11:50:10,519 - DEBUG - Yuxi - 进入 get_experiment_record_details，整体实验ID: 1, 用户ID: 1
2025-06-04 11:50:10,520 - DEBUG - Yuxi - 实验 1 共有 3 个步骤。
2025-06-04 11:50:10,521 - DEBUG - Yuxi - 步骤 1: 未找到对应记录，默认为 'pending', 分数 0.0
2025-06-04 11:50:10,521 - DEBUG - Yuxi - 步骤 2: 未找到对应记录，默认为 'pending', 分数 0.0
2025-06-04 11:50:10,521 - DEBUG - Yuxi - 步骤 3: 未找到对应记录，默认为 'pending', 分数 0.0
2025-06-04 11:50:26,475 - DEBUG - Yuxi - 进入 get_experiment_record_details，整体实验ID: 1, 用户ID: 1
2025-06-04 11:50:26,476 - DEBUG - Yuxi - 实验 1 共有 3 个步骤。
2025-06-04 11:50:26,476 - DEBUG - Yuxi - 步骤 1: 未找到对应记录，默认为 'pending', 分数 0.0
2025-06-04 11:50:26,477 - DEBUG - Yuxi - 步骤 2: 未找到对应记录，默认为 'pending', 分数 0.0
2025-06-04 11:50:26,477 - DEBUG - Yuxi - 步骤 3: 未找到对应记录，默认为 'pending', 分数 0.0
2025-06-04 11:50:47,415 - DEBUG - Yuxi - 进入 get_experiment_record_details，整体实验ID: 1, 用户ID: 1
2025-06-04 11:50:47,416 - DEBUG - Yuxi - 实验 1 共有 3 个步骤。
2025-06-04 11:50:47,417 - DEBUG - Yuxi - 步骤 1: 未找到对应记录，默认为 'pending', 分数 0.0
2025-06-04 11:50:47,417 - DEBUG - Yuxi - 步骤 2: 未找到对应记录，默认为 'pending', 分数 0.0
2025-06-04 11:50:47,417 - DEBUG - Yuxi - 步骤 3: 未找到对应记录，默认为 'pending', 分数 0.0
