2025-06-02 11:11:37,108 - INFO - Yuxi - Loading config from saves\config\base.yaml
2025-06-02 11:11:37,699 - INFO - Yuxi - Database tables created/checked
2025-06-02 11:11:40,093 - DEBUG - Yuxi - 图数据库信息文件不存在：saves\knowledge_graph\neo4j\graph_info.json
2025-06-02 11:11:40,093 - DEBUG - Yuxi - 创建新的图数据库配置
2025-06-02 11:11:44,465 - INFO - Yuxi - WebSearcher initialized with Tavily client
2025-06-02 11:11:52,467 - DEBUG - Yuxi - 进入 get_experiment_record_details，实验ID: 1, 用户ID: 3
2025-06-02 11:11:52,475 - DEBUG - Yuxi - 实验 1 共有 3 个步骤。
2025-06-02 11:11:52,475 - INFO - Yuxi - 用户 小谢 在实验 1 找到最新记录: ID=4, 整体状态=in_progress, 当前步骤ID=2
2025-06-02 11:11:52,475 - DEBUG - Yuxi - 
--- 处理步骤 1 ---
2025-06-02 11:11:52,475 - DEBUG - Yuxi - 步骤 1: 不匹配 record.current_step_id (2)，设置为 pending, score=0.0。
2025-06-02 11:11:52,475 - DEBUG - Yuxi - 步骤 1 最终输出 (不含答案): status='pending', score=0.0
2025-06-02 11:11:52,475 - DEBUG - Yuxi - 
--- 处理步骤 2 ---
2025-06-02 11:11:52,475 - DEBUG - Yuxi - 步骤 2: 匹配 record.current_step_id 且 record.status 为 IN_PROGRESS，设置为 answering, score=0.0。
2025-06-02 11:11:52,475 - DEBUG - Yuxi - 步骤 2 最终输出 (不含答案): status='answering', score=0.0
2025-06-02 11:11:52,475 - DEBUG - Yuxi - 
--- 处理步骤 3 ---
2025-06-02 11:11:52,478 - DEBUG - Yuxi - 步骤 3: 不匹配 record.current_step_id (2)，设置为 pending, score=0.0。
2025-06-02 11:11:52,478 - DEBUG - Yuxi - 步骤 3 最终输出 (不含答案): status='pending', score=0.0
2025-06-02 11:11:52,478 - INFO - Yuxi - 用户 小谢 获取实验 1 的最新记录详情成功，记录ID: 4
2025-06-02 11:11:57,487 - DEBUG - Yuxi - 进入 get_experiment_record_details，实验ID: 1, 用户ID: 3
2025-06-02 11:11:57,488 - DEBUG - Yuxi - 实验 1 共有 3 个步骤。
2025-06-02 11:11:57,488 - INFO - Yuxi - 用户 小谢 在实验 1 找到最新记录: ID=4, 整体状态=in_progress, 当前步骤ID=2
2025-06-02 11:11:57,488 - DEBUG - Yuxi - 
--- 处理步骤 1 ---
2025-06-02 11:11:57,488 - DEBUG - Yuxi - 步骤 1: 不匹配 record.current_step_id (2)，设置为 pending, score=0.0。
2025-06-02 11:11:57,488 - DEBUG - Yuxi - 步骤 1 最终输出 (不含答案): status='pending', score=0.0
2025-06-02 11:11:57,488 - DEBUG - Yuxi - 
--- 处理步骤 2 ---
2025-06-02 11:11:57,488 - DEBUG - Yuxi - 步骤 2: 匹配 record.current_step_id 且 record.status 为 IN_PROGRESS，设置为 answering, score=0.0。
2025-06-02 11:11:57,488 - DEBUG - Yuxi - 步骤 2 最终输出 (不含答案): status='answering', score=0.0
2025-06-02 11:11:57,488 - DEBUG - Yuxi - 
--- 处理步骤 3 ---
2025-06-02 11:11:57,488 - DEBUG - Yuxi - 步骤 3: 不匹配 record.current_step_id (2)，设置为 pending, score=0.0。
2025-06-02 11:11:57,488 - DEBUG - Yuxi - 步骤 3 最终输出 (不含答案): status='pending', score=0.0
2025-06-02 11:11:57,488 - INFO - Yuxi - 用户 小谢 获取实验 1 的最新记录详情成功，记录ID: 4
2025-06-02 11:12:02,403 - INFO - Yuxi - 用户 小谢 继续实验 基于agent的视觉推理实验，更新当前步骤ID为: 3
2025-06-02 11:12:05,136 - DEBUG - Yuxi - 进入 get_experiment_record_details，实验ID: 1, 用户ID: 3
2025-06-02 11:12:05,138 - DEBUG - Yuxi - 实验 1 共有 3 个步骤。
2025-06-02 11:12:05,138 - INFO - Yuxi - 用户 小谢 在实验 1 找到最新记录: ID=4, 整体状态=in_progress, 当前步骤ID=3
2025-06-02 11:12:05,138 - DEBUG - Yuxi - 
--- 处理步骤 1 ---
2025-06-02 11:12:05,138 - DEBUG - Yuxi - 步骤 1: 不匹配 record.current_step_id (3)，设置为 pending, score=0.0。
2025-06-02 11:12:05,138 - DEBUG - Yuxi - 步骤 1 最终输出 (不含答案): status='pending', score=0.0
2025-06-02 11:12:05,138 - DEBUG - Yuxi - 
--- 处理步骤 2 ---
2025-06-02 11:12:05,138 - DEBUG - Yuxi - 步骤 2: 不匹配 record.current_step_id (3)，设置为 pending, score=0.0。
2025-06-02 11:12:05,138 - DEBUG - Yuxi - 步骤 2 最终输出 (不含答案): status='pending', score=0.0
2025-06-02 11:12:05,138 - DEBUG - Yuxi - 
--- 处理步骤 3 ---
2025-06-02 11:12:05,138 - DEBUG - Yuxi - 步骤 3: 匹配 record.current_step_id 且 record.status 为 IN_PROGRESS，设置为 answering, score=0.0。
2025-06-02 11:12:05,138 - DEBUG - Yuxi - 步骤 3 最终输出 (不含答案): status='answering', score=0.0
2025-06-02 11:12:05,139 - INFO - Yuxi - 用户 小谢 获取实验 1 的最新记录详情成功，记录ID: 4
