2025-07-19 14:19:01,621 - INFO - XiDian - Loading config from saves\config\base.yaml
2025-07-19 14:19:04,182 - INFO - XiDian - Database tables created/checked
2025-07-19 14:19:20,177 - DEBUG - XiDian - Loading embedding model local/BAAI/bge-m3
2025-07-19 14:19:20,180 - INFO - XiDian - Loading local model `BAAI/bge-m3` from `BAAI/bge-m3` with device `cuda`
2025-07-19 14:19:20,180 - DEBUG - XiDian - 如果没配置任何路径的话，正常情况下会自动从 Huggingface 下载模型，如果遇到下载失败，可以尝试使用 HF_MIRROR 环境变量；如果还是不行，建议手动下载到某个文件夹，比如  /models/BAAI/bge-m3 目录下；
2025-07-19 14:20:21,808 - INFO - XiDian - Embedding model BAAI/bge-m3 loaded, self.model=HuggingFaceEmbeddings(model_name='BAAI/bge-m3', cache_folder=None, model_kwargs={'device': 'cuda'}, encode_kwargs={'normalize_embeddings': True, 'prompt_name': None}, query_encode_kwargs={}, multi_process=False, show_progress=False)
2025-07-19 14:20:22,240 - INFO - XiDian - Successfully connected to Milvus at http://localhost:19530
2025-07-19 14:20:22,240 - DEBUG - XiDian - 图数据库信息文件不存在：saves\knowledge_graph\neo4j\graph_info.json
2025-07-19 14:20:22,240 - DEBUG - XiDian - 创建新的图数据库配置
2025-07-19 14:20:22,265 - INFO - XiDian - WebSearcher initialized with Tavily client
2025-07-19 14:20:22,765 - WARNING - XiDian - 无法将知识库 实验课 转换为 Tools, 因为向量模型不匹配，当前向量模型: local/BAAI/bge-m3，知识库向量模型: siliconflow/BAAI/bge-m3。
2025-07-19 14:21:06,213 - INFO - XiDian - 管理员 admin 请求获取活动日志统计。
2025-07-19 14:21:06,223 - DEBUG - XiDian - OperationLog 表的总行数: 248
2025-07-19 14:21:06,223 - DEBUG - XiDian - 当前Python本地时间: 2025-07-19 14:21:06.223179
2025-07-19 14:21:06,223 - DEBUG - XiDian - 当前Python UTC时间: 2025-07-19 06:21:06.223179
2025-07-19 14:21:06,223 - DEBUG - XiDian - 当前Python本地时区: 中国标准时间
2025-07-19 14:21:06,229 - DEBUG - XiDian - 直接从数据库获取所有 OperationLog 记录数: 248
2025-07-19 14:21:06,233 - DEBUG - XiDian - Python 内存中按本地日期聚合后的结果: {'2025-07-17': {'total_operations': 1, 'registration_count': 0}, '2025-07-19': {'total_operations': 1, 'registration_count': 0}}
2025-07-19 14:21:06,233 - DEBUG - XiDian - Python 内存中聚合到的本地天数: 2
2025-07-19 14:21:29,247 - DEBUG - XiDian - 进入 get_experiment_record_details，整体实验ID: 1, 用户ID: 1
2025-07-19 14:21:29,254 - DEBUG - XiDian - 实验 1 共有 10 个步骤。
2025-07-19 14:21:29,259 - DEBUG - XiDian - 步骤 1: 找到记录 3，状态 'completed', 分数 95.0
2025-07-19 14:21:29,261 - DEBUG - XiDian - 步骤 2: 找到记录 5，状态 'in_progress', 分数 0.0
2025-07-19 14:21:29,261 - DEBUG - XiDian - 步骤 3: 未找到对应记录，默认为 'pending', 分数 0.0
2025-07-19 14:21:29,262 - DEBUG - XiDian - 步骤 4: 找到记录 1，状态 'completed', 分数 90.0
2025-07-19 14:21:29,262 - DEBUG - XiDian - 步骤 5: 未找到对应记录，默认为 'pending', 分数 0.0
2025-07-19 14:21:29,262 - DEBUG - XiDian - 步骤 6: 未找到对应记录，默认为 'pending', 分数 0.0
2025-07-19 14:21:29,262 - DEBUG - XiDian - 步骤 7: 未找到对应记录，默认为 'pending', 分数 0.0
2025-07-19 14:21:29,263 - DEBUG - XiDian - 步骤 8: 找到记录 12，状态 'in_progress', 分数 0.0
2025-07-19 14:21:29,263 - DEBUG - XiDian - 步骤 9: 找到记录 11，状态 'in_progress', 分数 0.0
2025-07-19 14:21:29,263 - DEBUG - XiDian - 步骤 10: 未找到对应记录，默认为 'pending', 分数 0.0
2025-07-19 14:22:08,771 - DEBUG - XiDian - 进入 get_experiment_record_details，整体实验ID: 1, 用户ID: 1
2025-07-19 14:22:08,775 - DEBUG - XiDian - 实验 1 共有 10 个步骤。
2025-07-19 14:22:08,775 - DEBUG - XiDian - 步骤 1: 找到记录 3，状态 'completed', 分数 95.0
2025-07-19 14:22:08,775 - DEBUG - XiDian - 步骤 2: 找到记录 5，状态 'in_progress', 分数 0.0
2025-07-19 14:22:08,775 - DEBUG - XiDian - 步骤 3: 未找到对应记录，默认为 'pending', 分数 0.0
2025-07-19 14:22:08,775 - DEBUG - XiDian - 步骤 4: 找到记录 1，状态 'completed', 分数 90.0
2025-07-19 14:22:08,775 - DEBUG - XiDian - 步骤 5: 未找到对应记录，默认为 'pending', 分数 0.0
2025-07-19 14:22:08,778 - DEBUG - XiDian - 步骤 6: 未找到对应记录，默认为 'pending', 分数 0.0
2025-07-19 14:22:08,778 - DEBUG - XiDian - 步骤 7: 未找到对应记录，默认为 'pending', 分数 0.0
2025-07-19 14:22:08,778 - DEBUG - XiDian - 步骤 8: 找到记录 12，状态 'in_progress', 分数 0.0
2025-07-19 14:22:08,778 - DEBUG - XiDian - 步骤 9: 找到记录 11，状态 'in_progress', 分数 0.0
2025-07-19 14:22:08,778 - DEBUG - XiDian - 步骤 10: 未找到对应记录，默认为 'pending', 分数 0.0
