2025-06-02 21:23:31,386 - INFO - Yuxi - Loading config from saves\config\base.yaml
2025-06-02 21:23:31,900 - INFO - Yuxi - Database tables created/checked
2025-06-02 21:23:33,651 - DEBUG - Yuxi - 图数据库信息文件不存在：saves\knowledge_graph\neo4j\graph_info.json
2025-06-02 21:23:33,651 - DEBUG - Yuxi - 创建新的图数据库配置
2025-06-02 21:23:37,943 - INFO - Yuxi - WebSearcher initialized with Tavily client
2025-06-02 21:24:05,443 - DEBUG - Yuxi - 进入 get_experiment_record_details，实验ID: 1, 用户ID: 1
2025-06-02 21:24:05,449 - DEBUG - Yuxi - 实验 1 共有 3 个步骤。
2025-06-02 21:24:05,449 - INFO - Yuxi - 用户 admin 在实验 1 没有现有记录，返回默认未开始状态。
2025-06-02 21:24:05,451 - DEBUG - Yuxi - 步骤 1: 无记录，设置为 status=pending, score=0.0, user_answer=None
2025-06-02 21:24:05,451 - DEBUG - Yuxi - 步骤 2: 无记录，设置为 status=pending, score=0.0, user_answer=None
2025-06-02 21:24:05,451 - DEBUG - Yuxi - 步骤 3: 无记录，设置为 status=pending, score=0.0, user_answer=None
2025-06-02 21:24:09,095 - INFO - Yuxi - 用户 admin 首次开始实验 基于agent的视觉推理实验，创建新记录: 10，当前步骤ID为: 2
2025-06-02 21:24:10,192 - DEBUG - Yuxi - 进入 get_experiment_record_details，实验ID: 1, 用户ID: 1
2025-06-02 21:24:10,194 - DEBUG - Yuxi - 实验 1 共有 3 个步骤。
2025-06-02 21:24:10,194 - INFO - Yuxi - 用户 admin 在实验 1 找到最新记录: ID=10, 整体状态=in_progress, 当前步骤ID=2
2025-06-02 21:24:10,194 - DEBUG - Yuxi - 
--- 处理步骤 1 ---
2025-06-02 21:24:10,194 - DEBUG - Yuxi - 步骤 1: 不匹配 record.current_step_id (2)，设置为 pending, score=0.0。
2025-06-02 21:24:10,194 - DEBUG - Yuxi - 步骤 1 最终输出 (不含答案): status='pending', score=0.0
2025-06-02 21:24:10,194 - DEBUG - Yuxi - 
--- 处理步骤 2 ---
2025-06-02 21:24:10,194 - DEBUG - Yuxi - 步骤 2: 匹配 record.current_step_id 且 record.status 为 IN_PROGRESS，设置为 answering, score=0.0。
2025-06-02 21:24:10,194 - DEBUG - Yuxi - 步骤 2 最终输出 (不含答案): status='answering', score=0.0
2025-06-02 21:24:10,194 - DEBUG - Yuxi - 
--- 处理步骤 3 ---
2025-06-02 21:24:10,194 - DEBUG - Yuxi - 步骤 3: 不匹配 record.current_step_id (2)，设置为 pending, score=0.0。
2025-06-02 21:24:10,194 - DEBUG - Yuxi - 步骤 3 最终输出 (不含答案): status='pending', score=0.0
2025-06-02 21:24:10,196 - INFO - Yuxi - 用户 admin 获取实验 1 的最新记录详情成功，记录ID: 10
2025-06-02 21:26:18,545 - INFO - Yuxi - 用户 admin 请求完成实验记录，数据: {'user_id': 1, 'experiment_id': 1, 'current_step_id': 2, 'score': 90.0}
2025-06-02 21:26:18,558 - INFO - Yuxi - 用户 admin 成功完成实验记录 10，得分: 90.0
2025-06-02 21:26:24,820 - INFO - Yuxi - 用户 admin 请求完成实验记录，数据: {'user_id': 1, 'experiment_id': 1, 'current_step_id': 2, 'score': 90.0}
2025-06-02 21:26:24,820 - WARNING - Yuxi - 用户 admin 尝试重复完成已完成的实验记录 10。
2025-06-02 21:26:26,799 - DEBUG - Yuxi - 进入 get_experiment_record_details，实验ID: 1, 用户ID: 1
2025-06-02 21:26:26,816 - DEBUG - Yuxi - 实验 1 共有 3 个步骤。
2025-06-02 21:26:26,816 - INFO - Yuxi - 用户 admin 在实验 1 找到最新记录: ID=10, 整体状态=completed, 当前步骤ID=2
2025-06-02 21:26:26,819 - DEBUG - Yuxi - 
--- 处理步骤 1 ---
2025-06-02 21:26:26,819 - DEBUG - Yuxi - 步骤 1: 不匹配 record.current_step_id (2)，设置为 completed, score=90.0。
2025-06-02 21:26:26,819 - DEBUG - Yuxi - 步骤 1 最终输出 (不含答案): status='completed', score=90.0
2025-06-02 21:26:26,819 - DEBUG - Yuxi - 
--- 处理步骤 2 ---
2025-06-02 21:26:26,819 - DEBUG - Yuxi - 步骤 2: 匹配 record.current_step_id 且 record.status 为 COMPLETED，设置为 completed, score=90.0。
2025-06-02 21:26:26,819 - DEBUG - Yuxi - 步骤 2 最终输出 (不含答案): status='completed', score=90.0
2025-06-02 21:26:26,819 - DEBUG - Yuxi - 
--- 处理步骤 3 ---
2025-06-02 21:26:26,819 - DEBUG - Yuxi - 步骤 3: 不匹配 record.current_step_id (2)，设置为 completed, score=90.0。
2025-06-02 21:26:26,819 - DEBUG - Yuxi - 步骤 3 最终输出 (不含答案): status='completed', score=90.0
2025-06-02 21:26:26,819 - INFO - Yuxi - 用户 admin 获取实验 1 的最新记录详情成功，记录ID: 10
