2025-05-29 02:47:30,774 - INFO - Yuxi - Loading config from saves\config\base.yaml
2025-05-29 02:47:31,605 - INFO - Yuxi - Database tables created/checked
2025-05-29 02:47:34,442 - DEBUG - Yuxi - 图数据库信息文件不存在：saves\knowledge_graph\neo4j\graph_info.json
2025-05-29 02:47:34,443 - DEBUG - Yuxi - 创建新的图数据库配置
2025-05-29 02:47:41,378 - INFO - Yuxi - WebSearcher initialized with Tavily client
2025-05-29 02:52:58,056 - INFO - Yuxi - 用户 admin 获取实验 1 的所有步骤 (包含答案: <server.models.user_model.User object at 0x0000019247251AD0>)
2025-05-29 02:53:02,733 - INFO - Yuxi - 用户 admin 获取实验 1 的所有步骤 (包含答案: <server.models.user_model.User object at 0x00000192497FE1D0>)
2025-05-29 03:28:26,050 - ERROR - Yuxi - 获取数据库列表失败 知识库未启用, Traceback (most recent call last):
  File "E:\source\PycharmProject\LabClass\server\routers\data_router.py", line 17, in get_databases
    database = knowledge_base.get_databases()
               ^^^^^^^^^^^^^^^^^^^^^^^^^^^^^^
  File "E:\source\PycharmProject\LabClass\src\core\knowledgebase.py", line 295, in get_databases
    assert config.enable_knowledge_base, "知识库未启用"
           ^^^^^^^^^^^^^^^^^^^^^^^^^^^^
AssertionError: 知识库未启用

2025-05-29 03:29:04,163 - INFO - Yuxi - 用户 admin 开始新实验 基于agent的视觉推理实验
2025-05-29 03:29:25,576 - INFO - Yuxi - 用户 admin 继续实验 基于agent的视觉推理实验
2025-05-29 03:29:31,483 - INFO - Yuxi - 用户 admin 继续实验 基于agent的视觉推理实验
2025-05-29 03:39:44,000 - INFO - Yuxi - 用户 admin 继续实验 基于agent的视觉推理实验
2025-05-29 03:39:44,019 - INFO - Yuxi - 用户 admin 获取实验 1 的所有步骤 (包含答案: <server.models.user_model.User object at 0x000001924984DED0>)
2025-05-29 03:39:44,333 - INFO - Yuxi - 用户 admin 继续实验 基于agent的视觉推理实验
2025-05-29 03:39:52,142 - INFO - Yuxi - 用户 admin 继续实验 基于agent的视觉推理实验
2025-05-29 03:40:13,457 - INFO - Yuxi - 用户 admin 继续实验 基于agent的视觉推理实验
2025-05-29 03:40:13,711 - INFO - Yuxi - 用户 admin 获取实验 1 的所有步骤 (包含答案: <server.models.user_model.User object at 0x000001924984F3D0>)
2025-05-29 03:40:13,777 - INFO - Yuxi - 用户 admin 继续实验 基于agent的视觉推理实验
2025-05-29 03:40:19,517 - INFO - Yuxi - 用户 admin 继续实验 基于agent的视觉推理实验
2025-05-29 03:41:15,409 - INFO - Yuxi - 用户 admin 继续实验 基于agent的视觉推理实验
2025-05-29 03:41:15,644 - INFO - Yuxi - 用户 admin 获取实验 1 的所有步骤 (包含答案: <server.models.user_model.User object at 0x0000019249851A90>)
2025-05-29 03:41:15,729 - INFO - Yuxi - 用户 admin 继续实验 基于agent的视觉推理实验
