2025-06-02 22:08:08,301 - INFO - Yuxi - Loading config from saves\config\base.yaml
2025-06-02 22:08:08,825 - INFO - Yuxi - Database tables created/checked
2025-06-02 22:08:10,601 - DEBUG - Yuxi - 图数据库信息文件不存在：saves\knowledge_graph\neo4j\graph_info.json
2025-06-02 22:08:10,601 - DEBUG - Yuxi - 创建新的图数据库配置
2025-06-02 22:08:15,166 - INFO - Yuxi - WebSearcher initialized with Tavily client
2025-06-02 22:08:16,652 - DEBUG - Yuxi - 进入 get_experiment_record_details，整体实验ID: 1, 用户ID: 1
2025-06-02 22:08:16,656 - DEBUG - Yuxi - 实验 1 共有 3 个步骤。
2025-06-02 22:08:16,659 - DEBUG - Yuxi - 步骤 1: 未找到对应记录，默认为 'pending', 分数 0.0
2025-06-02 22:08:16,661 - DEBUG - Yuxi - 步骤 2: 未找到对应记录，默认为 'pending', 分数 0.0
2025-06-02 22:08:16,661 - DEBUG - Yuxi - 步骤 3: 未找到对应记录，默认为 'pending', 分数 0.0
2025-06-02 22:08:21,304 - INFO - Yuxi - 用户 admin 尝试开始已完成的实验 基于agent的视觉推理实验。返回现有记录 10，分数 90.0 不变，当前步骤ID更新为: 1
2025-06-02 22:08:22,853 - DEBUG - Yuxi - 进入 get_experiment_record_details，整体实验ID: 1, 用户ID: 1
2025-06-02 22:08:22,855 - DEBUG - Yuxi - 实验 1 共有 3 个步骤。
2025-06-02 22:08:22,855 - DEBUG - Yuxi - 步骤 1: 未找到对应记录，默认为 'pending', 分数 0.0
2025-06-02 22:08:22,855 - DEBUG - Yuxi - 步骤 2: 未找到对应记录，默认为 'pending', 分数 0.0
2025-06-02 22:08:22,855 - DEBUG - Yuxi - 步骤 3: 未找到对应记录，默认为 'pending', 分数 0.0
2025-06-02 22:10:52,673 - INFO - Yuxi - 用户 admin 请求完成实验记录，数据: {'user_id': 1, 'experiment_id': 1, 'current_step_id': 1, 'score': 90.0}
2025-06-02 22:10:52,674 - WARNING - Yuxi - 用户 admin 尝试重复完成已完成的实验记录 10。
2025-06-02 22:11:02,144 - INFO - Yuxi - 用户 admin 请求完成实验记录，数据: {'user_id': 1, 'experiment_id': 1, 'current_step_id': 1, 'score': 90.0}
2025-06-02 22:11:02,145 - WARNING - Yuxi - 用户 admin 尝试重复完成已完成的实验记录 10。
2025-06-02 22:11:07,282 - DEBUG - Yuxi - 进入 get_experiment_record_details，整体实验ID: 1, 用户ID: 1
2025-06-02 22:11:07,283 - DEBUG - Yuxi - 实验 1 共有 3 个步骤。
2025-06-02 22:11:07,284 - DEBUG - Yuxi - 步骤 1: 未找到对应记录，默认为 'pending', 分数 0.0
2025-06-02 22:11:07,284 - DEBUG - Yuxi - 步骤 2: 未找到对应记录，默认为 'pending', 分数 0.0
2025-06-02 22:11:07,284 - DEBUG - Yuxi - 步骤 3: 未找到对应记录，默认为 'pending', 分数 0.0
2025-06-02 22:11:15,749 - INFO - Yuxi - 用户 admin 请求完成实验记录，数据: {'user_id': 1, 'experiment_id': 1, 'current_step_id': 1, 'score': 90.0}
2025-06-02 22:11:15,750 - WARNING - Yuxi - 用户 admin 尝试重复完成已完成的实验记录 10。
