2025-06-03 16:00:45,062 - INFO - Yuxi - Loading config from saves\config\base.yaml
2025-06-03 16:00:45,606 - INFO - Yuxi - Database tables created/checked
2025-06-03 16:00:47,614 - DEBUG - Yuxi - 图数据库信息文件不存在：saves\knowledge_graph\neo4j\graph_info.json
2025-06-03 16:00:47,614 - DEBUG - Yuxi - 创建新的图数据库配置
2025-06-03 16:00:51,744 - INFO - Yuxi - WebSearcher initialized with Tavily client
2025-06-03 16:01:02,448 - ERROR - Yuxi - 获取数据库列表失败 知识库未启用, Traceback (most recent call last):
  File "E:\source\PycharmProject\LabClass\server\routers\data_router.py", line 17, in get_databases
    database = knowledge_base.get_databases()
               ^^^^^^^^^^^^^^^^^^^^^^^^^^^^^^
  File "E:\source\PycharmProject\LabClass\src\core\knowledgebase.py", line 295, in get_databases
    assert config.enable_knowledge_base, "知识库未启用"
           ^^^^^^^^^^^^^^^^^^^^^^^^^^^^
AssertionError: 知识库未启用

2025-06-03 16:01:06,428 - DEBUG - Yuxi - 进入 get_experiment_record_details，整体实验ID: 1, 用户ID: 1
2025-06-03 16:01:06,433 - DEBUG - Yuxi - 实验 1 共有 3 个步骤。
2025-06-03 16:01:06,435 - DEBUG - Yuxi - 步骤 1: 找到记录 13，状态 'in_progress', 分数 0.0
2025-06-03 16:01:06,437 - DEBUG - Yuxi - 步骤 2: 找到记录 10，状态 'completed', 分数 95.0
2025-06-03 16:01:06,437 - DEBUG - Yuxi - 步骤 3: 未找到对应记录，默认为 'pending', 分数 0.0
2025-06-03 16:01:12,433 - DEBUG - Yuxi - 进入 get_experiment_record_details，整体实验ID: 1, 用户ID: 1
2025-06-03 16:01:12,433 - DEBUG - Yuxi - 实验 1 共有 3 个步骤。
2025-06-03 16:01:12,433 - DEBUG - Yuxi - 步骤 1: 找到记录 13，状态 'in_progress', 分数 0.0
2025-06-03 16:01:12,433 - DEBUG - Yuxi - 步骤 2: 找到记录 10，状态 'completed', 分数 95.0
2025-06-03 16:01:12,433 - DEBUG - Yuxi - 步骤 3: 未找到对应记录，默认为 'pending', 分数 0.0
