2025-06-02 15:24:12,531 - INFO - Yuxi - Loading config from saves\config\base.yaml
2025-06-02 15:24:13,109 - INFO - Yuxi - Database tables created/checked
2025-06-02 15:24:14,909 - DEBUG - Yuxi - 图数据库信息文件不存在：saves\knowledge_graph\neo4j\graph_info.json
2025-06-02 15:24:14,910 - DEBUG - Yuxi - 创建新的图数据库配置
2025-06-02 15:24:19,526 - INFO - Yuxi - WebSearcher initialized with Tavily client
2025-06-02 15:24:23,112 - DEBUG - Yuxi - 进入 get_experiment_record_details，实验ID: 1, 用户ID: 1
2025-06-02 15:24:23,123 - DEBUG - Yuxi - 实验 1 共有 3 个步骤。
2025-06-02 15:24:23,123 - INFO - Yuxi - 用户 admin 在实验 1 找到最新记录: ID=1, 整体状态=in_progress, 当前步骤ID=3
2025-06-02 15:24:23,128 - DEBUG - Yuxi - 
--- 处理步骤 1 ---
2025-06-02 15:24:23,128 - DEBUG - Yuxi - 步骤 1: 不匹配 record.current_step_id (3)，设置为 pending, score=0.0。
2025-06-02 15:24:23,128 - DEBUG - Yuxi - 步骤 1 最终输出 (不含答案): status='pending', score=0.0
2025-06-02 15:24:23,128 - DEBUG - Yuxi - 
--- 处理步骤 2 ---
2025-06-02 15:24:23,128 - DEBUG - Yuxi - 步骤 2: 不匹配 record.current_step_id (3)，设置为 pending, score=0.0。
2025-06-02 15:24:23,128 - DEBUG - Yuxi - 步骤 2 最终输出 (不含答案): status='pending', score=0.0
2025-06-02 15:24:23,128 - DEBUG - Yuxi - 
--- 处理步骤 3 ---
2025-06-02 15:24:23,128 - DEBUG - Yuxi - 步骤 3: 匹配 record.current_step_id 且 record.status 为 IN_PROGRESS，设置为 answering, score=0.0。
2025-06-02 15:24:23,128 - DEBUG - Yuxi - 步骤 3 最终输出 (不含答案): status='answering', score=20.0
2025-06-02 15:24:23,128 - INFO - Yuxi - 用户 admin 获取实验 1 的最新记录详情成功，记录ID: 1
2025-06-02 15:24:26,264 - INFO - Yuxi - 用户 admin 继续实验 基于agent的视觉推理实验，更新当前步骤ID为: 2
2025-06-02 15:24:27,789 - DEBUG - Yuxi - 进入 get_experiment_record_details，实验ID: 1, 用户ID: 1
2025-06-02 15:24:27,791 - DEBUG - Yuxi - 实验 1 共有 3 个步骤。
2025-06-02 15:24:27,791 - INFO - Yuxi - 用户 admin 在实验 1 找到最新记录: ID=1, 整体状态=in_progress, 当前步骤ID=2
2025-06-02 15:24:27,791 - DEBUG - Yuxi - 
--- 处理步骤 1 ---
2025-06-02 15:24:27,791 - DEBUG - Yuxi - 步骤 1: 不匹配 record.current_step_id (2)，设置为 pending, score=0.0。
2025-06-02 15:24:27,792 - DEBUG - Yuxi - 步骤 1 最终输出 (不含答案): status='pending', score=0.0
2025-06-02 15:24:27,792 - DEBUG - Yuxi - 
--- 处理步骤 2 ---
2025-06-02 15:24:27,792 - DEBUG - Yuxi - 步骤 2: 匹配 record.current_step_id 且 record.status 为 IN_PROGRESS，设置为 answering, score=0.0。
2025-06-02 15:24:27,792 - DEBUG - Yuxi - 步骤 2 最终输出 (不含答案): status='answering', score=20.0
2025-06-02 15:24:27,793 - DEBUG - Yuxi - 
--- 处理步骤 3 ---
2025-06-02 15:24:27,793 - DEBUG - Yuxi - 步骤 3: 不匹配 record.current_step_id (2)，设置为 pending, score=0.0。
2025-06-02 15:24:27,793 - DEBUG - Yuxi - 步骤 3 最终输出 (不含答案): status='pending', score=0.0
2025-06-02 15:24:27,793 - INFO - Yuxi - 用户 admin 获取实验 1 的最新记录详情成功，记录ID: 1
2025-06-02 15:31:04,883 - INFO - Yuxi - 用户 admin 请求完成实验记录，数据: {'user_id': 1, 'experiment_id': 1, 'current_step_id': None, 'score': 2.0}
2025-06-02 15:31:04,894 - INFO - Yuxi - 用户 admin 成功完成实验记录 1，得分: 2.0
2025-06-02 15:31:16,445 - DEBUG - Yuxi - 进入 get_experiment_record_details，实验ID: 1, 用户ID: 1
2025-06-02 15:31:16,446 - DEBUG - Yuxi - 实验 1 共有 3 个步骤。
2025-06-02 15:31:16,447 - INFO - Yuxi - 用户 admin 在实验 1 找到最新记录: ID=1, 整体状态=completed, 当前步骤ID=2
2025-06-02 15:31:16,447 - DEBUG - Yuxi - 
--- 处理步骤 1 ---
2025-06-02 15:31:16,447 - DEBUG - Yuxi - 步骤 1: 不匹配 record.current_step_id (2)，设置为 pending, score=0.0。
2025-06-02 15:31:16,447 - DEBUG - Yuxi - 步骤 1 最终输出 (不含答案): status='pending', score=0.0
2025-06-02 15:31:16,447 - DEBUG - Yuxi - 
--- 处理步骤 2 ---
2025-06-02 15:31:16,447 - DEBUG - Yuxi - 步骤 2: 匹配 record.current_step_id 且 record.status 为 COMPLETED，设置为 completed, score=2.0。
2025-06-02 15:31:16,447 - DEBUG - Yuxi - 步骤 2 最终输出 (不含答案): status='completed', score=2.0
2025-06-02 15:31:16,447 - DEBUG - Yuxi - 
--- 处理步骤 3 ---
2025-06-02 15:31:16,447 - DEBUG - Yuxi - 步骤 3: 不匹配 record.current_step_id (2)，设置为 pending, score=0.0。
2025-06-02 15:31:16,447 - DEBUG - Yuxi - 步骤 3 最终输出 (不含答案): status='pending', score=0.0
2025-06-02 15:31:16,447 - INFO - Yuxi - 用户 admin 获取实验 1 的最新记录详情成功，记录ID: 1
2025-06-02 15:31:32,676 - INFO - Yuxi - 用户 admin 重新开始实验 基于agent的视觉推理实验，创建新记录，当前步骤ID为: 3
2025-06-02 15:31:33,862 - DEBUG - Yuxi - 进入 get_experiment_record_details，实验ID: 1, 用户ID: 1
2025-06-02 15:31:33,866 - DEBUG - Yuxi - 实验 1 共有 3 个步骤。
2025-06-02 15:31:33,866 - INFO - Yuxi - 用户 admin 在实验 1 找到最新记录: ID=5, 整体状态=in_progress, 当前步骤ID=3
2025-06-02 15:31:33,866 - DEBUG - Yuxi - 
--- 处理步骤 1 ---
2025-06-02 15:31:33,866 - DEBUG - Yuxi - 步骤 1: 不匹配 record.current_step_id (3)，设置为 pending, score=0.0。
2025-06-02 15:31:33,867 - DEBUG - Yuxi - 步骤 1 最终输出 (不含答案): status='pending', score=0.0
2025-06-02 15:31:33,867 - DEBUG - Yuxi - 
--- 处理步骤 2 ---
2025-06-02 15:31:33,867 - DEBUG - Yuxi - 步骤 2: 不匹配 record.current_step_id (3)，设置为 pending, score=0.0。
2025-06-02 15:31:33,867 - DEBUG - Yuxi - 步骤 2 最终输出 (不含答案): status='pending', score=0.0
2025-06-02 15:31:33,867 - DEBUG - Yuxi - 
--- 处理步骤 3 ---
2025-06-02 15:31:33,867 - DEBUG - Yuxi - 步骤 3: 匹配 record.current_step_id 且 record.status 为 IN_PROGRESS，设置为 answering, score=0.0。
2025-06-02 15:31:33,867 - DEBUG - Yuxi - 步骤 3 最终输出 (不含答案): status='answering', score=0.0
2025-06-02 15:31:33,867 - INFO - Yuxi - 用户 admin 获取实验 1 的最新记录详情成功，记录ID: 5
2025-06-02 15:31:35,237 - DEBUG - Yuxi - 进入 get_experiment_record_details，实验ID: 1, 用户ID: 1
2025-06-02 15:31:35,237 - DEBUG - Yuxi - 实验 1 共有 3 个步骤。
2025-06-02 15:31:35,242 - INFO - Yuxi - 用户 admin 在实验 1 找到最新记录: ID=5, 整体状态=in_progress, 当前步骤ID=3
2025-06-02 15:31:35,242 - DEBUG - Yuxi - 
--- 处理步骤 1 ---
2025-06-02 15:31:35,243 - DEBUG - Yuxi - 步骤 1: 不匹配 record.current_step_id (3)，设置为 pending, score=0.0。
2025-06-02 15:31:35,243 - DEBUG - Yuxi - 步骤 1 最终输出 (不含答案): status='pending', score=0.0
2025-06-02 15:31:35,243 - DEBUG - Yuxi - 
--- 处理步骤 2 ---
2025-06-02 15:31:35,243 - DEBUG - Yuxi - 步骤 2: 不匹配 record.current_step_id (3)，设置为 pending, score=0.0。
2025-06-02 15:31:35,243 - DEBUG - Yuxi - 步骤 2 最终输出 (不含答案): status='pending', score=0.0
2025-06-02 15:31:35,243 - DEBUG - Yuxi - 
--- 处理步骤 3 ---
2025-06-02 15:31:35,243 - DEBUG - Yuxi - 步骤 3: 匹配 record.current_step_id 且 record.status 为 IN_PROGRESS，设置为 answering, score=0.0。
2025-06-02 15:31:35,244 - DEBUG - Yuxi - 步骤 3 最终输出 (不含答案): status='answering', score=0.0
2025-06-02 15:31:35,244 - INFO - Yuxi - 用户 admin 获取实验 1 的最新记录详情成功，记录ID: 5
2025-06-02 15:33:05,677 - DEBUG - Yuxi - 进入 get_experiment_record_details，实验ID: 1, 用户ID: 3
2025-06-02 15:33:05,679 - DEBUG - Yuxi - 实验 1 共有 3 个步骤。
2025-06-02 15:33:05,680 - INFO - Yuxi - 用户 小谢 在实验 1 找到最新记录: ID=4, 整体状态=in_progress, 当前步骤ID=3
2025-06-02 15:33:05,680 - DEBUG - Yuxi - 
--- 处理步骤 1 ---
2025-06-02 15:33:05,680 - DEBUG - Yuxi - 步骤 1: 不匹配 record.current_step_id (3)，设置为 pending, score=0.0。
2025-06-02 15:33:05,680 - DEBUG - Yuxi - 步骤 1 最终输出 (不含答案): status='pending', score=0.0
2025-06-02 15:33:05,680 - DEBUG - Yuxi - 
--- 处理步骤 2 ---
2025-06-02 15:33:05,680 - DEBUG - Yuxi - 步骤 2: 不匹配 record.current_step_id (3)，设置为 pending, score=0.0。
2025-06-02 15:33:05,680 - DEBUG - Yuxi - 步骤 2 最终输出 (不含答案): status='pending', score=0.0
2025-06-02 15:33:05,680 - DEBUG - Yuxi - 
--- 处理步骤 3 ---
2025-06-02 15:33:05,680 - DEBUG - Yuxi - 步骤 3: 匹配 record.current_step_id 且 record.status 为 IN_PROGRESS，设置为 answering, score=0.0。
2025-06-02 15:33:05,681 - DEBUG - Yuxi - 步骤 3 最终输出 (不含答案): status='answering', score=0.0
2025-06-02 15:33:05,681 - INFO - Yuxi - 用户 小谢 获取实验 1 的最新记录详情成功，记录ID: 4
2025-06-02 15:33:09,134 - INFO - Yuxi - 用户 小谢 继续实验 基于agent的视觉推理实验，更新当前步骤ID为: 1
2025-06-02 15:33:10,343 - DEBUG - Yuxi - 进入 get_experiment_record_details，实验ID: 1, 用户ID: 3
2025-06-02 15:33:10,344 - DEBUG - Yuxi - 实验 1 共有 3 个步骤。
2025-06-02 15:33:10,344 - INFO - Yuxi - 用户 小谢 在实验 1 找到最新记录: ID=4, 整体状态=in_progress, 当前步骤ID=1
2025-06-02 15:33:10,344 - DEBUG - Yuxi - 
--- 处理步骤 1 ---
2025-06-02 15:33:10,344 - DEBUG - Yuxi - 步骤 1: 匹配 record.current_step_id 且 record.status 为 IN_PROGRESS，设置为 answering, score=0.0。
2025-06-02 15:33:10,344 - DEBUG - Yuxi - 步骤 1 最终输出 (不含答案): status='answering', score=0.0
2025-06-02 15:33:10,345 - DEBUG - Yuxi - 
--- 处理步骤 2 ---
2025-06-02 15:33:10,345 - DEBUG - Yuxi - 步骤 2: 不匹配 record.current_step_id (1)，设置为 pending, score=0.0。
2025-06-02 15:33:10,345 - DEBUG - Yuxi - 步骤 2 最终输出 (不含答案): status='pending', score=0.0
2025-06-02 15:33:10,345 - DEBUG - Yuxi - 
--- 处理步骤 3 ---
2025-06-02 15:33:10,345 - DEBUG - Yuxi - 步骤 3: 不匹配 record.current_step_id (1)，设置为 pending, score=0.0。
2025-06-02 15:33:10,345 - DEBUG - Yuxi - 步骤 3 最终输出 (不含答案): status='pending', score=0.0
2025-06-02 15:33:10,345 - INFO - Yuxi - 用户 小谢 获取实验 1 的最新记录详情成功，记录ID: 4
2025-06-02 15:35:22,968 - INFO - Yuxi - 用户 小谢 请求完成实验记录，数据: {'user_id': 3, 'experiment_id': 1, 'current_step_id': None, 'score': 1.0}
2025-06-02 15:35:22,971 - INFO - Yuxi - 用户 小谢 成功完成实验记录 4，得分: 1.0
2025-06-02 15:35:28,438 - DEBUG - Yuxi - 进入 get_experiment_record_details，实验ID: 1, 用户ID: 3
2025-06-02 15:35:28,440 - DEBUG - Yuxi - 实验 1 共有 3 个步骤。
2025-06-02 15:35:28,441 - INFO - Yuxi - 用户 小谢 在实验 1 找到最新记录: ID=4, 整体状态=completed, 当前步骤ID=1
2025-06-02 15:35:28,441 - DEBUG - Yuxi - 
--- 处理步骤 1 ---
2025-06-02 15:35:28,441 - DEBUG - Yuxi - 步骤 1: 匹配 record.current_step_id 且 record.status 为 COMPLETED，设置为 completed, score=1.0。
2025-06-02 15:35:28,441 - DEBUG - Yuxi - 步骤 1 最终输出 (不含答案): status='completed', score=1.0
2025-06-02 15:35:28,441 - DEBUG - Yuxi - 
--- 处理步骤 2 ---
2025-06-02 15:35:28,441 - DEBUG - Yuxi - 步骤 2: 不匹配 record.current_step_id (1)，设置为 pending, score=0.0。
2025-06-02 15:35:28,441 - DEBUG - Yuxi - 步骤 2 最终输出 (不含答案): status='pending', score=0.0
2025-06-02 15:35:28,441 - DEBUG - Yuxi - 
--- 处理步骤 3 ---
2025-06-02 15:35:28,441 - DEBUG - Yuxi - 步骤 3: 不匹配 record.current_step_id (1)，设置为 pending, score=0.0。
2025-06-02 15:35:28,442 - DEBUG - Yuxi - 步骤 3 最终输出 (不含答案): status='pending', score=0.0
2025-06-02 15:35:28,442 - INFO - Yuxi - 用户 小谢 获取实验 1 的最新记录详情成功，记录ID: 4
2025-06-02 15:35:48,701 - INFO - Yuxi - 用户 小谢 重新开始实验 基于agent的视觉推理实验，创建新记录，当前步骤ID为: 2
2025-06-02 15:35:50,039 - DEBUG - Yuxi - 进入 get_experiment_record_details，实验ID: 1, 用户ID: 3
2025-06-02 15:35:50,040 - DEBUG - Yuxi - 实验 1 共有 3 个步骤。
2025-06-02 15:35:50,040 - INFO - Yuxi - 用户 小谢 在实验 1 找到最新记录: ID=6, 整体状态=in_progress, 当前步骤ID=2
2025-06-02 15:35:50,040 - DEBUG - Yuxi - 
--- 处理步骤 1 ---
2025-06-02 15:35:50,040 - DEBUG - Yuxi - 步骤 1: 不匹配 record.current_step_id (2)，设置为 pending, score=0.0。
2025-06-02 15:35:50,040 - DEBUG - Yuxi - 步骤 1 最终输出 (不含答案): status='pending', score=0.0
2025-06-02 15:35:50,040 - DEBUG - Yuxi - 
--- 处理步骤 2 ---
2025-06-02 15:35:50,040 - DEBUG - Yuxi - 步骤 2: 匹配 record.current_step_id 且 record.status 为 IN_PROGRESS，设置为 answering, score=0.0。
2025-06-02 15:35:50,040 - DEBUG - Yuxi - 步骤 2 最终输出 (不含答案): status='answering', score=0.0
2025-06-02 15:35:50,041 - DEBUG - Yuxi - 
--- 处理步骤 3 ---
2025-06-02 15:35:50,041 - DEBUG - Yuxi - 步骤 3: 不匹配 record.current_step_id (2)，设置为 pending, score=0.0。
2025-06-02 15:35:50,041 - DEBUG - Yuxi - 步骤 3 最终输出 (不含答案): status='pending', score=0.0
2025-06-02 15:35:50,041 - INFO - Yuxi - 用户 小谢 获取实验 1 的最新记录详情成功，记录ID: 6
2025-06-02 15:35:51,810 - DEBUG - Yuxi - 进入 get_experiment_record_details，实验ID: 1, 用户ID: 3
2025-06-02 15:35:51,813 - DEBUG - Yuxi - 实验 1 共有 3 个步骤。
2025-06-02 15:35:51,813 - INFO - Yuxi - 用户 小谢 在实验 1 找到最新记录: ID=6, 整体状态=in_progress, 当前步骤ID=2
2025-06-02 15:35:51,813 - DEBUG - Yuxi - 
--- 处理步骤 1 ---
2025-06-02 15:35:51,813 - DEBUG - Yuxi - 步骤 1: 不匹配 record.current_step_id (2)，设置为 pending, score=0.0。
2025-06-02 15:35:51,813 - DEBUG - Yuxi - 步骤 1 最终输出 (不含答案): status='pending', score=0.0
2025-06-02 15:35:51,813 - DEBUG - Yuxi - 
--- 处理步骤 2 ---
2025-06-02 15:35:51,813 - DEBUG - Yuxi - 步骤 2: 匹配 record.current_step_id 且 record.status 为 IN_PROGRESS，设置为 answering, score=0.0。
2025-06-02 15:35:51,813 - DEBUG - Yuxi - 步骤 2 最终输出 (不含答案): status='answering', score=0.0
2025-06-02 15:35:51,813 - DEBUG - Yuxi - 
--- 处理步骤 3 ---
2025-06-02 15:35:51,813 - DEBUG - Yuxi - 步骤 3: 不匹配 record.current_step_id (2)，设置为 pending, score=0.0。
2025-06-02 15:35:51,813 - DEBUG - Yuxi - 步骤 3 最终输出 (不含答案): status='pending', score=0.0
2025-06-02 15:35:51,813 - INFO - Yuxi - 用户 小谢 获取实验 1 的最新记录详情成功，记录ID: 6
