2025-05-30 14:05:48,238 - INFO - Yuxi - Loading config from saves\config\base.yaml
2025-05-30 14:05:48,763 - INFO - Yuxi - Database tables created/checked
2025-05-30 14:05:50,445 - DEBUG - Yuxi - 图数据库信息文件不存在：saves\knowledge_graph\neo4j\graph_info.json
2025-05-30 14:05:50,446 - DEBUG - Yuxi - 创建新的图数据库配置
2025-05-30 14:05:54,634 - INFO - Yuxi - WebSearcher initialized with Tavily client
2025-05-30 14:06:24,911 - ERROR - Yuxi - 获取数据库列表失败 知识库未启用, Traceback (most recent call last):
  File "E:\source\PycharmProject\LabClass\server\routers\data_router.py", line 17, in get_databases
    database = knowledge_base.get_databases()
               ^^^^^^^^^^^^^^^^^^^^^^^^^^^^^^
  File "E:\source\PycharmProject\LabClass\src\core\knowledgebase.py", line 295, in get_databases
    assert config.enable_knowledge_base, "知识库未启用"
           ^^^^^^^^^^^^^^^^^^^^^^^^^^^^
AssertionError: 知识库未启用

2025-05-30 14:06:29,158 - ERROR - Yuxi - 获取数据库列表失败 知识库未启用, Traceback (most recent call last):
  File "E:\source\PycharmProject\LabClass\server\routers\data_router.py", line 17, in get_databases
    database = knowledge_base.get_databases()
               ^^^^^^^^^^^^^^^^^^^^^^^^^^^^^^
  File "E:\source\PycharmProject\LabClass\src\core\knowledgebase.py", line 295, in get_databases
    assert config.enable_knowledge_base, "知识库未启用"
           ^^^^^^^^^^^^^^^^^^^^^^^^^^^^
AssertionError: 知识库未启用

2025-05-30 14:06:29,984 - ERROR - Yuxi - 获取数据库列表失败 知识库未启用, Traceback (most recent call last):
  File "E:\source\PycharmProject\LabClass\server\routers\data_router.py", line 17, in get_databases
    database = knowledge_base.get_databases()
               ^^^^^^^^^^^^^^^^^^^^^^^^^^^^^^
  File "E:\source\PycharmProject\LabClass\src\core\knowledgebase.py", line 295, in get_databases
    assert config.enable_knowledge_base, "知识库未启用"
           ^^^^^^^^^^^^^^^^^^^^^^^^^^^^
AssertionError: 知识库未启用

2025-05-30 14:06:45,311 - INFO - Yuxi - 用户 admin 获取实验 1 的记录详情，记录ID: 1
2025-05-30 14:10:11,875 - INFO - Yuxi - 用户 admin 继续实验 基于agent的视觉推理实验，更新当前步骤ID为: 1
2025-05-30 14:10:13,351 - INFO - Yuxi - 用户 admin 获取实验 1 的记录详情，记录ID: 1
2025-05-30 14:10:33,641 - INFO - Yuxi - 用户 admin 获取实验 1 的记录详情，记录ID: 1
