2025-06-02 11:14:40,264 - INFO - Yuxi - Loading config from saves\config\base.yaml
2025-06-02 11:14:40,826 - INFO - Yuxi - Database tables created/checked
2025-06-02 11:14:42,818 - DEBUG - Yuxi - 图数据库信息文件不存在：saves\knowledge_graph\neo4j\graph_info.json
2025-06-02 11:14:42,818 - DEBUG - Yuxi - 创建新的图数据库配置
2025-06-02 11:14:47,475 - INFO - Yuxi - WebSearcher initialized with Tavily client
2025-06-02 11:15:11,934 - ERROR - Yuxi - 获取数据库列表失败 知识库未启用, Traceback (most recent call last):
  File "E:\source\PycharmProject\LabClass\server\routers\data_router.py", line 17, in get_databases
    database = knowledge_base.get_databases()
               ^^^^^^^^^^^^^^^^^^^^^^^^^^^^^^
  File "E:\source\PycharmProject\LabClass\src\core\knowledgebase.py", line 295, in get_databases
    assert config.enable_knowledge_base, "知识库未启用"
           ^^^^^^^^^^^^^^^^^^^^^^^^^^^^
AssertionError: 知识库未启用

2025-06-02 11:15:16,503 - DEBUG - Yuxi - 进入 get_experiment_record_details，实验ID: 1, 用户ID: 1
2025-06-02 11:15:16,508 - DEBUG - Yuxi - 实验 1 共有 3 个步骤。
2025-06-02 11:15:16,508 - INFO - Yuxi - 用户 admin 在实验 1 找到最新记录: ID=1, 整体状态=in_progress, 当前步骤ID=3
2025-06-02 11:15:16,508 - DEBUG - Yuxi - 
--- 处理步骤 1 ---
2025-06-02 11:15:16,508 - DEBUG - Yuxi - 步骤 1: 不匹配 record.current_step_id (3)，设置为 pending, score=0.0。
2025-06-02 11:15:16,509 - DEBUG - Yuxi - 步骤 1 最终输出 (不含答案): status='pending', score=0.0
2025-06-02 11:15:16,509 - DEBUG - Yuxi - 
--- 处理步骤 2 ---
2025-06-02 11:15:16,509 - DEBUG - Yuxi - 步骤 2: 不匹配 record.current_step_id (3)，设置为 pending, score=0.0。
2025-06-02 11:15:16,509 - DEBUG - Yuxi - 步骤 2 最终输出 (不含答案): status='pending', score=0.0
2025-06-02 11:15:16,509 - DEBUG - Yuxi - 
--- 处理步骤 3 ---
2025-06-02 11:15:16,509 - DEBUG - Yuxi - 步骤 3: 匹配 record.current_step_id 且 record.status 为 IN_PROGRESS，设置为 answering, score=0.0。
2025-06-02 11:15:16,509 - DEBUG - Yuxi - 步骤 3 最终输出 (不含答案): status='answering', score=20.0
2025-06-02 11:15:16,509 - INFO - Yuxi - 用户 admin 获取实验 1 的最新记录详情成功，记录ID: 1
2025-06-02 11:15:22,975 - DEBUG - Yuxi - 进入 get_experiment_record_details，实验ID: 1, 用户ID: 1
2025-06-02 11:15:22,977 - DEBUG - Yuxi - 实验 1 共有 3 个步骤。
2025-06-02 11:15:22,977 - INFO - Yuxi - 用户 admin 在实验 1 找到最新记录: ID=1, 整体状态=in_progress, 当前步骤ID=3
2025-06-02 11:15:22,977 - DEBUG - Yuxi - 
--- 处理步骤 1 ---
2025-06-02 11:15:22,977 - DEBUG - Yuxi - 步骤 1: 不匹配 record.current_step_id (3)，设置为 pending, score=0.0。
2025-06-02 11:15:22,977 - DEBUG - Yuxi - 步骤 1 最终输出 (不含答案): status='pending', score=0.0
2025-06-02 11:15:22,977 - DEBUG - Yuxi - 
--- 处理步骤 2 ---
2025-06-02 11:15:22,977 - DEBUG - Yuxi - 步骤 2: 不匹配 record.current_step_id (3)，设置为 pending, score=0.0。
2025-06-02 11:15:22,977 - DEBUG - Yuxi - 步骤 2 最终输出 (不含答案): status='pending', score=0.0
2025-06-02 11:15:22,977 - DEBUG - Yuxi - 
--- 处理步骤 3 ---
2025-06-02 11:15:22,977 - DEBUG - Yuxi - 步骤 3: 匹配 record.current_step_id 且 record.status 为 IN_PROGRESS，设置为 answering, score=0.0。
2025-06-02 11:15:22,977 - DEBUG - Yuxi - 步骤 3 最终输出 (不含答案): status='answering', score=20.0
2025-06-02 11:15:22,977 - INFO - Yuxi - 用户 admin 获取实验 1 的最新记录详情成功，记录ID: 1
2025-06-02 11:15:27,204 - INFO - Yuxi - 用户 admin 继续实验 基于agent的视觉推理实验，更新当前步骤ID为: 1
2025-06-02 11:15:28,811 - DEBUG - Yuxi - 进入 get_experiment_record_details，实验ID: 1, 用户ID: 1
2025-06-02 11:15:28,812 - DEBUG - Yuxi - 实验 1 共有 3 个步骤。
2025-06-02 11:15:28,812 - INFO - Yuxi - 用户 admin 在实验 1 找到最新记录: ID=1, 整体状态=in_progress, 当前步骤ID=1
2025-06-02 11:15:28,812 - DEBUG - Yuxi - 
--- 处理步骤 1 ---
2025-06-02 11:15:28,812 - DEBUG - Yuxi - 步骤 1: 匹配 record.current_step_id 且 record.status 为 IN_PROGRESS，设置为 answering, score=0.0。
2025-06-02 11:15:28,812 - DEBUG - Yuxi - 步骤 1 最终输出 (不含答案): status='answering', score=20.0
2025-06-02 11:15:28,812 - DEBUG - Yuxi - 
--- 处理步骤 2 ---
2025-06-02 11:15:28,812 - DEBUG - Yuxi - 步骤 2: 不匹配 record.current_step_id (1)，设置为 pending, score=0.0。
2025-06-02 11:15:28,812 - DEBUG - Yuxi - 步骤 2 最终输出 (不含答案): status='pending', score=0.0
2025-06-02 11:15:28,813 - DEBUG - Yuxi - 
--- 处理步骤 3 ---
2025-06-02 11:15:28,813 - DEBUG - Yuxi - 步骤 3: 不匹配 record.current_step_id (1)，设置为 pending, score=0.0。
2025-06-02 11:15:28,813 - DEBUG - Yuxi - 步骤 3 最终输出 (不含答案): status='pending', score=0.0
2025-06-02 11:15:28,813 - INFO - Yuxi - 用户 admin 获取实验 1 的最新记录详情成功，记录ID: 1
2025-06-02 11:15:29,917 - DEBUG - Yuxi - 进入 get_experiment_record_details，实验ID: 1, 用户ID: 1
2025-06-02 11:15:29,918 - DEBUG - Yuxi - 实验 1 共有 3 个步骤。
2025-06-02 11:15:29,918 - INFO - Yuxi - 用户 admin 在实验 1 找到最新记录: ID=1, 整体状态=in_progress, 当前步骤ID=1
2025-06-02 11:15:29,918 - DEBUG - Yuxi - 
--- 处理步骤 1 ---
2025-06-02 11:15:29,918 - DEBUG - Yuxi - 步骤 1: 匹配 record.current_step_id 且 record.status 为 IN_PROGRESS，设置为 answering, score=0.0。
2025-06-02 11:15:29,919 - DEBUG - Yuxi - 步骤 1 最终输出 (不含答案): status='answering', score=20.0
2025-06-02 11:15:29,919 - DEBUG - Yuxi - 
--- 处理步骤 2 ---
2025-06-02 11:15:29,919 - DEBUG - Yuxi - 步骤 2: 不匹配 record.current_step_id (1)，设置为 pending, score=0.0。
2025-06-02 11:15:29,919 - DEBUG - Yuxi - 步骤 2 最终输出 (不含答案): status='pending', score=0.0
2025-06-02 11:15:29,919 - DEBUG - Yuxi - 
--- 处理步骤 3 ---
2025-06-02 11:15:29,919 - DEBUG - Yuxi - 步骤 3: 不匹配 record.current_step_id (1)，设置为 pending, score=0.0。
2025-06-02 11:15:29,919 - DEBUG - Yuxi - 步骤 3 最终输出 (不含答案): status='pending', score=0.0
2025-06-02 11:15:29,919 - INFO - Yuxi - 用户 admin 获取实验 1 的最新记录详情成功，记录ID: 1
