2025-06-15 16:21:21,607 - INFO - XiDian - Loading config from saves\config\base.yaml
2025-06-15 16:21:22,190 - INFO - XiDian - Database tables created/checked
2025-06-15 16:21:24,789 - DEBUG - XiDian - Loading embedding model siliconflow/BAAI/bge-m3
2025-06-15 16:21:24,856 - INFO - XiDian - Successfully connected to Milvus at http://localhost:19530
2025-06-15 16:21:24,857 - DEBUG - XiDian - 图数据库信息文件不存在：saves\knowledge_graph\neo4j\graph_info.json
2025-06-15 16:21:24,857 - DEBUG - XiDian - 创建新的图数据库配置
2025-06-15 16:21:28,975 - INFO - XiDian - WebSearcher initialized with Tavily client
2025-06-15 16:21:29,601 - INFO - XiDian - 管理员 admin 请求获取活动日志统计。
2025-06-15 16:21:29,604 - DEBUG - XiDian - OperationLog 表的总行数: 1052
2025-06-15 16:21:29,604 - DEBUG - XiDian - 当前Python本地时间: 2025-06-15 16:21:29.604320
2025-06-15 16:21:29,604 - DEBUG - XiDian - 当前Python UTC时间: 2025-06-15 08:21:29.604320
2025-06-15 16:21:29,604 - DEBUG - XiDian - 当前Python本地时区: 中国标准时间
2025-06-15 16:21:29,610 - DEBUG - XiDian - 直接从数据库获取所有 OperationLog 记录数: 1052
2025-06-15 16:21:29,613 - DEBUG - XiDian - Python 内存中按本地日期聚合后的结果: {'2025-06-04': {'total_operations': 16, 'registration_count': 4}, '2025-06-06': {'total_operations': 226, 'registration_count': 0}, '2025-06-07': {'total_operations': 206, 'registration_count': 0}, '2025-06-08': {'total_operations': 5, 'registration_count': 0}, '2025-06-10': {'total_operations': 594, 'registration_count': 0}, '2025-06-14': {'total_operations': 1, 'registration_count': 0}, '2025-06-15': {'total_operations': 4, 'registration_count': 0}}
2025-06-15 16:21:29,613 - DEBUG - XiDian - Python 内存中聚合到的本地天数: 7
2025-06-15 16:44:46,564 - DEBUG - XiDian - 进入 get_experiment_record_details，整体实验ID: 1, 用户ID: 11
2025-06-15 16:44:46,570 - DEBUG - XiDian - 实验 1 共有 10 个步骤。
2025-06-15 16:44:46,573 - DEBUG - XiDian - 步骤 1: 未找到对应记录，默认为 'pending', 分数 0.0
2025-06-15 16:44:46,573 - DEBUG - XiDian - 步骤 2: 未找到对应记录，默认为 'pending', 分数 0.0
2025-06-15 16:44:46,573 - DEBUG - XiDian - 步骤 3: 找到记录 7，状态 'completed', 分数 40.0
2025-06-15 16:44:46,574 - DEBUG - XiDian - 步骤 4: 未找到对应记录，默认为 'pending', 分数 0.0
2025-06-15 16:44:46,574 - DEBUG - XiDian - 步骤 5: 未找到对应记录，默认为 'pending', 分数 0.0
2025-06-15 16:44:46,574 - DEBUG - XiDian - 步骤 6: 找到记录 6，状态 'in_progress', 分数 0.0
2025-06-15 16:44:46,574 - DEBUG - XiDian - 步骤 7: 未找到对应记录，默认为 'pending', 分数 0.0
2025-06-15 16:44:46,575 - DEBUG - XiDian - 步骤 8: 未找到对应记录，默认为 'pending', 分数 0.0
2025-06-15 16:44:46,575 - DEBUG - XiDian - 步骤 9: 未找到对应记录，默认为 'pending', 分数 0.0
2025-06-15 16:44:46,575 - DEBUG - XiDian - 步骤 10: 未找到对应记录，默认为 'pending', 分数 0.0
2025-06-15 16:44:54,191 - INFO - XiDian - 用户 7 继续进行中的步骤 6 (记录 6)。
2025-06-15 16:44:54,198 - DEBUG - XiDian - 进入 get_experiment_record_details，整体实验ID: 1, 用户ID: 11
2025-06-15 16:44:54,200 - DEBUG - XiDian - 实验 1 共有 10 个步骤。
2025-06-15 16:44:54,205 - DEBUG - XiDian - 步骤 1: 未找到对应记录，默认为 'pending', 分数 0.0
2025-06-15 16:44:54,205 - DEBUG - XiDian - 步骤 2: 未找到对应记录，默认为 'pending', 分数 0.0
2025-06-15 16:44:54,207 - DEBUG - XiDian - 步骤 3: 找到记录 7，状态 'completed', 分数 40.0
2025-06-15 16:44:54,207 - DEBUG - XiDian - 步骤 4: 未找到对应记录，默认为 'pending', 分数 0.0
2025-06-15 16:44:54,207 - DEBUG - XiDian - 步骤 5: 未找到对应记录，默认为 'pending', 分数 0.0
2025-06-15 16:44:54,207 - DEBUG - XiDian - 步骤 6: 找到记录 6，状态 'in_progress', 分数 0.0
2025-06-15 16:44:54,207 - DEBUG - XiDian - 步骤 7: 未找到对应记录，默认为 'pending', 分数 0.0
2025-06-15 16:44:54,207 - DEBUG - XiDian - 步骤 8: 未找到对应记录，默认为 'pending', 分数 0.0
2025-06-15 16:44:54,208 - DEBUG - XiDian - 步骤 9: 未找到对应记录，默认为 'pending', 分数 0.0
2025-06-15 16:44:54,208 - DEBUG - XiDian - 步骤 10: 未找到对应记录，默认为 'pending', 分数 0.0
2025-06-15 16:46:50,732 - DEBUG - XiDian - 进入 get_experiment_record_details，整体实验ID: 1, 用户ID: 11
2025-06-15 16:46:50,734 - DEBUG - XiDian - 实验 1 共有 10 个步骤。
2025-06-15 16:46:50,736 - DEBUG - XiDian - 步骤 1: 未找到对应记录，默认为 'pending', 分数 0.0
2025-06-15 16:46:50,736 - DEBUG - XiDian - 步骤 2: 未找到对应记录，默认为 'pending', 分数 0.0
2025-06-15 16:46:50,736 - DEBUG - XiDian - 步骤 3: 找到记录 7，状态 'completed', 分数 40.0
2025-06-15 16:46:50,736 - DEBUG - XiDian - 步骤 4: 未找到对应记录，默认为 'pending', 分数 0.0
2025-06-15 16:46:50,737 - DEBUG - XiDian - 步骤 5: 未找到对应记录，默认为 'pending', 分数 0.0
2025-06-15 16:46:50,737 - DEBUG - XiDian - 步骤 6: 找到记录 6，状态 'in_progress', 分数 0.0
2025-06-15 16:46:50,737 - DEBUG - XiDian - 步骤 7: 未找到对应记录，默认为 'pending', 分数 0.0
2025-06-15 16:46:50,737 - DEBUG - XiDian - 步骤 8: 未找到对应记录，默认为 'pending', 分数 0.0
2025-06-15 16:46:50,737 - DEBUG - XiDian - 步骤 9: 未找到对应记录，默认为 'pending', 分数 0.0
2025-06-15 16:46:50,737 - DEBUG - XiDian - 步骤 10: 未找到对应记录，默认为 'pending', 分数 0.0
2025-06-15 16:46:57,153 - INFO - XiDian - 用户 7 首次开始实验 1 的步骤 7，创建新记录: 8
2025-06-15 16:46:57,161 - DEBUG - XiDian - 进入 get_experiment_record_details，整体实验ID: 1, 用户ID: 11
2025-06-15 16:46:57,172 - DEBUG - XiDian - 实验 1 共有 10 个步骤。
2025-06-15 16:46:57,173 - DEBUG - XiDian - 步骤 1: 未找到对应记录，默认为 'pending', 分数 0.0
2025-06-15 16:46:57,174 - DEBUG - XiDian - 步骤 2: 未找到对应记录，默认为 'pending', 分数 0.0
2025-06-15 16:46:57,174 - DEBUG - XiDian - 步骤 3: 找到记录 7，状态 'completed', 分数 40.0
2025-06-15 16:46:57,174 - DEBUG - XiDian - 步骤 4: 未找到对应记录，默认为 'pending', 分数 0.0
2025-06-15 16:46:57,174 - DEBUG - XiDian - 步骤 5: 未找到对应记录，默认为 'pending', 分数 0.0
2025-06-15 16:46:57,175 - DEBUG - XiDian - 步骤 6: 找到记录 6，状态 'in_progress', 分数 0.0
2025-06-15 16:46:57,175 - DEBUG - XiDian - 步骤 7: 找到记录 8，状态 'in_progress', 分数 0.0
2025-06-15 16:46:57,175 - DEBUG - XiDian - 步骤 8: 未找到对应记录，默认为 'pending', 分数 0.0
2025-06-15 16:46:57,175 - DEBUG - XiDian - 步骤 9: 未找到对应记录，默认为 'pending', 分数 0.0
2025-06-15 16:46:57,176 - DEBUG - XiDian - 步骤 10: 未找到对应记录，默认为 'pending', 分数 0.0
2025-06-15 16:49:37,951 - INFO - XiDian - 用户 7 请求完成实验步骤记录，数据: {'user_id': 11, 'experiment_id': 1, 'current_step_id': 7, 'score': 40.0}
2025-06-15 16:49:37,966 - INFO - XiDian - 用户 7 成功完成实验步骤记录 8 (步骤: 7)，得分: 40.0
2025-06-15 16:49:42,671 - DEBUG - XiDian - 进入 get_experiment_record_details，整体实验ID: 1, 用户ID: 11
2025-06-15 16:49:42,673 - DEBUG - XiDian - 实验 1 共有 10 个步骤。
2025-06-15 16:49:42,675 - DEBUG - XiDian - 步骤 1: 未找到对应记录，默认为 'pending', 分数 0.0
2025-06-15 16:49:42,677 - DEBUG - XiDian - 步骤 2: 未找到对应记录，默认为 'pending', 分数 0.0
2025-06-15 16:49:42,678 - DEBUG - XiDian - 步骤 3: 找到记录 7，状态 'completed', 分数 40.0
2025-06-15 16:49:42,679 - DEBUG - XiDian - 步骤 4: 未找到对应记录，默认为 'pending', 分数 0.0
2025-06-15 16:49:42,679 - DEBUG - XiDian - 步骤 5: 未找到对应记录，默认为 'pending', 分数 0.0
2025-06-15 16:49:42,679 - DEBUG - XiDian - 步骤 6: 找到记录 6，状态 'in_progress', 分数 0.0
2025-06-15 16:49:42,680 - DEBUG - XiDian - 步骤 7: 找到记录 8，状态 'completed', 分数 40.0
2025-06-15 16:49:42,680 - DEBUG - XiDian - 步骤 8: 未找到对应记录，默认为 'pending', 分数 0.0
2025-06-15 16:49:42,681 - DEBUG - XiDian - 步骤 9: 未找到对应记录，默认为 'pending', 分数 0.0
2025-06-15 16:49:42,681 - DEBUG - XiDian - 步骤 10: 未找到对应记录，默认为 'pending', 分数 0.0
2025-06-15 16:50:49,306 - INFO - XiDian - 用户 7 首次开始实验 1 的步骤 9，创建新记录: 9
2025-06-15 16:50:49,317 - DEBUG - XiDian - 进入 get_experiment_record_details，整体实验ID: 1, 用户ID: 11
2025-06-15 16:50:49,319 - DEBUG - XiDian - 实验 1 共有 10 个步骤。
2025-06-15 16:50:49,320 - DEBUG - XiDian - 步骤 1: 未找到对应记录，默认为 'pending', 分数 0.0
2025-06-15 16:50:49,320 - DEBUG - XiDian - 步骤 2: 未找到对应记录，默认为 'pending', 分数 0.0
2025-06-15 16:50:49,320 - DEBUG - XiDian - 步骤 3: 找到记录 7，状态 'completed', 分数 40.0
2025-06-15 16:50:49,320 - DEBUG - XiDian - 步骤 4: 未找到对应记录，默认为 'pending', 分数 0.0
2025-06-15 16:50:49,321 - DEBUG - XiDian - 步骤 5: 未找到对应记录，默认为 'pending', 分数 0.0
2025-06-15 16:50:49,321 - DEBUG - XiDian - 步骤 6: 找到记录 6，状态 'in_progress', 分数 0.0
2025-06-15 16:50:49,321 - DEBUG - XiDian - 步骤 7: 找到记录 8，状态 'completed', 分数 40.0
2025-06-15 16:50:49,321 - DEBUG - XiDian - 步骤 8: 未找到对应记录，默认为 'pending', 分数 0.0
2025-06-15 16:50:49,321 - DEBUG - XiDian - 步骤 9: 找到记录 9，状态 'in_progress', 分数 0.0
2025-06-15 16:50:49,321 - DEBUG - XiDian - 步骤 10: 未找到对应记录，默认为 'pending', 分数 0.0
2025-06-15 16:50:51,489 - DEBUG - XiDian - 进入 get_experiment_record_details，整体实验ID: 1, 用户ID: 11
2025-06-15 16:50:51,492 - DEBUG - XiDian - 实验 1 共有 10 个步骤。
2025-06-15 16:50:51,495 - DEBUG - XiDian - 步骤 1: 未找到对应记录，默认为 'pending', 分数 0.0
2025-06-15 16:50:51,495 - DEBUG - XiDian - 步骤 2: 未找到对应记录，默认为 'pending', 分数 0.0
2025-06-15 16:50:51,495 - DEBUG - XiDian - 步骤 3: 找到记录 7，状态 'completed', 分数 40.0
2025-06-15 16:50:51,496 - DEBUG - XiDian - 步骤 4: 未找到对应记录，默认为 'pending', 分数 0.0
2025-06-15 16:50:51,496 - DEBUG - XiDian - 步骤 5: 未找到对应记录，默认为 'pending', 分数 0.0
2025-06-15 16:50:51,497 - DEBUG - XiDian - 步骤 6: 找到记录 6，状态 'in_progress', 分数 0.0
2025-06-15 16:50:51,498 - DEBUG - XiDian - 步骤 7: 找到记录 8，状态 'completed', 分数 40.0
2025-06-15 16:50:51,498 - DEBUG - XiDian - 步骤 8: 未找到对应记录，默认为 'pending', 分数 0.0
2025-06-15 16:50:51,499 - DEBUG - XiDian - 步骤 9: 找到记录 9，状态 'in_progress', 分数 0.0
2025-06-15 16:50:51,499 - DEBUG - XiDian - 步骤 10: 未找到对应记录，默认为 'pending', 分数 0.0
2025-06-15 16:51:45,691 - INFO - XiDian - 用户 7 首次开始实验 1 的步骤 10，创建新记录: 10
2025-06-15 16:51:45,698 - DEBUG - XiDian - 进入 get_experiment_record_details，整体实验ID: 1, 用户ID: 11
2025-06-15 16:51:45,700 - DEBUG - XiDian - 实验 1 共有 10 个步骤。
2025-06-15 16:51:45,700 - DEBUG - XiDian - 步骤 1: 未找到对应记录，默认为 'pending', 分数 0.0
2025-06-15 16:51:45,700 - DEBUG - XiDian - 步骤 2: 未找到对应记录，默认为 'pending', 分数 0.0
2025-06-15 16:51:45,700 - DEBUG - XiDian - 步骤 3: 找到记录 7，状态 'completed', 分数 40.0
2025-06-15 16:51:45,700 - DEBUG - XiDian - 步骤 4: 未找到对应记录，默认为 'pending', 分数 0.0
2025-06-15 16:51:45,700 - DEBUG - XiDian - 步骤 5: 未找到对应记录，默认为 'pending', 分数 0.0
2025-06-15 16:51:45,700 - DEBUG - XiDian - 步骤 6: 找到记录 6，状态 'in_progress', 分数 0.0
2025-06-15 16:51:45,701 - DEBUG - XiDian - 步骤 7: 找到记录 8，状态 'completed', 分数 40.0
2025-06-15 16:51:45,701 - DEBUG - XiDian - 步骤 8: 未找到对应记录，默认为 'pending', 分数 0.0
2025-06-15 16:51:45,701 - DEBUG - XiDian - 步骤 9: 找到记录 9，状态 'in_progress', 分数 0.0
2025-06-15 16:51:45,701 - DEBUG - XiDian - 步骤 10: 找到记录 10，状态 'in_progress', 分数 0.0
2025-06-15 16:51:47,801 - DEBUG - XiDian - 进入 get_experiment_record_details，整体实验ID: 1, 用户ID: 11
2025-06-15 16:51:47,802 - DEBUG - XiDian - 实验 1 共有 10 个步骤。
2025-06-15 16:51:47,803 - DEBUG - XiDian - 步骤 1: 未找到对应记录，默认为 'pending', 分数 0.0
2025-06-15 16:51:47,803 - DEBUG - XiDian - 步骤 2: 未找到对应记录，默认为 'pending', 分数 0.0
2025-06-15 16:51:47,803 - DEBUG - XiDian - 步骤 3: 找到记录 7，状态 'completed', 分数 40.0
2025-06-15 16:51:47,803 - DEBUG - XiDian - 步骤 4: 未找到对应记录，默认为 'pending', 分数 0.0
2025-06-15 16:51:47,803 - DEBUG - XiDian - 步骤 5: 未找到对应记录，默认为 'pending', 分数 0.0
2025-06-15 16:51:47,803 - DEBUG - XiDian - 步骤 6: 找到记录 6，状态 'in_progress', 分数 0.0
2025-06-15 16:51:47,803 - DEBUG - XiDian - 步骤 7: 找到记录 8，状态 'completed', 分数 40.0
2025-06-15 16:51:47,803 - DEBUG - XiDian - 步骤 8: 未找到对应记录，默认为 'pending', 分数 0.0
2025-06-15 16:51:47,803 - DEBUG - XiDian - 步骤 9: 找到记录 9，状态 'in_progress', 分数 0.0
2025-06-15 16:51:47,803 - DEBUG - XiDian - 步骤 10: 找到记录 10，状态 'in_progress', 分数 0.0
