2025-06-03 17:26:42,598 - INFO - Yuxi - Loading config from saves\config\base.yaml
2025-06-03 17:26:43,110 - INFO - Yuxi - Database tables created/checked
2025-06-03 17:26:44,827 - DEBUG - Yuxi - 图数据库信息文件不存在：saves\knowledge_graph\neo4j\graph_info.json
2025-06-03 17:26:44,827 - DEBUG - Yuxi - 创建新的图数据库配置
2025-06-03 17:26:49,029 - INFO - Yuxi - WebSearcher initialized with Tavily client
2025-06-03 17:28:06,933 - DEBUG - Yuxi - 进入 get_experiment_record_details，整体实验ID: 1, 用户ID: 1
2025-06-03 17:28:06,936 - DEBUG - Yuxi - 实验 1 共有 3 个步骤。
2025-06-03 17:28:06,938 - DEBUG - Yuxi - 步骤 1: 找到记录 1，状态 'completed', 分数 95.0
2025-06-03 17:28:06,940 - DEBUG - Yuxi - 步骤 2: 未找到对应记录，默认为 'pending', 分数 0.0
2025-06-03 17:28:06,940 - DEBUG - Yuxi - 步骤 3: 未找到对应记录，默认为 'pending', 分数 0.0
2025-06-03 17:28:13,156 - INFO - Yuxi - 用户 admin 首次开始实验 1 的步骤 2，创建新记录: 2
2025-06-03 17:28:14,508 - DEBUG - Yuxi - 进入 get_experiment_record_details，整体实验ID: 1, 用户ID: 1
2025-06-03 17:28:14,509 - DEBUG - Yuxi - 实验 1 共有 3 个步骤。
2025-06-03 17:28:14,509 - DEBUG - Yuxi - 步骤 1: 找到记录 1，状态 'completed', 分数 95.0
2025-06-03 17:28:14,510 - DEBUG - Yuxi - 步骤 2: 找到记录 2，状态 'in_progress', 分数 0.0
2025-06-03 17:28:14,510 - DEBUG - Yuxi - 步骤 3: 未找到对应记录，默认为 'pending', 分数 0.0
2025-06-03 17:28:15,257 - DEBUG - Yuxi - 进入 get_experiment_record_details，整体实验ID: 1, 用户ID: 1
2025-06-03 17:28:15,258 - DEBUG - Yuxi - 实验 1 共有 3 个步骤。
2025-06-03 17:28:15,258 - DEBUG - Yuxi - 步骤 1: 找到记录 1，状态 'completed', 分数 95.0
2025-06-03 17:28:15,258 - DEBUG - Yuxi - 步骤 2: 找到记录 2，状态 'in_progress', 分数 0.0
2025-06-03 17:28:15,260 - DEBUG - Yuxi - 步骤 3: 未找到对应记录，默认为 'pending', 分数 0.0
2025-06-03 17:28:18,291 - INFO - Yuxi - 用户 admin 继续进行中的步骤 2 (记录 2)。
2025-06-03 17:28:19,801 - DEBUG - Yuxi - 进入 get_experiment_record_details，整体实验ID: 1, 用户ID: 1
2025-06-03 17:28:19,803 - DEBUG - Yuxi - 实验 1 共有 3 个步骤。
2025-06-03 17:28:19,804 - DEBUG - Yuxi - 步骤 1: 找到记录 1，状态 'completed', 分数 95.0
2025-06-03 17:28:19,804 - DEBUG - Yuxi - 步骤 2: 找到记录 2，状态 'in_progress', 分数 0.0
2025-06-03 17:28:19,805 - DEBUG - Yuxi - 步骤 3: 未找到对应记录，默认为 'pending', 分数 0.0
2025-06-03 17:28:21,965 - DEBUG - Yuxi - 进入 get_experiment_record_details，整体实验ID: 1, 用户ID: 1
2025-06-03 17:28:21,966 - DEBUG - Yuxi - 实验 1 共有 3 个步骤。
2025-06-03 17:28:21,966 - DEBUG - Yuxi - 步骤 1: 找到记录 1，状态 'completed', 分数 95.0
2025-06-03 17:28:21,967 - DEBUG - Yuxi - 步骤 2: 找到记录 2，状态 'in_progress', 分数 0.0
2025-06-03 17:28:21,967 - DEBUG - Yuxi - 步骤 3: 未找到对应记录，默认为 'pending', 分数 0.0
2025-06-03 17:30:34,615 - DEBUG - Yuxi - 进入 get_experiment_record_details，整体实验ID: 1, 用户ID: 1
2025-06-03 17:30:34,617 - DEBUG - Yuxi - 实验 1 共有 3 个步骤。
2025-06-03 17:30:34,617 - DEBUG - Yuxi - 步骤 1: 找到记录 1，状态 'completed', 分数 95.0
2025-06-03 17:30:34,617 - DEBUG - Yuxi - 步骤 2: 找到记录 2，状态 'in_progress', 分数 0.0
2025-06-03 17:30:34,617 - DEBUG - Yuxi - 步骤 3: 未找到对应记录，默认为 'pending', 分数 0.0
2025-06-03 17:31:00,411 - DEBUG - Yuxi - 进入 get_experiment_record_details，整体实验ID: 1, 用户ID: 1
2025-06-03 17:31:00,412 - DEBUG - Yuxi - 实验 1 共有 3 个步骤。
2025-06-03 17:31:00,413 - DEBUG - Yuxi - 步骤 1: 找到记录 1，状态 'completed', 分数 95.0
2025-06-03 17:31:00,413 - DEBUG - Yuxi - 步骤 2: 找到记录 2，状态 'in_progress', 分数 0.0
2025-06-03 17:31:00,413 - DEBUG - Yuxi - 步骤 3: 未找到对应记录，默认为 'pending', 分数 0.0
